[    0.000000] Initializing cgroup subsys cpuset
[    0.000000] Initializing cgroup subsys cpu
[    0.000000] Initializing cgroup subsys cpuacct
[    0.000000] Linux version 3.10.0-1160.11.1.rt56.1145.el7.x86_64 (mockbuild@359cb2d94eab4341aa62572f0d86674c) (gcc version 4.8.5 20150623 (Red Hat 4.8.5-44) (GCC) ) #1 SMP PREEMPT RT Thu Jan 7 10:26:34 CET 2021
[    0.000000] Command line: BOOT_IMAGE=/vmlinuz-3.10.0-1160.11.1.rt56.1145.el7.x86_64 root=/dev/mapper/centos-root ro crashkernel=auto spectre_v2=retpoline rd.lvm.lv=centos/root rd.lvm.lv=centos/swap rhgb quiet idle=poll intel_idle.max_cstate=0 processor.max_cstate=1 skew_tick=1
[    0.000000] e820: BIOS-provided physical RAM map:
[    0.000000] BIOS-e820: [mem 0x0000000000000000-0x000000000005dfff] usable
[    0.000000] BIOS-e820: [mem 0x000000000005e000-0x000000000005efff] reserved
[    0.000000] BIOS-e820: [mem 0x000000000005f000-0x000000000009ffff] usable
[    0.000000] BIOS-e820: [mem 0x00000000000a0000-0x00000000000fffff] reserved
[    0.000000] BIOS-e820: [mem 0x0000000000100000-0x000000003fdb2fff] usable
[    0.000000] BIOS-e820: [mem 0x000000003fdb3000-0x000000003fdb3fff] ACPI NVS
[    0.000000] BIOS-e820: [mem 0x000000003fdb4000-0x0000000042b19fff] usable
[    0.000000] BIOS-e820: [mem 0x0000000042b1a000-0x0000000042b1afff] reserved
[    0.000000] BIOS-e820: [mem 0x0000000042b1b000-0x000000008d713fff] usable
[    0.000000] BIOS-e820: [mem 0x000000008d714000-0x000000008e1acfff] reserved
[    0.000000] BIOS-e820: [mem 0x000000008e1ad000-0x000000008e229fff] ACPI data
[    0.000000] BIOS-e820: [mem 0x000000008e22a000-0x000000008e6c3fff] ACPI NVS
[    0.000000] BIOS-e820: [mem 0x000000008e6c4000-0x000000008effefff] reserved
[    0.000000] BIOS-e820: [mem 0x000000008efff000-0x000000008effffff] usable
[    0.000000] BIOS-e820: [mem 0x000000008f000000-0x000000008fffffff] reserved
[    0.000000] BIOS-e820: [mem 0x00000000e0000000-0x00000000efffffff] reserved
[    0.000000] BIOS-e820: [mem 0x00000000fe000000-0x00000000fe010fff] reserved
[    0.000000] BIOS-e820: [mem 0x00000000fec00000-0x00000000fec00fff] reserved
[    0.000000] BIOS-e820: [mem 0x00000000fee00000-0x00000000fee00fff] reserved
[    0.000000] BIOS-e820: [mem 0x00000000ff000000-0x00000000ffffffff] reserved
[    0.000000] BIOS-e820: [mem 0x0000000100000000-0x000000046effffff] usable
[    0.000000] process: using polling idle threads
[    0.000000] NX (Execute Disable) protection: active
[    0.000000] e820: update [mem 0x3dc2d018-0x3dc35057] usable ==> usable
[    0.000000] e820: update [mem 0x3dbfe018-0x3dc2c657] usable ==> usable
[    0.000000] e820: update [mem 0x3dbcf018-0x3dbfd657] usable ==> usable
[    0.000000] extended physical RAM map:
[    0.000000] reserve setup_data: [mem 0x0000000000000000-0x000000000005dfff] usable
[    0.000000] reserve setup_data: [mem 0x000000000005e000-0x000000000005efff] reserved
[    0.000000] reserve setup_data: [mem 0x000000000005f000-0x000000000009ffff] usable
[    0.000000] reserve setup_data: [mem 0x00000000000a0000-0x00000000000fffff] reserved
[    0.000000] reserve setup_data: [mem 0x0000000000100000-0x000000003dbcf017] usable
[    0.000000] reserve setup_data: [mem 0x000000003dbcf018-0x000000003dbfd657] usable
[    0.000000] reserve setup_data: [mem 0x000000003dbfd658-0x000000003dbfe017] usable
[    0.000000] reserve setup_data: [mem 0x000000003dbfe018-0x000000003dc2c657] usable
[    0.000000] reserve setup_data: [mem 0x000000003dc2c658-0x000000003dc2d017] usable
[    0.000000] reserve setup_data: [mem 0x000000003dc2d018-0x000000003dc35057] usable
[    0.000000] reserve setup_data: [mem 0x000000003dc35058-0x000000003fdb2fff] usable
[    0.000000] reserve setup_data: [mem 0x000000003fdb3000-0x000000003fdb3fff] ACPI NVS
[    0.000000] reserve setup_data: [mem 0x000000003fdb4000-0x0000000042b19fff] usable
[    0.000000] reserve setup_data: [mem 0x0000000042b1a000-0x0000000042b1afff] reserved
[    0.000000] reserve setup_data: [mem 0x0000000042b1b000-0x000000008d713fff] usable
[    0.000000] reserve setup_data: [mem 0x000000008d714000-0x000000008e1acfff] reserved
[    0.000000] reserve setup_data: [mem 0x000000008e1ad000-0x000000008e229fff] ACPI data
[    0.000000] reserve setup_data: [mem 0x000000008e22a000-0x000000008e6c3fff] ACPI NVS
[    0.000000] reserve setup_data: [mem 0x000000008e6c4000-0x000000008effefff] reserved
[    0.000000] reserve setup_data: [mem 0x000000008efff000-0x000000008effffff] usable
[    0.000000] reserve setup_data: [mem 0x000000008f000000-0x000000008fffffff] reserved
[    0.000000] reserve setup_data: [mem 0x00000000e0000000-0x00000000efffffff] reserved
[    0.000000] reserve setup_data: [mem 0x00000000fe000000-0x00000000fe010fff] reserved
[    0.000000] reserve setup_data: [mem 0x00000000fec00000-0x00000000fec00fff] reserved
[    0.000000] reserve setup_data: [mem 0x00000000fee00000-0x00000000fee00fff] reserved
[    0.000000] reserve setup_data: [mem 0x00000000ff000000-0x00000000ffffffff] reserved
[    0.000000] reserve setup_data: [mem 0x0000000100000000-0x000000046effffff] usable
[    0.000000] efi: EFI v2.70 by American Megatrends
[    0.000000] efi:  ACPI 2.0=0x8e1c6000  ACPI=0x8e1c6000  SMBIOS=0x8eb1d000  SMBIOS 3.0=0x8eb1c000  MPS=0xfcb80  ESRT=0x85ffd398  MOKvar=0x8ebb6000 
[    0.000000] efi: mem00: type=3, attr=0xf, range=[0x0000000000000000-0x0000000000008000) (0MB)
[    0.000000] efi: mem01: type=2, attr=0xf, range=[0x0000000000008000-0x0000000000009000) (0MB)
[    0.000000] efi: mem02: type=7, attr=0xf, range=[0x0000000000009000-0x000000000005e000) (0MB)
[    0.000000] efi: mem03: type=0, attr=0xf, range=[0x000000000005e000-0x000000000005f000) (0MB)
[    0.000000] efi: mem04: type=3, attr=0xf, range=[0x000000000005f000-0x00000000000a0000) (0MB)
[    0.000000] efi: mem05: type=7, attr=0xf, range=[0x0000000000100000-0x0000000001000000) (15MB)
[    0.000000] efi: mem06: type=2, attr=0xf, range=[0x0000000001000000-0x0000000002d54000) (29MB)
[    0.000000] efi: mem07: type=7, attr=0xf, range=[0x0000000002d54000-0x0000000022f3c000) (513MB)
[    0.000000] efi: mem08: type=2, attr=0xf, range=[0x0000000022f3c000-0x0000000032f6f000) (256MB)
[    0.000000] efi: mem09: type=4, attr=0xf, range=[0x0000000032f6f000-0x0000000032faf000) (0MB)
[    0.000000] efi: mem10: type=7, attr=0xf, range=[0x0000000032faf000-0x000000003dbcf000) (172MB)
[    0.000000] efi: mem11: type=2, attr=0xf, range=[0x000000003dbcf000-0x000000003fa76000) (30MB)
[    0.000000] efi: mem12: type=1, attr=0xf, range=[0x000000003fa76000-0x000000003fb87000) (1MB)
[    0.000000] efi: mem13: type=2, attr=0xf, range=[0x000000003fb87000-0x000000003fc99000) (1MB)
[    0.000000] efi: mem14: type=1, attr=0xf, range=[0x000000003fc99000-0x000000003fdb3000) (1MB)
[    0.000000] efi: mem15: type=10, attr=0xf, range=[0x000000003fdb3000-0x000000003fdb4000) (0MB)
[    0.000000] efi: mem16: type=4, attr=0xf, range=[0x000000003fdb4000-0x00000000400b6000) (3MB)
[    0.000000] efi: mem17: type=3, attr=0xf, range=[0x00000000400b6000-0x00000000400e2000) (0MB)
[    0.000000] efi: mem18: type=4, attr=0xf, range=[0x00000000400e2000-0x000000004011f000) (0MB)
[    0.000000] efi: mem19: type=3, attr=0xf, range=[0x000000004011f000-0x0000000040145000) (0MB)
[    0.000000] efi: mem20: type=4, attr=0xf, range=[0x0000000040145000-0x000000004246d000) (35MB)
[    0.000000] efi: mem21: type=3, attr=0xf, range=[0x000000004246d000-0x000000004247d000) (0MB)
[    0.000000] efi: mem22: type=4, attr=0xf, range=[0x000000004247d000-0x000000004295f000) (4MB)
[    0.000000] efi: mem23: type=3, attr=0xf, range=[0x000000004295f000-0x0000000042963000) (0MB)
[    0.000000] efi: mem24: type=4, attr=0xf, range=[0x0000000042963000-0x0000000042aa2000) (1MB)
[    0.000000] efi: mem25: type=3, attr=0xf, range=[0x0000000042aa2000-0x0000000042aad000) (0MB)
[    0.000000] efi: mem26: type=4, attr=0xf, range=[0x0000000042aad000-0x0000000042ac9000) (0MB)
[    0.000000] efi: mem27: type=3, attr=0xf, range=[0x0000000042ac9000-0x0000000042acd000) (0MB)
[    0.000000] efi: mem28: type=4, attr=0xf, range=[0x0000000042acd000-0x0000000042ad9000) (0MB)
[    0.000000] efi: mem29: type=3, attr=0xf, range=[0x0000000042ad9000-0x0000000042af1000) (0MB)
[    0.000000] efi: mem30: type=4, attr=0xf, range=[0x0000000042af1000-0x0000000042b1a000) (0MB)
[    0.000000] efi: mem31: type=6, attr=0x800000000000000f, range=[0x0000000042b1a000-0x0000000042b1b000) (0MB)
[    0.000000] efi: mem32: type=4, attr=0xf, range=[0x0000000042b1b000-0x0000000042b1c000) (0MB)
[    0.000000] efi: mem33: type=3, attr=0xf, range=[0x0000000042b1c000-0x0000000042b73000) (0MB)
[    0.000000] efi: mem34: type=4, attr=0xf, range=[0x0000000042b73000-0x0000000042b94000) (0MB)
[    0.000000] efi: mem35: type=3, attr=0xf, range=[0x0000000042b94000-0x0000000042b9c000) (0MB)
[    0.000000] efi: mem36: type=4, attr=0xf, range=[0x0000000042b9c000-0x0000000042bb5000) (0MB)
[    0.000000] efi: mem37: type=3, attr=0xf, range=[0x0000000042bb5000-0x0000000042be8000) (0MB)
[    0.000000] efi: mem38: type=4, attr=0xf, range=[0x0000000042be8000-0x0000000042c02000) (0MB)
[    0.000000] efi: mem39: type=3, attr=0xf, range=[0x0000000042c02000-0x0000000042c3a000) (0MB)
[    0.000000] efi: mem40: type=4, attr=0xf, range=[0x0000000042c3a000-0x0000000042f3a000) (3MB)
[    0.000000] efi: mem41: type=3, attr=0xf, range=[0x0000000042f3a000-0x0000000042f5f000) (0MB)
[    0.000000] efi: mem42: type=7, attr=0xf, range=[0x0000000042f5f000-0x0000000042f66000) (0MB)
[    0.000000] efi: mem43: type=2, attr=0xf, range=[0x0000000042f66000-0x0000000042f6e000) (0MB)
[    0.000000] efi: mem44: type=4, attr=0xf, range=[0x0000000042f6e000-0x000000008c24b000) (1170MB)
[    0.000000] efi: mem45: type=7, attr=0xf, range=[0x000000008c24b000-0x000000008c9e0000) (7MB)
[    0.000000] efi: mem46: type=3, attr=0xf, range=[0x000000008c9e0000-0x000000008d714000) (13MB)
[    0.000000] efi: mem47: type=0, attr=0xf, range=[0x000000008d714000-0x000000008e1ad000) (10MB)
[    0.000000] efi: mem48: type=9, attr=0xf, range=[0x000000008e1ad000-0x000000008e22a000) (0MB)
[    0.000000] efi: mem49: type=10, attr=0xf, range=[0x000000008e22a000-0x000000008e6c4000) (4MB)
[    0.000000] efi: mem50: type=6, attr=0x800000000000000f, range=[0x000000008e6c4000-0x000000008ef2b000) (8MB)
[    0.000000] efi: mem51: type=5, attr=0x800000000000000f, range=[0x000000008ef2b000-0x000000008efff000) (0MB)
[    0.000000] efi: mem52: type=4, attr=0xf, range=[0x000000008efff000-0x000000008f000000) (0MB)
[    0.000000] efi: mem53: type=7, attr=0xf, range=[0x0000000100000000-0x000000046f000000) (14064MB)
[    0.000000] efi: mem54: type=0, attr=0x0, range=[0x00000000000a0000-0x0000000000100000) (0MB)
[    0.000000] efi: mem55: type=0, attr=0x0, range=[0x000000008f000000-0x0000000090000000) (16MB)
[    0.000000] efi: mem56: type=11, attr=0x800000000000100d, range=[0x00000000e0000000-0x00000000f0000000) (256MB)
[    0.000000] efi: mem57: type=11, attr=0x8000000000000001, range=[0x00000000fe000000-0x00000000fe011000) (0MB)
[    0.000000] efi: mem58: type=11, attr=0x8000000000000001, range=[0x00000000fec00000-0x00000000fec01000) (0MB)
[    0.000000] efi: mem59: type=11, attr=0x8000000000000001, range=[0x00000000fee00000-0x00000000fee01000) (0MB)
[    0.000000] efi: mem60: type=11, attr=0x800000000000100d, range=[0x00000000ff000000-0x0000000100000000) (16MB)
[    0.000000] esrt: Reserving ESRT space from 0x0000000085ffd398 to 0x0000000085ffd3d0.
[    0.000000] SMBIOS 3.2.0 present.
[    0.000000] DMI: Lenovo ThinkSystem SR250 -[7Y51CTO1WW]-/-[7Y51CTO1WW]-, BIOS -[ISE120C-2.30]- 10/20/2020
[    0.000000] e820: update [mem 0x00000000-0x00000fff] usable ==> reserved
[    0.000000] e820: remove [mem 0x000a0000-0x000fffff] usable
[    0.000000] e820: last_pfn = 0x46f000 max_arch_pfn = 0x400000000
[    0.000000] MTRR default type: write-back
[    0.000000] MTRR fixed ranges enabled:
[    0.000000]   00000-9FFFF write-back
[    0.000000]   A0000-BFFFF uncachable
[    0.000000]   C0000-FFFFF write-protect
[    0.000000] MTRR variable ranges enabled:
[    0.000000]   0 base 00C0000000 mask 7FC0000000 uncachable
[    0.000000]   1 base 00A0000000 mask 7FE0000000 uncachable
[    0.000000]   2 base 0090000000 mask 7FF0000000 uncachable
[    0.000000]   3 base 4000000000 mask 4000000000 uncachable
[    0.000000]   4 disabled
[    0.000000]   5 disabled
[    0.000000]   6 disabled
[    0.000000]   7 disabled
[    0.000000]   8 disabled
[    0.000000]   9 disabled
[    0.000000] PAT configuration [0-7]: WB  WC  UC- UC  WB  WP  UC- UC  
[    0.000000] e820: last_pfn = 0x8f000 max_arch_pfn = 0x400000000
[    0.000000] found SMP MP-table at [mem 0x000fce60-0x000fce6f] mapped at [ffffffffff240e60]
[    0.000000] Base memory trampoline at [ffff8e0680097000] 97000 size 24576
[    0.000000] Using GB pages for direct mapping
[    0.000000] BRK [0x25097f000, 0x25097ffff] PGTABLE
[    0.000000] BRK [0x250980000, 0x250980fff] PGTABLE
[    0.000000] BRK [0x250981000, 0x250981fff] PGTABLE
[    0.000000] BRK [0x250982000, 0x250982fff] PGTABLE
[    0.000000] BRK [0x250983000, 0x250983fff] PGTABLE
[    0.000000] BRK [0x250984000, 0x250984fff] PGTABLE
[    0.000000] BRK [0x250985000, 0x250985fff] PGTABLE
[    0.000000] BRK [0x250986000, 0x250986fff] PGTABLE
[    0.000000] BRK [0x250987000, 0x250987fff] PGTABLE
[    0.000000] BRK [0x250988000, 0x250988fff] PGTABLE
[    0.000000] BRK [0x250989000, 0x250989fff] PGTABLE
[    0.000000] RAMDISK: [mem 0x3dc36000-0x3fa73fff]
[    0.000000] Early table checksum verification disabled
[    0.000000] ACPI: RSDP 000000008e1c6000 00024 (v02 LENOVO)
[    0.000000] ACPI: XSDT 000000008e1c60d0 0011C (v01 LENOVO THINKSYS 00000100 AMI  00010013)
[    0.000000] ACPI: FACP 000000008e201ce0 00114 (v06 LENOVO THINKSYS 00000100 AMI  00010013)
[    0.000000] ACPI: DSDT 000000008e1c6278 3BA68 (v02 LENOVO THINKSYS 00000100 INTL 20160527)
[    0.000000] ACPI: FACS 000000008e6c3f80 00040
[    0.000000] ACPI: APIC 000000008e201df8 00084 (v04 LENOVO THINKSYS 00000100 AMI  00010013)
[    0.000000] ACPI: FPDT 000000008e201e80 00044 (v01 LENOVO THINKSYS 00000100 AMI  00010013)
[    0.000000] ACPI: FIDT 000000008e201ec8 0009C (v01 LENOVO THINKSYS 00000100 AMI  00010013)
[    0.000000] ACPI: MCFG 000000008e201f68 0003C (v01 LENOVO THINKSYS 00000100 MSFT 00000097)
[    0.000000] ACPI: SSDT 000000008e201fa8 01B1C (v02 CpuRef  CpuSsdt 00003000 INTL 20160527)
[    0.000000] ACPI: OEM9 000000008e203ac8 00030 (v01    LNV LNVGYERR 00000003      00000000)
[    0.000000] ACPI: SSDT 000000008e203af8 031C6 (v02 SaSsdt  SaSsdt  00003000 INTL 20160527)
[    0.000000] ACPI: SSDT 000000008e206cc0 0232B (v02 PegSsd  PegSsdt 00001000 INTL 20160527)
[    0.000000] ACPI: HPET 000000008e208ff0 00038 (v01 LENOVO THINKSYS 00000100      01000013)
[    0.000000] ACPI: SSDT 000000008e209028 00FAE (v02 LENOVO Ther_Rvp 00001000 INTL 20160527)
[    0.000000] ACPI: SSDT 000000008e209fd8 008F4 (v02  INTEL xh_mossb 00000000 INTL 20160527)
[    0.000000] ACPI: UEFI 000000008e20a8d0 00042 (v01 LENOVO THINKSYS 00000100      01000013)
[    0.000000] ACPI: SSDT 000000008e20a918 003B5 (v02 LENOVO THINKSYS 00001000 INTL 20160527)
[    0.000000] ACPI: TPM2 000000008e20acd0 00034 (v04 LENOVO THINKSYS 00000100      01000013)
[    0.000000] ACPI: LPIT 000000008e20ad08 00094 (v01 LENOVO THINKSYS 00000100      01000013)
[    0.000000] ACPI: SSDT 000000008e20ada0 027DE (v02 LENOVO PtidDevc 00001000 INTL 20160527)
[    0.000000] ACPI: SSDT 000000008e20d580 014E2 (v02 LENOVO TbtTypeC 00000000 INTL 20160527)
[    0.000000] ACPI: DBGP 000000008e20ea68 00034 (v01 LENOVO THINKSYS 00000100      01000013)
[    0.000000] ACPI: DBG2 000000008e20eaa0 00054 (v00 LENOVO THINKSYS 00000100      01000013)
[    0.000000] ACPI: SSDT 000000008e20eaf8 01B67 (v02 LENOVO UsbCTabl 00001000 INTL 20160527)
[    0.000000] ACPI: SLIC 000000008e210660 00176 (v01 LENOVO THINKSYS 00000100 AMI  00010013)
[    0.000000] ACPI: DMAR 000000008e2107d8 00070 (v01 INTEL  EDK2     00000002      01000013)
[    0.000000] ACPI: SSDT 000000008e210848 00144 (v02 Intel  ADebTabl 00001000 INTL 20160527)
[    0.000000] ACPI: SSDT 000000008e210990 00D8F (v02  INTEL SpsNm    00000002 INTL 20160527)
[    0.000000] ACPI: SSDT 000000008e211720 0021F (v02 LENOVO CDNTABLE 00001000 INTL 20160527)
[    0.000000] ACPI: WSMT 000000008e211940 00028 (v01 LENOVO THINKSYS 00000100 AMI  00010013)
[    0.000000] ACPI: EINJ 000000008e211968 00130 (v01    AMI AMI.EINJ 00000000 AMI. 00000000)
[    0.000000] ACPI: ERST 000000008e211a98 00230 (v01  AMIER AMI.ERST 00000000 AMI. 00000000)
[    0.000000] ACPI: BERT 000000008e211cc8 00030 (v01    AMI AMI.BERT 00000000 AMI. 00000000)
[    0.000000] ACPI: HEST 000000008e211cf8 000A8 (v01    AMI AMI.HEST 00000000 AMI. 00000000)
[    0.000000] ACPI: Local APIC address 0xfee00000
[    0.000000] No NUMA configuration found
[    0.000000] Faking a node at [mem 0x0000000000000000-0x000000046effffff]
[    0.000000] NODE_DATA(0) allocated [mem 0x46efd9000-0x46effffff]
[    0.000000] Reserving 161MB of memory at 640MB for crashkernel (System RAM: 16326MB)
[    0.000000] Zone ranges:
[    0.000000]   DMA      [mem 0x00001000-0x00ffffff]
[    0.000000]   DMA32    [mem 0x01000000-0xffffffff]
[    0.000000]   Normal   [mem 0x100000000-0x46effffff]
[    0.000000] Movable zone start for each node
[    0.000000] Early memory node ranges
[    0.000000]   node   0: [mem 0x00001000-0x0005dfff]
[    0.000000]   node   0: [mem 0x0005f000-0x0009ffff]
[    0.000000]   node   0: [mem 0x00100000-0x3fdb2fff]
[    0.000000]   node   0: [mem 0x3fdb4000-0x42b19fff]
[    0.000000]   node   0: [mem 0x42b1b000-0x8d713fff]
[    0.000000]   node   0: [mem 0x8efff000-0x8effffff]
[    0.000000]   node   0: [mem 0x100000000-0x46effffff]
[    0.000000] Initmem setup node 0 [mem 0x00001000-0x46effffff]
[    0.000000] On node 0 totalpages: 4179633
[    0.000000]   DMA zone: 64 pages used for memmap
[    0.000000]   DMA zone: 24 pages reserved
[    0.000000]   DMA zone: 3998 pages, LIFO batch:0
[    0.000000]   DMA32 zone: 8989 pages used for memmap
[    0.000000]   DMA32 zone: 575251 pages, LIFO batch:31
[    0.000000]   Normal zone: 56256 pages used for memmap
[    0.000000]   Normal zone: 3600384 pages, LIFO batch:31
[    0.000000] ACPI: PM-Timer IO Port: 0x1808
[    0.000000] ACPI: Local APIC address 0xfee00000
[    0.000000] ACPI: LAPIC (acpi_id[0x01] lapic_id[0x00] enabled)
[    0.000000] ACPI: LAPIC (acpi_id[0x02] lapic_id[0x02] enabled)
[    0.000000] ACPI: LAPIC (acpi_id[0x03] lapic_id[0x04] enabled)
[    0.000000] ACPI: LAPIC (acpi_id[0x04] lapic_id[0x06] enabled)
[    0.000000] ACPI: LAPIC_NMI (acpi_id[0x01] high edge lint[0x1])
[    0.000000] ACPI: LAPIC_NMI (acpi_id[0x02] high edge lint[0x1])
[    0.000000] ACPI: LAPIC_NMI (acpi_id[0x03] high edge lint[0x1])
[    0.000000] ACPI: LAPIC_NMI (acpi_id[0x04] high edge lint[0x1])
[    0.000000] ACPI: IOAPIC (id[0x02] address[0xfec00000] gsi_base[0])
[    0.000000] IOAPIC[0]: apic_id 2, version 32, address 0xfec00000, GSI 0-119
[    0.000000] ACPI: INT_SRC_OVR (bus 0 bus_irq 0 global_irq 2 dfl dfl)
[    0.000000] ACPI: INT_SRC_OVR (bus 0 bus_irq 9 global_irq 9 high level)
[    0.000000] ACPI: IRQ0 used by override.
[    0.000000] ACPI: IRQ9 used by override.
[    0.000000] Using ACPI (MADT) for SMP configuration information
[    0.000000] ACPI: HPET id: 0x8086a201 base: 0xfed00000
[    0.000000] smpboot: Allowing 4 CPUs, 0 hotplug CPUs
[    0.000000] PM: Registered nosave memory: [mem 0x0005e000-0x0005efff]
[    0.000000] PM: Registered nosave memory: [mem 0x000a0000-0x000fffff]
[    0.000000] PM: Registered nosave memory: [mem 0x3dbcf000-0x3dbcffff]
[    0.000000] PM: Registered nosave memory: [mem 0x3dbfd000-0x3dbfdfff]
[    0.000000] PM: Registered nosave memory: [mem 0x3dbfe000-0x3dbfefff]
[    0.000000] PM: Registered nosave memory: [mem 0x3dc2c000-0x3dc2cfff]
[    0.000000] PM: Registered nosave memory: [mem 0x3dc2d000-0x3dc2dfff]
[    0.000000] PM: Registered nosave memory: [mem 0x3dc35000-0x3dc35fff]
[    0.000000] PM: Registered nosave memory: [mem 0x3fdb3000-0x3fdb3fff]
[    0.000000] PM: Registered nosave memory: [mem 0x42b1a000-0x42b1afff]
[    0.000000] PM: Registered nosave memory: [mem 0x8d714000-0x8e1acfff]
[    0.000000] PM: Registered nosave memory: [mem 0x8e1ad000-0x8e229fff]
[    0.000000] PM: Registered nosave memory: [mem 0x8e22a000-0x8e6c3fff]
[    0.000000] PM: Registered nosave memory: [mem 0x8e6c4000-0x8effefff]
[    0.000000] PM: Registered nosave memory: [mem 0x8f000000-0x8fffffff]
[    0.000000] PM: Registered nosave memory: [mem 0x90000000-0xdfffffff]
[    0.000000] PM: Registered nosave memory: [mem 0xe0000000-0xefffffff]
[    0.000000] PM: Registered nosave memory: [mem 0xf0000000-0xfdffffff]
[    0.000000] PM: Registered nosave memory: [mem 0xfe000000-0xfe010fff]
[    0.000000] PM: Registered nosave memory: [mem 0xfe011000-0xfebfffff]
[    0.000000] PM: Registered nosave memory: [mem 0xfec00000-0xfec00fff]
[    0.000000] PM: Registered nosave memory: [mem 0xfec01000-0xfedfffff]
[    0.000000] PM: Registered nosave memory: [mem 0xfee00000-0xfee00fff]
[    0.000000] PM: Registered nosave memory: [mem 0xfee01000-0xfeffffff]
[    0.000000] PM: Registered nosave memory: [mem 0xff000000-0xffffffff]
[    0.000000] e820: [mem 0x90000000-0xdfffffff] available for PCI devices
[    0.000000] Booting paravirtualized kernel on bare hardware
[    0.000000] setup_percpu: NR_CPUS:5120 nr_cpumask_bits:4 nr_cpu_ids:4 nr_node_ids:1
[    0.000000] percpu: Embedded 41 pages/cpu s131072 r8192 d28672 u524288
[    0.000000] pcpu-alloc: s131072 r8192 d28672 u524288 alloc=1*2097152
[    0.000000] pcpu-alloc: [0] 0 1 2 3 
[    0.000000] Built 1 zonelists in Zone order, mobility grouping on.  Total pages: 4114300
[    0.000000] Policy zone: Normal
[    0.000000] Kernel command line: BOOT_IMAGE=/vmlinuz-3.10.0-1160.11.1.rt56.1145.el7.x86_64 root=/dev/mapper/centos-root ro crashkernel=auto spectre_v2=retpoline rd.lvm.lv=centos/root rd.lvm.lv=centos/swap rhgb quiet idle=poll intel_idle.max_cstate=0 processor.max_cstate=1 skew_tick=1
[    0.000000] PID hash table entries: 4096 (order: 3, 32768 bytes)
[    0.000000] x86/fpu: xstate_offset[2]: 0240, xstate_sizes[2]: 0100
[    0.000000] x86/fpu: xstate_offset[3]: 03c0, xstate_sizes[3]: 0040
[    0.000000] x86/fpu: xstate_offset[4]: 0400, xstate_sizes[4]: 0040
[    0.000000] xsave: enabled xstate_bv 0x1f, cntxt size 0x440 using standard form
[    0.000000] Memory: 10359040k/18595840k available (7744k kernel code, 1877308k absent, 610748k reserved, 6192k data, 1900k init)
[    0.000000] SLUB: HWalign=64, Order=0-3, MinObjects=0, CPUs=4, Nodes=1
[    0.000000] x86/pti: Unmapping kernel while in userspace
[    0.000000] Preemptible hierarchical RCU implementation.
[    0.000000] 	RCU restricting CPUs from NR_CPUS=5120 to nr_cpu_ids=4.
[    0.000000] 	RCU kthread priority: 2.
[    0.000000] NR_IRQS:327936 nr_irqs:1024 0
[    0.000000] Console: colour dummy device 80x25
[    0.000000] console [tty0] enabled
[    0.000000] allocated 637534208 bytes of page_cgroup
[    0.000000] please try 'cgroup_disable=memory' option if you don't want memory cgroups
[    0.000000] hpet clockevent registered
[    0.000000] tsc: Detected 3400.000 MHz processor
[    0.000023] tsc: Detected 3408.000 MHz TSC
[    0.000024] Calibrating delay loop (skipped), value calculated using timer frequency.. 6816.00 BogoMIPS (lpj=3408000)
[    0.000025] pid_max: default: 32768 minimum: 301
[    0.001303] Security Framework initialized
[    0.001311] SELinux:  Initializing.
[    0.001320] SELinux:  Starting in permissive mode
[    0.001320] Yama: becoming mindful.
[    0.003583] Dentry cache hash table entries: 2097152 (order: 13, 33554432 bytes)
[    0.007559] Inode-cache hash table entries: 1048576 (order: 11, 8388608 bytes)
[    0.008489] Mount-cache hash table entries: 32768 (order: 6, 262144 bytes)
[    0.008506] Mountpoint-cache hash table entries: 32768 (order: 6, 262144 bytes)
[    0.008675] Initializing cgroup subsys memory
[    0.008677] Initializing cgroup subsys devices
[    0.008678] Initializing cgroup subsys freezer
[    0.008679] Initializing cgroup subsys net_cls
[    0.008679] Initializing cgroup subsys blkio
[    0.008680] Initializing cgroup subsys perf_event
[    0.008681] Initializing cgroup subsys hugetlb
[    0.008681] Initializing cgroup subsys pids
[    0.008682] Initializing cgroup subsys net_prio
[    0.008705] ENERGY_PERF_BIAS: Set to 'normal', was 'performance'
[    0.008705] ENERGY_PERF_BIAS: View and update with x86_energy_perf_policy(8)
[    0.020994] CPU0: Thermal monitoring enabled (TM1)
[    0.021010] Last level iTLB entries: 4KB 0, 2MB 0, 4MB 0
[    0.021011] Last level dTLB entries: 4KB 64, 2MB 0, 4MB 0
[    0.021011] tlb_flushall_shift: 6
[    0.021028] FEATURE SPEC_CTRL Present
[    0.021028] FEATURE IBPB_SUPPORT Present
[    0.021029] Spectre V1 : Mitigation: Load fences, usercopy/swapgs barriers and __user pointer sanitization
[    0.021031] Spectre V2 : retpoline selected on command line.
[    0.021031] Spectre V2 : Enabling Indirect Branch Prediction Barrier
[    0.021120] Spectre V2 : Mitigation: Full retpoline
[    0.021127] Speculative Store Bypass: Mitigation: Speculative Store Bypass disabled via prctl and seccomp
[    0.021140] TAA: Mitigation: Clear CPU buffers
[    0.021143] SRBDS: Mitigation: Microcode
[    0.021143] MDS: Mitigation: Clear CPU buffers
[    0.021651] Freeing SMP alternatives: 24k freed
[    0.022320] ACPI: Core revision 20130517
[    0.049834] ACPI: All ACPI Tables successfully acquired
[    0.059431] ftrace: allocating 29018 entries in 114 pages
[    0.080340] DMAR: Host address width 39
[    0.080363] DMAR: DRHD base: 0x000000fed91000 flags: 0x1
[    0.080370] DMAR: dmar0: reg_base_addr fed91000 ver 1:0 cap d2008c40660462 ecap f050da
[    0.080371] DMAR: RMRR base: 0x0000008e8ab000 end: 0x0000008eaf4fff
[    0.080373] DMAR-IR: IOAPIC id 2 under DRHD base  0xfed91000 IOMMU 0
[    0.080374] DMAR-IR: HPET id 0 under DRHD base 0xfed91000
[    0.080375] DMAR-IR: Queued invalidation will be enabled to support x2apic and Intr-remapping.
[    0.083445] DMAR-IR: Enabled IRQ remapping in x2apic mode
[    0.083446] Enabling x2apic
[    0.083446] Enabled x2apic
[    0.083469] Switched APIC routing to cluster x2apic.
[    0.093325] ..TIMER: vector=0x30 apic1=0 pin1=2 apic2=-1 pin2=-1
[    0.103327] smpboot: CPU0: Intel(R) Xeon(R) E-2224 CPU @ 3.40GHz (fam: 06, model: 9e, stepping: 0a)
[    0.103346] TSC deadline timer enabled
[    0.103392] Performance Events: PEBS fmt3+, Skylake events, 32-deep LBR, full-width counters, Intel PMU driver.
[    0.103400] ... version:                4
[    0.103401] ... bit width:              48
[    0.103402] ... generic registers:      8
[    0.103403] ... value mask:             0000ffffffffffff
[    0.103403] ... max period:             00007fffffffffff
[    0.103405] ... fixed-purpose events:   3
[    0.103405] ... event mask:             00000007000000ff
[    0.124561] NMI watchdog: enabled on all CPUs, permanently consumes one hw-PMU counter.
[    0.112383] smpboot: Booting Node   0, Processors  #1 #2 #3 OK
[    0.152666] Brought up 4 CPUs
[    0.152668] smpboot: Max logical packages: 1
[    0.152670] smpboot: Total of 4 processors activated (27264.00 BogoMIPS)
[    0.155613] node 0 initialised, 0 pages in 0ms
[    0.155740] devtmpfs: initialized
[    0.155788] x86/mm: Memory block size: 128MB
[    0.158600] EVM: security.selinux
[    0.158601] EVM: security.ima
[    0.158602] EVM: security.capability
[    0.158659] PM: Registering ACPI NVS region [mem 0x3fdb3000-0x3fdb3fff] (4096 bytes)
[    0.158660] PM: Registering ACPI NVS region [mem 0x8e22a000-0x8e6c3fff] (4825088 bytes)
[    0.159761] atomic64 test passed for x86-64 platform with CX8 and with SSE
[    0.159763] pinctrl core: initialized pinctrl subsystem
[    0.159997] RTC time:  7:01:05, date: 04/22/21
[    0.160104] NET: Registered protocol family 16
[    0.160295] ACPI FADT declares the system doesn't support PCIe ASPM, so disable it
[    0.160297] ACPI: bus type PCI registered
[    0.160298] acpiphp: ACPI Hot Plug PCI Controller Driver version: 0.5
[    0.161099] PCI: MMCONFIG for domain 0000 [bus 00-ff] at [mem 0xe0000000-0xefffffff] (base 0xe0000000)
[    0.161101] PCI: MMCONFIG at [mem 0xe0000000-0xefffffff] reserved in E820
[    0.161113] PCI: Using configuration type 1 for base access
[    0.165350] ACPI: Added _OSI(Module Device)
[    0.165352] ACPI: Added _OSI(Processor Device)
[    0.165353] ACPI: Added _OSI(3.0 _SCP Extensions)
[    0.165354] ACPI: Added _OSI(Processor Aggregator Device)
[    0.165355] ACPI: Added _OSI(Linux-Dell-Video)
[    0.168504] ACPI: EC: Look up EC in DSDT
[    0.175136] ACPI: Executed 50 blocks of module-level executable AML code
[    0.185929] ACPI: \_SB_.PR00: _OSC native thermal LVT Acked
[    0.188544] ACPI: Interpreter enabled
[    0.188569] ACPI: (supports S0 S5)
[    0.188570] ACPI: Using IOAPIC for interrupt routing
[    0.188612] HEST: Table parsing has been initialized.
[    0.188614] PCI: Using host bridge windows from ACPI; if necessary, use "pci=nocrs" and report a bug
[    0.188721] ACPI: Enabled 9 GPEs in block 00 to 7F
[    0.197209] ACPI: Power Resource [USBC] (on)
[    0.199826] ACPI: Power Resource [V0PR] (on)
[    0.200099] ACPI: Power Resource [V1PR] (on)
[    0.200371] ACPI: Power Resource [V2PR] (on)
[    0.202864] ACPI: Power Resource [WRST] (on)
[    0.204843] ACPI: [Firmware Bug]: BIOS _OSI(Linux) query ignored
[    0.205241] ACPI: Power Resource [FN00] (off)
[    0.205304] ACPI: Power Resource [FN01] (off)
[    0.205363] ACPI: Power Resource [FN02] (off)
[    0.205422] ACPI: Power Resource [FN03] (off)
[    0.205480] ACPI: Power Resource [FN04] (off)
[    0.206036] ACPI: Power Resource [PIN] (off)
[    0.206426] ACPI: PCI Root Bridge [PCI0] (domain 0000 [bus 00-fe])
[    0.206431] acpi PNP0A08:00: _OSC: OS supports [ExtendedConfig ASPM ClockPM Segments MSI]
[    0.209596] acpi PNP0A08:00: _OSC: platform does not support [AER]
[    0.214284] acpi PNP0A08:00: _OSC: OS now controls [PCIeHotplug SHPCHotplug PME PCIeCapability]
[    0.214285] acpi PNP0A08:00: FADT indicates ASPM is unsupported, using BIOS configuration
[    0.215190] PCI host bridge to bus 0000:00
[    0.215192] pci_bus 0000:00: root bus resource [io  0x0000-0x0cf7 window]
[    0.215194] pci_bus 0000:00: root bus resource [io  0x0d00-0xffff window]
[    0.215196] pci_bus 0000:00: root bus resource [mem 0x000a0000-0x000bffff window]
[    0.215197] pci_bus 0000:00: root bus resource [mem 0x90000000-0xdfffffff window]
[    0.215199] pci_bus 0000:00: root bus resource [mem 0x4000000000-0x7fffffffff window]
[    0.215200] pci_bus 0000:00: root bus resource [mem 0xfc800000-0xfe7fffff window]
[    0.215202] pci_bus 0000:00: root bus resource [bus 00-fe]
[    0.215208] pci 0000:00:00.0: [8086:3e33] type 00 class 0x060000
[    0.215461] pci 0000:00:01.0: [8086:1901] type 01 class 0x060400
[    0.215496] pci 0000:00:01.0: PME# supported from D0 D3hot D3cold
[    0.215590] pci 0000:00:01.0: System wakeup disabled by ACPI
[    0.215618] pci 0000:00:01.1: [8086:1905] type 01 class 0x060400
[    0.215651] pci 0000:00:01.1: PME# supported from D0 D3hot D3cold
[    0.215741] pci 0000:00:01.1: System wakeup disabled by ACPI
[    0.215897] pci 0000:00:08.0: [8086:1911] type 00 class 0x088000
[    0.215906] pci 0000:00:08.0: reg 0x10: [mem 0x400011b000-0x400011bfff 64bit]
[    0.216096] pci 0000:00:12.0: [8086:a379] type 00 class 0x118000
[    0.216122] pci 0000:00:12.0: reg 0x10: [mem 0x400011a000-0x400011afff 64bit]
[    0.216379] pci 0000:00:14.0: [8086:a36d] type 00 class 0x0c0330
[    0.216407] pci 0000:00:14.0: reg 0x10: [mem 0x4000100000-0x400010ffff 64bit]
[    0.216510] pci 0000:00:14.0: PME# supported from D3hot D3cold
[    0.216757] pci 0000:00:14.0: System wakeup disabled by ACPI
[    0.216801] pci 0000:00:14.2: [8086:a36f] type 00 class 0x050000
[    0.216822] pci 0000:00:14.2: reg 0x10: [mem 0x4000110000-0x4000111fff 64bit]
[    0.216837] pci 0000:00:14.2: reg 0x18: [mem 0x4000119000-0x4000119fff 64bit]
[    0.217271] pci 0000:00:15.0: [8086:a368] type 00 class 0x0c8000
[    0.217774] pci 0000:00:15.0: reg 0x10: [mem 0x00000000-0x00000fff 64bit]
[    0.220366] pci 0000:00:15.1: [8086:a369] type 00 class 0x0c8000
[    0.220872] pci 0000:00:15.1: reg 0x10: [mem 0x00000000-0x00000fff 64bit]
[    0.223221] pci 0000:00:16.0: [8086:a360] type 00 class 0x078000
[    0.223246] pci 0000:00:16.0: reg 0x10: [mem 0x4000116000-0x4000116fff 64bit]
[    0.223338] pci 0000:00:16.0: PME# supported from D3hot
[    0.223469] pci 0000:00:16.1: [8086:a361] type 00 class 0x078000
[    0.223497] pci 0000:00:16.1: reg 0x10: [mem 0x4000115000-0x4000115fff 64bit]
[    0.223600] pci 0000:00:16.1: PME# supported from D3hot
[    0.223714] pci 0000:00:16.4: [8086:a364] type 00 class 0x078000
[    0.223739] pci 0000:00:16.4: reg 0x10: [mem 0x4000114000-0x4000114fff 64bit]
[    0.223827] pci 0000:00:16.4: PME# supported from D3hot
[    0.223950] pci 0000:00:17.0: [8086:a352] type 00 class 0x010601
[    0.223972] pci 0000:00:17.0: reg 0x10: [mem 0x91d00000-0x91d01fff]
[    0.223983] pci 0000:00:17.0: reg 0x14: [mem 0x91d03000-0x91d030ff]
[    0.223995] pci 0000:00:17.0: reg 0x18: [io  0x3050-0x3057]
[    0.224007] pci 0000:00:17.0: reg 0x1c: [io  0x3040-0x3043]
[    0.224018] pci 0000:00:17.0: reg 0x20: [io  0x3020-0x303f]
[    0.224030] pci 0000:00:17.0: reg 0x24: [mem 0x91d02000-0x91d027ff]
[    0.224091] pci 0000:00:17.0: PME# supported from D3hot
[    0.224258] pci 0000:00:1c.0: [8086:a338] type 01 class 0x060400
[    0.224405] pci 0000:00:1c.0: PME# supported from D0 D3hot D3cold
[    0.224537] pci 0000:00:1c.0: System wakeup disabled by ACPI
[    0.224579] pci 0000:00:1c.1: [8086:a339] type 01 class 0x060400
[    0.224720] pci 0000:00:1c.1: PME# supported from D0 D3hot D3cold
[    0.224851] pci 0000:00:1c.1: System wakeup disabled by ACPI
[    0.225215] pci 0000:00:1e.0: [8086:a328] type 00 class 0x078000
[    0.225790] pci 0000:00:1e.0: reg 0x10: [mem 0x00000000-0x00000fff 64bit]
[    0.228182] pci 0000:00:1f.0: [8086:a309] type 00 class 0x060100
[    0.228401] pci 0000:00:1f.4: [8086:a323] type 00 class 0x0c0500
[    0.228463] pci 0000:00:1f.4: reg 0x10: [mem 0x4000112000-0x40001120ff 64bit]
[    0.228546] pci 0000:00:1f.4: reg 0x20: [io  0xefa0-0xefbf]
[    0.228740] pci 0000:00:1f.5: [8086:a324] type 00 class 0x0c8000
[    0.228755] pci 0000:00:1f.5: reg 0x10: [mem 0xfe010000-0xfe010fff]
[    0.228927] pci 0000:00:01.0: PCI bridge to [bus 04]
[    0.228953] pci 0000:00:01.1: PCI bridge to [bus 05]
[    0.229060] pci 0000:01:00.0: [19a2:0120] type 01 class 0x060400
[    0.229088] pci 0000:01:00.0: reg 0x10: [mem 0x91b00000-0x91b00fff 64bit]
[    0.229252] pci 0000:00:1c.0: PCI bridge to [bus 01-02]
[    0.229259] pci 0000:00:1c.0:   bridge window [mem 0x90000000-0x91bfffff]
[    0.229331] pci 0000:02:00.0: [102b:0522] type 00 class 0x030000
[    0.229356] pci 0000:02:00.0: reg 0x10: [mem 0x90000000-0x90ffffff]
[    0.229367] pci 0000:02:00.0: reg 0x14: [mem 0x91a10000-0x91a13fff]
[    0.229379] pci 0000:02:00.0: reg 0x18: [mem 0x91000000-0x917fffff]
[    0.229421] pci 0000:02:00.0: reg 0x30: [mem 0x91a00000-0x91a0ffff pref]
[    0.229559] pci 0000:01:00.0: PCI bridge to [bus 02]
[    0.229569] pci 0000:01:00.0:   bridge window [mem 0x90000000-0x91afffff]
[    0.229573] pci 0000:01:00.0:   bridge window [mem 0x00000000-0x000fffff pref]
[    0.229687] pci 0000:03:00.0: [14e4:165f] type 00 class 0x020000
[    0.229718] pci 0000:03:00.0: reg 0x10: [mem 0x4000050000-0x400005ffff 64bit pref]
[    0.229736] pci 0000:03:00.0: reg 0x18: [mem 0x4000040000-0x400004ffff 64bit pref]
[    0.229753] pci 0000:03:00.0: reg 0x20: [mem 0x4000030000-0x400003ffff 64bit pref]
[    0.229765] pci 0000:03:00.0: reg 0x30: [mem 0x91c40000-0x91c7ffff pref]
[    0.229862] pci 0000:03:00.0: PME# supported from D0 D3hot D3cold
[    0.229912] pci 0000:03:00.0: 4.000 Gb/s available PCIe bandwidth, limited by 5 GT/s x1 link at 0000:00:1c.1 (capable of 15.752 Gb/s with 8 GT/s x2 link)
[    0.229937] pci 0000:03:00.0: System wakeup disabled by ACPI
[    0.229981] pci 0000:03:00.1: [14e4:165f] type 00 class 0x020000
[    0.230013] pci 0000:03:00.1: reg 0x10: [mem 0x4000020000-0x400002ffff 64bit pref]
[    0.230031] pci 0000:03:00.1: reg 0x18: [mem 0x4000010000-0x400001ffff 64bit pref]
[    0.230048] pci 0000:03:00.1: reg 0x20: [mem 0x4000000000-0x400000ffff 64bit pref]
[    0.230060] pci 0000:03:00.1: reg 0x30: [mem 0x91c00000-0x91c3ffff pref]
[    0.230157] pci 0000:03:00.1: PME# supported from D0 D3hot D3cold
[    0.230252] pci 0000:00:1c.1: PCI bridge to [bus 03]
[    0.230259] pci 0000:00:1c.1:   bridge window [mem 0x91c00000-0x91cfffff]
[    0.230267] pci 0000:00:1c.1:   bridge window [mem 0x4000000000-0x40000fffff 64bit pref]
[    0.231665] ACPI: PCI Interrupt Link [LNKA] (IRQs 3 4 5 6 10 11 12 14 15) *0
[    0.231718] ACPI: PCI Interrupt Link [LNKB] (IRQs 3 4 5 6 10 11 12 14 15) *1
[    0.231769] ACPI: PCI Interrupt Link [LNKC] (IRQs 3 4 5 6 10 11 12 14 15) *0
[    0.231819] ACPI: PCI Interrupt Link [LNKD] (IRQs 3 4 5 6 10 11 12 14 15) *0
[    0.231869] ACPI: PCI Interrupt Link [LNKE] (IRQs 3 4 5 6 10 11 12 14 15) *0
[    0.231919] ACPI: PCI Interrupt Link [LNKF] (IRQs 3 4 5 6 10 11 12 14 15) *0
[    0.231970] ACPI: PCI Interrupt Link [LNKG] (IRQs 3 4 5 6 10 11 12 14 15) *0
[    0.232021] ACPI: PCI Interrupt Link [LNKH] (IRQs 3 4 5 6 10 11 12 14 15) *0
[    0.232513] vgaarb: device added: PCI:0000:02:00.0,decodes=io+mem,owns=none,locks=none
[    0.232514] vgaarb: loaded
[    0.232515] vgaarb: bridge control possible 0000:02:00.0
[    0.232574] SCSI subsystem initialized
[    0.232595] ACPI: bus type USB registered
[    0.232606] usbcore: registered new interface driver usbfs
[    0.232612] usbcore: registered new interface driver hub
[    0.232623] usbcore: registered new device driver usb
[    0.232673] EDAC MC: Ver: 3.0.0
[    0.233010] Registered efivars operations
[    0.233049] PCI: Using ACPI for IRQ routing
[    0.315803] PCI: pci_cache_line_size set to 64 bytes
[    0.316103] e820: reserve RAM buffer [mem 0x0005e000-0x0005ffff]
[    0.316104] e820: reserve RAM buffer [mem 0x3dbcf018-0x3fffffff]
[    0.316106] e820: reserve RAM buffer [mem 0x3dbfe018-0x3fffffff]
[    0.316107] e820: reserve RAM buffer [mem 0x3dc2d018-0x3fffffff]
[    0.316108] e820: reserve RAM buffer [mem 0x3fdb3000-0x3fffffff]
[    0.316109] e820: reserve RAM buffer [mem 0x42b1a000-0x43ffffff]
[    0.316111] e820: reserve RAM buffer [mem 0x8d714000-0x8fffffff]
[    0.316112] e820: reserve RAM buffer [mem 0x8f000000-0x8fffffff]
[    0.316114] e820: reserve RAM buffer [mem 0x46f000000-0x46fffffff]
[    0.316201] NetLabel: Initializing
[    0.316203] NetLabel:  domain hash size = 128
[    0.316203] NetLabel:  protocols = UNLABELED CIPSOv4
[    0.316215] NetLabel:  unlabeled traffic allowed by default
[    0.316365] hpet0: at MMIO 0xfed00000, IRQs 2, 8, 0, 0, 0, 0, 0, 0
[    0.316369] hpet0: 8 comparators, 64-bit 24.000000 MHz counter
[    0.318462] amd_nb: Cannot enumerate AMD northbridges
[    0.318493] Switched to clocksource hpet
[    0.324075] pnp: PnP ACPI init
[    0.324084] ACPI: bus type PNP registered
[    0.324136] system 00:00: [mem 0x40000000-0x403fffff] could not be reserved
[    0.324138] system 00:00: Plug and Play ACPI device, IDs PNP0c02 (active)
[    0.324584] pnp 00:01: [dma 0 disabled]
[    0.324620] pnp 00:01: Plug and Play ACPI device, IDs PNP0501 (active)
[    0.325089] pnp 00:02: [dma 0 disabled]
[    0.325122] pnp 00:02: Plug and Play ACPI device, IDs PNP0501 (active)
[    0.325194] system 00:03: [io  0x0680-0x069f] has been reserved
[    0.325196] system 00:03: [io  0x164e-0x164f] has been reserved
[    0.325198] system 00:03: Plug and Play ACPI device, IDs PNP0c02 (active)
[    0.325276] system 00:04: [io  0x1854-0x1857] has been reserved
[    0.325278] system 00:04: Plug and Play ACPI device, IDs INT3f0d PNP0c02 (active)
[    0.325345] system 00:05: [io  0x0cc0] has been reserved
[    0.325347] system 00:05: [io  0x0cc1] has been reserved
[    0.325349] system 00:05: Plug and Play ACPI device, IDs IPI0001 PNP0c02 (active)
[    0.325371] system 00:06: [io  0x0c00-0x0c0f] has been reserved
[    0.325372] system 00:06: Plug and Play ACPI device, IDs PNP0c02 (active)
[    0.325504] system 00:07: [mem 0xfed10000-0xfed17fff] has been reserved
[    0.325507] system 00:07: [mem 0xfed18000-0xfed18fff] has been reserved
[    0.325509] system 00:07: [mem 0xfed19000-0xfed19fff] has been reserved
[    0.325511] system 00:07: [mem 0xe0000000-0xefffffff] has been reserved
[    0.325512] system 00:07: [mem 0xfed20000-0xfed3ffff] has been reserved
[    0.325514] system 00:07: [mem 0xfed90000-0xfed93fff] could not be reserved
[    0.325516] system 00:07: [mem 0xfed45000-0xfed8ffff] has been reserved
[    0.325518] system 00:07: [mem 0xfee00000-0xfeefffff] could not be reserved
[    0.325520] system 00:07: Plug and Play ACPI device, IDs PNP0c02 (active)
[    0.325670] system 00:08: [io  0x1800-0x18fe] could not be reserved
[    0.325672] system 00:08: [mem 0xfd000000-0xfd69ffff] has been reserved
[    0.325674] system 00:08: [mem 0xfd6c0000-0xfd6cffff] has been reserved
[    0.325675] system 00:08: [mem 0xfd6f0000-0xfdffffff] has been reserved
[    0.325677] system 00:08: [mem 0xfe000000-0xfe01ffff] could not be reserved
[    0.325679] system 00:08: [mem 0xfe200000-0xfe7fffff] has been reserved
[    0.325681] system 00:08: [mem 0xff000000-0xffffffff] has been reserved
[    0.325683] system 00:08: Plug and Play ACPI device, IDs PNP0c02 (active)
[    0.325921] system 00:09: [io  0x2000-0x20fe] has been reserved
[    0.325923] system 00:09: Plug and Play ACPI device, IDs PNP0c02 (active)
[    0.326598] system 00:0a: Plug and Play ACPI device, IDs PNP0c02 (active)
[    0.327348] pnp: PnP ACPI: found 11 devices
[    0.327349] ACPI: bus type PNP unregistered
[    0.334793] pci 0000:00:15.0: BAR 0: assigned [mem 0x4000113000-0x4000113fff 64bit]
[    0.335087] pci 0000:00:15.1: BAR 0: assigned [mem 0x4000117000-0x4000117fff 64bit]
[    0.335287] pci 0000:00:1e.0: BAR 0: assigned [mem 0x4000118000-0x4000118fff 64bit]
[    0.335559] pci 0000:00:01.0: PCI bridge to [bus 04]
[    0.335601] pci 0000:00:01.1: PCI bridge to [bus 05]
[    0.335647] pci 0000:01:00.0: PCI bridge to [bus 02]
[    0.335661] pci 0000:01:00.0:   bridge window [mem 0x90000000-0x91afffff]
[    0.335671] pci 0000:00:1c.0: PCI bridge to [bus 01-02]
[    0.335677] pci 0000:00:1c.0:   bridge window [mem 0x90000000-0x91bfffff]
[    0.335688] pci 0000:00:1c.1: PCI bridge to [bus 03]
[    0.335693] pci 0000:00:1c.1:   bridge window [mem 0x91c00000-0x91cfffff]
[    0.335698] pci 0000:00:1c.1:   bridge window [mem 0x4000000000-0x40000fffff 64bit pref]
[    0.335706] pci_bus 0000:00: resource 4 [io  0x0000-0x0cf7 window]
[    0.335707] pci_bus 0000:00: resource 5 [io  0x0d00-0xffff window]
[    0.335709] pci_bus 0000:00: resource 6 [mem 0x000a0000-0x000bffff window]
[    0.335710] pci_bus 0000:00: resource 7 [mem 0x90000000-0xdfffffff window]
[    0.335712] pci_bus 0000:00: resource 8 [mem 0x4000000000-0x7fffffffff window]
[    0.335713] pci_bus 0000:00: resource 9 [mem 0xfc800000-0xfe7fffff window]
[    0.335715] pci_bus 0000:01: resource 1 [mem 0x90000000-0x91bfffff]
[    0.335716] pci_bus 0000:02: resource 1 [mem 0x90000000-0x91afffff]
[    0.335718] pci_bus 0000:03: resource 1 [mem 0x91c00000-0x91cfffff]
[    0.335719] pci_bus 0000:03: resource 2 [mem 0x4000000000-0x40000fffff 64bit pref]
[    0.335778] NET: Registered protocol family 2
[    0.335977] TCP established hash table entries: 131072 (order: 8, 1048576 bytes)
[    0.336306] TCP bind hash table entries: 65536 (order: 9, 3670016 bytes)
[    0.336787] TCP: Hash tables configured (established 131072 bind 65536)
[    0.336799] TCP: reno registered
[    0.336863] UDP hash table entries: 8192 (order: 8, 1048576 bytes)
[    0.337056] UDP-Lite hash table entries: 8192 (order: 8, 1048576 bytes)
[    0.337229] NET: Registered protocol family 1
[    0.337711] PCI: CLS 64 bytes, default 64
[    0.337778] Unpacking initramfs...
[    0.670340] Freeing initrd memory: 30968k freed
[    0.672969] PCI-DMA: Using software bounce buffering for IO (SWIOTLB)
[    0.672972] software IO TLB [mem 0x889e0000-0x8c9e0000] (64MB) mapped at [ffff8e07089e0000-ffff8e070c9dffff]
[    0.673039] RAPL PMU: API unit is 2^-32 Joules, 5 fixed counters, 655360 ms ovfl timer
[    0.673040] RAPL PMU: hw unit of domain pp0-core 2^-14 Joules
[    0.673041] RAPL PMU: hw unit of domain package 2^-14 Joules
[    0.673042] RAPL PMU: hw unit of domain dram 2^-14 Joules
[    0.673043] RAPL PMU: hw unit of domain pp1-gpu 2^-14 Joules
[    0.673044] RAPL PMU: hw unit of domain psys 2^-14 Joules
[    0.673203] platform rtc_cmos: registered platform RTC device (no PNP device found)
[    0.673814] sha1_ssse3: Using AVX2 optimized SHA-1 implementation
[    0.673896] sha256_ssse3: Using AVX2 optimized SHA-256 implementation
[    0.674242] futex hash table entries: 1024 (order: 5, 131072 bytes)
[    0.674260] Initialise system trusted keyring
[    0.674291] audit: initializing netlink socket (disabled)
[    0.674299] type=2000 audit(1619074865.660:1): initialized
[    0.691603] HugeTLB registered 1 GB page size, pre-allocated 0 pages
[    0.691604] HugeTLB registered 2 MB page size, pre-allocated 0 pages
[    0.691704] KSM thread running on realtime kernel. This may introduce latency spikes...
[    0.692635] zpool: loaded
[    0.692637] zbud: loaded
[    0.692925] VFS: Disk quotas dquot_6.5.2
[    0.692946] Dquot-cache hash table entries: 512 (order 0, 4096 bytes)
[    0.693125] Key type big_key registered
[    0.693128] SELinux:  Registering netfilter hooks
[    0.694932] NET: Registered protocol family 38
[    0.694937] Key type asymmetric registered
[    0.694940] Asymmetric key parser 'x509' registered
[    0.694972] Block layer SCSI generic (bsg) driver version 0.4 loaded (major 249)
[    0.695039] io scheduler noop registered
[    0.695041] io scheduler deadline registered (default)
[    0.695047] io scheduler cfq registered
[    0.695049] io scheduler mq-deadline registered
[    0.695051] io scheduler kyber registered
[    0.695294] pcieport 0000:00:01.0: irq 121 for MSI/MSI-X
[    0.695451] pcieport 0000:00:01.1: irq 122 for MSI/MSI-X
[    0.695694] pcieport 0000:00:1c.0: irq 123 for MSI/MSI-X
[    0.696000] pcieport 0000:00:1c.1: irq 124 for MSI/MSI-X
[    0.696171] pcieport 0000:00:01.0: Signaling PME through PCIe PME interrupt
[    0.696188] pcie_pme 0000:00:01.0:pcie001: service driver pcie_pme loaded
[    0.696250] pcieport 0000:00:01.1: Signaling PME through PCIe PME interrupt
[    0.696256] pcie_pme 0000:00:01.1:pcie001: service driver pcie_pme loaded
[    0.696320] pcieport 0000:00:1c.0: Signaling PME through PCIe PME interrupt
[    0.696322] pci 0000:01:00.0: Signaling PME through PCIe PME interrupt
[    0.696323] pci 0000:02:00.0: Signaling PME through PCIe PME interrupt
[    0.696328] pcie_pme 0000:00:1c.0:pcie001: service driver pcie_pme loaded
[    0.696390] pcieport 0000:00:1c.1: Signaling PME through PCIe PME interrupt
[    0.696391] pci 0000:03:00.0: Signaling PME through PCIe PME interrupt
[    0.696393] pci 0000:03:00.1: Signaling PME through PCIe PME interrupt
[    0.696397] pcie_pme 0000:00:1c.1:pcie001: service driver pcie_pme loaded
[    0.696410] pci_hotplug: PCI Hot Plug PCI Core version: 0.5
[    0.696415] pciehp: PCI Express Hot Plug Controller Driver version: 0.4
[    0.696443] shpchp: Standard Hot Plug PCI Controller Driver version: 0.4
[    0.696505] efifb: probing for efifb
[    0.696514] efifb: framebuffer at 0x90000000, mapped to 0xffffbb4129400000, using 3072k, total 3072k
[    0.696515] efifb: mode is 1024x768x32, linelength=4096, pages=1
[    0.696516] efifb: scrolling: redraw
[    0.696517] efifb: Truecolor: size=8:8:8:8, shift=24:16:8:0
[    0.733091] Console: switching to colour frame buffer device 128x48
[    0.769112] fb0: EFI VGA frame buffer device
[    0.769213] input: Power Button as /devices/LNXSYSTM:00/LNXPWRBN:00/input/input0
[    0.769215] ACPI: Power Button [PWRF]
[    0.828656] thermal LNXTHERM:00: registered as thermal_zone0
[    0.828658] ACPI: Thermal Zone [TZ00] (28 C)
[    0.828713] ERST: Error Record Serialization Table (ERST) support is initialized.
[    0.828714] pstore: Registered erst as persistent store backend
[    0.829033] GHES: APEI firmware first mode is enabled by APEI bit and WHEA _OSC.
[    0.829083] Serial: 8250/16550 driver, 4 ports, IRQ sharing enabled
[    0.849849] 00:01: ttyS0 at I/O 0x3f8 (irq = 4) is a 16550A
[    0.870572] 00:02: ttyS1 at I/O 0x2f8 (irq = 3) is a 16550A
[    0.871167] Non-volatile memory driver v1.3
[    0.871206] Linux agpgart interface v0.103
[    0.882342] tpm_tis NTN1004:00: 2.0 TPM (device-id 0xFE, rev-id 4)
[    0.921833] crash memory driver: version 1.1
[    0.922076] intel-lpss 0000:00:15.0: enabling device (0000 -> 0002)
[    0.935347] intel-lpss 0000:00:15.1: enabling device (0000 -> 0002)
[    0.948430] intel-lpss 0000:00:1e.0: enabling device (0000 -> 0002)
[    0.948731] dw-apb-uart.2: ttyS2 at MMIO 0x4000118000 (irq = 20) is a 16550A
[    0.948838] rdac: device handler registered
[    0.948906] hp_sw: device handler registered
[    0.948909] emc: device handler registered
[    0.948960] alua: device handler registered
[    0.949016] libphy: Fixed MDIO Bus: probed
[    0.949065] ehci_hcd: USB 2.0 'Enhanced' Host Controller (EHCI) Driver
[    0.949068] ehci-pci: EHCI PCI platform driver
[    0.949078] ohci_hcd: USB 1.1 'Open' Host Controller (OHCI) Driver
[    0.949081] ohci-pci: OHCI PCI platform driver
[    0.949089] uhci_hcd: USB Universal Host Controller Interface driver
[    0.949244] xhci_hcd 0000:00:14.0: xHCI Host Controller
[    0.949289] xhci_hcd 0000:00:14.0: new USB bus registered, assigned bus number 1
[    0.950388] xhci_hcd 0000:00:14.0: hcc params 0x200077c1 hci version 0x110 quirks 0x0000000000009810
[    0.950394] xhci_hcd 0000:00:14.0: cache line size of 64 is not supported
[    0.950415] xhci_hcd 0000:00:14.0: irq 125 for MSI/MSI-X
[    0.950682] usb usb1: New USB device found, idVendor=1d6b, idProduct=0002, bcdDevice= 3.10
[    0.950684] usb usb1: New USB device strings: Mfr=3, Product=2, SerialNumber=1
[    0.950686] usb usb1: Product: xHCI Host Controller
[    0.950687] usb usb1: Manufacturer: Linux 3.10.0-1160.11.1.rt56.1145.el7.x86_64 xhci-hcd
[    0.950689] usb usb1: SerialNumber: 0000:00:14.0
[    0.950791] hub 1-0:1.0: USB hub found
[    0.950811] hub 1-0:1.0: 16 ports detected
[    0.951919] xhci_hcd 0000:00:14.0: xHCI Host Controller
[    0.951966] xhci_hcd 0000:00:14.0: new USB bus registered, assigned bus number 2
[    0.951969] xhci_hcd 0000:00:14.0: Host supports USB 3.1 Enhanced SuperSpeed
[    0.952000] usb usb2: New USB device found, idVendor=1d6b, idProduct=0003, bcdDevice= 3.10
[    0.952001] usb usb2: New USB device strings: Mfr=3, Product=2, SerialNumber=1
[    0.952003] usb usb2: Product: xHCI Host Controller
[    0.952004] usb usb2: Manufacturer: Linux 3.10.0-1160.11.1.rt56.1145.el7.x86_64 xhci-hcd
[    0.952005] usb usb2: SerialNumber: 0000:00:14.0
[    0.952101] hub 2-0:1.0: USB hub found
[    0.952122] hub 2-0:1.0: 10 ports detected
[    0.952554] usb: port power management may be unreliable
[    0.952783] usbcore: registered new interface driver usbserial_generic
[    0.952788] usbserial: USB Serial support registered for generic
[    0.952822] i8042: PNP: No PS/2 controller found. Probing ports directly.
[    1.271532] usb 1-1: new high-speed USB device number 2 using xhci_hcd
[    1.408534] usb 1-1: New USB device found, idVendor=2a4b, idProduct=0400, bcdDevice= 1.00
[    1.408536] usb 1-1: New USB device strings: Mfr=1, Product=2, SerialNumber=3
[    1.408537] usb 1-1: Product: Emulex Pilot4 HighSpeed HUB
[    1.408539] usb 1-1: Manufacturer: Emulex Communications
[    1.408540] usb 1-1: SerialNumber: 0xBABEFACE
[    1.414538] hub 1-1:1.0: USB hub found
[    1.415531] hub 1-1:1.0: 7 ports detected
[    1.540533] usb 1-7: new low-speed USB device number 3 using xhci_hcd
[    1.620737] i8042: Can't read CTR while initializing i8042
[    1.621204] i8042: probe of i8042 failed with error -5
[    1.621311] mousedev: PS/2 mouse device common for all mice
[    1.621461] rtc_cmos rtc_cmos: RTC can wake from S4
[    1.622535] rtc_cmos rtc_cmos: rtc core: registered rtc_cmos as rtc0
[    1.622899] rtc_cmos rtc_cmos: alarms up to one month, y3k, 114 bytes nvram, hpet irqs
[    1.622935] intel_pstate: Intel P-state driver initializing
[    1.623559] intel_pstate: HWP enabled
[    1.623562] cpuidle: using governor menu
[    1.623764] EFI Variables Facility v0.08 2004-May-17
[    1.650159] hidraw: raw HID events driver (C) Jiri Kosina
[    1.650236] usbcore: registered new interface driver usbhid
[    1.650237] usbhid: USB HID core driver
[    1.650290] drop_monitor: Initializing network drop monitor service
[    1.650341] TCP: cubic registered
[    1.650344] Initializing XFRM netlink socket
[    1.650403] NET: Registered protocol family 10
[    1.650589] NET: Registered protocol family 17
[    1.650594] mpls_gso: MPLS GSO support
[    1.650731] mce: Using 10 MCE banks
[    1.650754] microcode: sig=0x906ea, pf=0x2, revision=0xde
[    1.650820] microcode: Microcode Update Driver: v2.01 <tigran@aivazian.fsnet.co.uk>, Peter Oruba
[    1.650938] PM: Hibernation image not present or could not be loaded.
[    1.650940] Loading compiled-in X.509 certificates
[    1.651248] Loaded X.509 cert 'Red Hat Enterprise Linux Driver Update Program (key 3): bf57f3e87362bc7229d9f465321773dfd1f77a80'
[    1.651590] Loaded X.509 cert 'Red Hat Enterprise Linux kpatch signing key: 4d38fd864ebe18c5f0b72e3852e2014c3a676fc8'
[    1.652060] Loaded X.509 cert 'Magrathea: Glacier signing key: 9a4c2e9b6957fb901cc6de7c7b3efa445ae5171f'
[    1.652075] registered taskstats version 1
[    1.652088] page_owner is disabled
[    1.654078] Key type trusted registered
[    1.655947] Key type encrypted registered
[    1.676349] usb 1-7: New USB device found, idVendor=17ef, idProduct=6099, bcdDevice= 1.14
[    1.676351] usb 1-7: New USB device strings: Mfr=1, Product=2, SerialNumber=0
[    1.676353] usb 1-7: Product: Lenovo Traditional USB Keyboard
[    1.676354] usb 1-7: Manufacturer: LiteOn
[    1.680388] input: LiteOn Lenovo Traditional USB Keyboard as /devices/pci0000:00/0000:00:14.0/usb1/1-7/1-7:1.0/input/input1
[    1.688785] BERT: Boot Error Record Table support is disabled. Enable it by using bert_enable as kernel parameter.
[    1.688874]   Magic number: 1:343:16
[    1.689208] rtc_cmos rtc_cmos: setting system clock to 2021-04-22 07:01:07 UTC (1619074867)
[    1.690174] Freeing unused kernel memory: 1900k freed
[    1.690323] Write protecting the kernel read-only data: 12288k
[    1.691182] Freeing unused kernel memory: 436k freed
[    1.692089] Freeing unused kernel memory: 584k freed
[    1.709025] tsc: Refined TSC clocksource calibration: 3408.021 MHz
[    1.709050] Switched to clocksource tsc
[    1.731686] hid-generic 0003:17EF:6099.0001: input,hidraw0: USB HID v1.11 Keyboard [LiteOn Lenovo Traditional USB Keyboard] on usb-0000:00:14.0-7/input0
[    1.736378] input: LiteOn Lenovo Traditional USB Keyboard as /devices/pci0000:00/0000:00:14.0/usb1/1-7/1-7:1.1/input/input2
[    1.740294] random: systemd: uninitialized urandom read (16 bytes read)
[    1.740530] random: systemd: uninitialized urandom read (16 bytes read)
[    1.740541] random: systemd: uninitialized urandom read (16 bytes read)
[    1.741600] systemd[1]: systemd 219 running in system mode. (+PAM +AUDIT +SELINUX +IMA -APPARMOR +SMACK +SYSVINIT +UTMP +LIBCRYPTSETUP +GCRYPT +GNUTLS +ACL +XZ +LZ4 -SECCOMP +BLKID +ELFUTILS +KMOD +IDN)
[    1.741709] systemd[1]: Detected architecture x86-64.
[    1.741712] systemd[1]: Running in initial RAM disk.
[    1.741730] systemd[1]: Set hostname to <localhost.localdomain>.
[    1.763968] random: systemd: uninitialized urandom read (16 bytes read)
[    1.763985] random: systemd: uninitialized urandom read (16 bytes read)
[    1.764009] random: systemd: uninitialized urandom read (16 bytes read)
[    1.764047] random: systemd: uninitialized urandom read (16 bytes read)
[    1.764499] random: systemd: uninitialized urandom read (16 bytes read)
[    1.764582] random: systemd: uninitialized urandom read (16 bytes read)
[    1.764818] random: systemd: uninitialized urandom read (16 bytes read)
[    1.767757] systemd[1]: Reached target Timers.
[    1.767791] systemd[1]: Reached target Swap.
[    1.767979] systemd[1]: Created slice Root Slice.
[    1.768028] systemd[1]: Listening on Journal Socket.
[    1.768049] systemd[1]: Listening on udev Kernel Socket.
[    1.768112] systemd[1]: Created slice System Slice.
[    1.768148] systemd[1]: Reached target Slices.
[    1.768174] systemd[1]: Listening on udev Control Socket.
[    1.768183] systemd[1]: Reached target Sockets.
[    1.768587] systemd[1]: Starting dracut cmdline hook...
[    1.768934] systemd[1]: Starting Journal Service...
[    1.769278] systemd[1]: Starting Setup Virtual Console...
[    1.769294] systemd[1]: Reached target Local File Systems.
[    1.769682] systemd[1]: Starting Create list of required static device nodes for the current kernel...
[    1.770121] systemd[1]: Starting Load Kernel Modules...
[    1.771526] systemd[1]: Started Create list of required static device nodes for the current kernel.
[    1.772056] systemd[1]: Starting Create Static Device Nodes in /dev...
[    1.788648] hid-generic 0003:17EF:6099.0002: input,hidraw1: USB HID v1.11 Device [LiteOn Lenovo Traditional USB Keyboard] on usb-0000:00:14.0-7/input1
[    1.801528] usb 1-1.2: new high-speed USB device number 4 using xhci_hcd
[    1.809431] systemd[1]: Started Create Static Device Nodes in /dev.
[    1.813717] fuse init (API version 7.23)
[    1.814186] systemd[1]: Started Load Kernel Modules.
[    1.814638] systemd[1]: Starting Apply Kernel Variables...
[    1.816181] systemd[1]: Started Apply Kernel Variables.
[    1.822626] systemd[1]: Started Journal Service.
[    1.890901] usb 1-1.2: New USB device found, idVendor=17ef, idProduct=b002, bcdDevice= 0.00
[    1.890903] usb 1-1.2: New USB device strings: Mfr=4, Product=5, SerialNumber=6
[    1.890905] usb 1-1.2: Product: Mass Storage Function
[    1.890907] usb 1-1.2: Manufacturer: Avocent
[    1.890908] usb 1-1.2: SerialNumber: 20200430-0
[    1.906497] device-mapper: uevent: version 1.0.3
[    1.906538] device-mapper: ioctl: 4.37.1-ioctl (2018-04-03) initialised: dm-devel@redhat.com
[    1.962786] usb-storage 1-1.2:1.0: USB Mass Storage device detected
[    1.962855] scsi host0: usb-storage 1-1.2:1.0
[    1.967567] usbcore: registered new interface driver usb-storage
[    1.972008] usbcore: registered new interface driver uas
[    2.004494] usb 1-8: new low-speed USB device number 5 using xhci_hcd
[    2.110206] pps_core: LinuxPPS API ver. 1 registered
[    2.110207] pps_core: Software ver. 5.3.6 - Copyright 2005-2007 Rodolfo Giometti <giometti@linux.it>
[    2.114206] PTP clock support registered
[    2.124797] libata version 3.00 loaded.
[    2.134039] usb 1-8: New USB device found, idVendor=17ef, idProduct=608d, bcdDevice= 1.00
[    2.134042] usb 1-8: New USB device strings: Mfr=1, Product=2, SerialNumber=0
[    2.134044] usb 1-8: Product: Lenovo USB Optical Mouse
[    2.134046] usb 1-8: Manufacturer: PixArt
[    2.134998] tg3.c:v3.137 (May 11, 2014)
[    2.154209] ahci 0000:00:17.0: version 3.0
[    2.154434] ahci 0000:00:17.0: irq 126 for MSI/MSI-X
[    2.165392] input: PixArt Lenovo USB Optical Mouse as /devices/pci0000:00/0000:00:14.0/usb1/1-8/1-8:1.0/input/input3
[    2.166543] ahci 0000:00:17.0: AHCI 0001.0301 32 slots 8 ports 6 Gbps 0xff impl SATA mode
[    2.166547] ahci 0000:00:17.0: flags: 64bit ncq sntf pm clo only pio slum part ems deso sadm sds apst 
[    2.172628] hid-generic 0003:17EF:608D.0003: input,hidraw2: USB HID v1.11 Mouse [PixArt Lenovo USB Optical Mouse] on usb-0000:00:14.0-8/input0
[    2.173147] tg3 0000:03:00.0 eth0: Tigon3 [partno(N/A) rev 5720000] (PCI Express) MAC address 7c:8a:e1:d2:18:28
[    2.173150] tg3 0000:03:00.0 eth0: attached PHY is 5720C (10/100/1000Base-T Ethernet) (WireSpeed[1], EEE[1])
[    2.173152] tg3 0000:03:00.0 eth0: RXcsums[1] LinkChgREG[0] MIirq[0] ASF[1] TSOcap[1]
[    2.173154] tg3 0000:03:00.0 eth0: dma_rwctrl[00000001] dma_mask[64-bit]
[    2.205536] checking generic (90000000 300000) vs hw (90000000 1000000)
[    2.205538] fb: conflicting fb hw usage mgag200drmfb vs EFI VGA - removing generic driver
[    2.205557] Console: switching to colour dummy device 80x25
[    2.205901] tg3 0000:03:00.1 eth1: Tigon3 [partno(N/A) rev 5720000] (PCI Express) MAC address 7c:8a:e1:d2:18:29
[    2.205904] tg3 0000:03:00.1 eth1: attached PHY is 5720C (10/100/1000Base-T Ethernet) (WireSpeed[1], EEE[1])
[    2.205907] tg3 0000:03:00.1 eth1: RXcsums[1] LinkChgREG[0] MIirq[0] ASF[1] TSOcap[1]
[    2.205910] tg3 0000:03:00.1 eth1: dma_rwctrl[00000001] dma_mask[64-bit]
[    2.223155] [TTM] Zone  kernel: Available graphics memory: 8103166 kiB
[    2.223157] [TTM] Zone   dma32: Available graphics memory: 2097152 kiB
[    2.223159] [TTM] Initializing pool allocator
[    2.223528] [TTM] Initializing DMA pool allocator
[    2.247758] scsi host1: ahci
[    2.250633] scsi host2: ahci
[    2.253479] scsi host3: ahci
[    2.256499] scsi host4: ahci
[    2.259301] scsi host5: ahci
[    2.262602] scsi host6: ahci
[    2.265892] scsi host7: ahci
[    2.269130] scsi host8: ahci
[    2.272484] ata1: SATA max UDMA/133 abar m2048@0x91d02000 port 0x91d02100 irq 126
[    2.272493] ata2: SATA max UDMA/133 abar m2048@0x91d02000 port 0x91d02180 irq 126
[    2.272496] ata3: SATA max UDMA/133 abar m2048@0x91d02000 port 0x91d02200 irq 126
[    2.272499] ata4: SATA max UDMA/133 abar m2048@0x91d02000 port 0x91d02280 irq 126
[    2.272502] ata5: SATA max UDMA/133 abar m2048@0x91d02000 port 0x91d02300 irq 126
[    2.272505] ata6: SATA max UDMA/133 abar m2048@0x91d02000 port 0x91d02380 irq 126
[    2.272507] ata7: SATA max UDMA/133 abar m2048@0x91d02000 port 0x91d02400 irq 126
[    2.272510] ata8: SATA max UDMA/133 abar m2048@0x91d02000 port 0x91d02480 irq 126
[    2.311024] fbcon: mgadrmfb (fb0) is primary device
[    2.312734] Console: switching to colour frame buffer device 210x65
[    2.533359] usb 1-1.2: USB disconnect, device number 4
[    2.590700] ata3: SATA link down (SStatus 0 SControl 300)
[    2.592488] ata5: SATA link down (SStatus 0 SControl 300)
[    2.593662] ata2: SATA link down (SStatus 0 SControl 300)
[    2.594793] ata8: SATA link up 6.0 Gbps (SStatus 133 SControl 300)
[    2.595858] ata4: SATA link down (SStatus 0 SControl 300)
[    2.597608] ata6: SATA link down (SStatus 0 SControl 300)
[    2.599962] ata7: SATA link down (SStatus 0 SControl 300)
[    2.602596] ata1: SATA link down (SStatus 0 SControl 300)
[    2.604402] ata8.00: ATA-11: MTFDDAV240TDS-1AW1ZA 02JG528D7A44690LEN,     MP32, max UDMA/133
[    2.604404] ata8.00: 468862128 sectors, multi 16: LBA48 NCQ (depth 31/32), AA
[    2.607452] ata8.00: configured for UDMA/133
[    2.607522] scsi 8:0:0:0: Direct-Access     ATA      MTFDDAV240TDS-1A MP32 PQ: 0 ANSI: 5
[    2.654657] sd 8:0:0:0: [sda] 468862128 512-byte logical blocks: (240 GB/223 GiB)
[    2.654658] sd 8:0:0:0: [sda] 4096-byte physical blocks
[    2.654700] sd 8:0:0:0: [sda] Write Protect is off
[    2.654701] sd 8:0:0:0: [sda] Mode Sense: 00 3a 00 00
[    2.654715] sd 8:0:0:0: [sda] Write cache: enabled, read cache: enabled, doesn't support DPO or FUA
[    2.662261]  sda: sda1 sda2 sda3
[    2.662526] sd 8:0:0:0: [sda] Attached SCSI disk
[    2.688968] mgag200 0000:02:00.0: fb0: mgadrmfb frame buffer device
[    2.692650] [drm] Initialized mgag200 1.0.0 20110418 for 0000:02:00.0 on minor 0
[    2.914334] random: fast init done
[    2.989240] SGI XFS with ACLs, security attributes, no debug enabled
[    2.991055] XFS (dm-0): Mounting V5 Filesystem
[    3.013575] XFS (dm-0): Ending clean mount
[    3.203172] systemd-journald[135]: Received SIGTERM from PID 1 (systemd).
[    3.254807] type=1404 audit(1619074869.064:2): enforcing=1 old_enforcing=0 auid=4294967295 ses=4294967295
[    3.274414] SELinux: 2048 avtab hash slots, 112812 rules.
[    3.310726] SELinux: 2048 avtab hash slots, 112812 rules.
[    3.329726] SELinux:  8 users, 14 roles, 5046 types, 316 bools, 1 sens, 1024 cats
[    3.329729] SELinux:  130 classes, 112812 rules
[    3.333047] SELinux:  Completing initialization.
[    3.333048] SELinux:  Setting up existing superblocks.
[    3.342199] type=1403 audit(1619074869.151:3): policy loaded auid=4294967295 ses=4294967295
[    3.346683] systemd[1]: Successfully loaded SELinux policy in 91.439ms.
[    3.370090] ip_tables: (C) 2000-2006 Netfilter Core Team
[    3.370109] systemd[1]: Inserted module 'ip_tables'
[    3.383232] systemd[1]: Relabelled /dev, /run and /sys/fs/cgroup in 11.546ms.
[    3.537170] systemd-journald[560]: Received request to flush runtime journal from PID 1
[    3.925139] power_meter ACPI000D:00: Found ACPI power meter.
[    3.925156] power_meter ACPI000D:00: Ignoring unsafe software power cap!
[    3.956061] IPMI message handler: version 39.2
[    3.963413] ipmi device interface
[    3.985002] ipmi_si: IPMI System Interface driver
[    3.985303] ipmi_si dmi-ipmi-si.0: probing via SMBIOS
[    3.985306] ipmi_platform: ipmi_si: SMBIOS: io 0xcc0 regsize 1 spacing 1 irq 0
[    3.985307] ipmi_si: Adding SMBIOS-specified kcs state machine
[    3.986176] ipmi_si: Trying SMBIOS-specified kcs state machine at i/o address 0xcc0, slave address 0x20, irq 0
[    4.110970] ipmi_si dmi-ipmi-si.0: Found new BMC (man_id: 0x004a66, prod_id: 0x04c0, dev_id: 0x20)
[    4.135188] acpi PNP0C14:01: duplicate WMI GUID 05901221-D566-11D1-B2F0-00A0C9062910 (first instance was on PNP0C14:00)
[    4.162321] i801_smbus 0000:00:1f.4: SMBus using PCI interrupt
[    4.170227] mei_me 0000:00:16.0: enabling device (0000 -> 0002)
[    4.170377] mei_me 0000:00:16.0: irq 491 for MSI/MSI-X
[    4.174459] mei_me 0000:00:16.4: enabling device (0000 -> 0002)
[    4.174598] mei_me 0000:00:16.4: irq 492 for MSI/MSI-X
[    4.222804] random: crng init done
[    4.256940] sd 8:0:0:0: Attached scsi generic sg0 type 0
[    4.385597] idma64 idma64.0: Found Intel integrated DMA 64-bit
[    4.405700] input: PC Speaker as /devices/platform/pcspkr/input/input4
[    4.438290] cryptd: max_cpu_qlen set to 1000
[    4.469797] AVX2 version of gcm_enc/dec engaged.
[    4.469798] AES CTR mode by8 optimization enabled
[    4.475306] alg: No test for __gcm-aes-aesni (__driver-gcm-aes-aesni)
[    4.475369] alg: No test for __generic-gcm-aes-aesni (__driver-generic-gcm-aes-aesni)
[    4.499317] intel_rapl: Found RAPL domain package
[    4.499320] intel_rapl: Found RAPL domain core
[    4.499323] intel_rapl: Found RAPL domain dram
[    4.503539] idma64 idma64.1: Found Intel integrated DMA 64-bit
[    4.555808] XFS (sda2): Mounting V5 Filesystem
[    4.562128] ipmi_si dmi-ipmi-si.0: IPMI kcs interface initialized
[    4.570600] ipmi_ssif: IPMI SSIF Interface driver
[    4.578051] XFS (sda2): Ending clean mount
[    4.615629] idma64 idma64.2: Found Intel integrated DMA 64-bit
[    4.748847] iTCO_vendor_support: vendor-support=0
[    4.751468] iTCO_wdt: Intel TCO WatchDog Timer Driver v1.11
[    4.751628] iTCO_wdt: unable to reset NO_REBOOT flag, device disabled by hardware/BIOS
[    4.949664] Adding 8191996k swap on /dev/mapper/centos-swap.  Priority:-2 extents:1 across:8191996k SSFS
[    6.423075] XFS (dm-2): Mounting V5 Filesystem
[    6.443748] XFS (dm-2): Ending clean mount
[    6.504433] type=1305 audit(1619074872.313:4): audit_pid=958 old=0 auid=4294967295 ses=4294967295 subj=system_u:system_r:auditd_t:s0 res=1
[    6.524344] RPC: Registered named UNIX socket transport module.
[    6.524346] RPC: Registered udp transport module.
[    6.524347] RPC: Registered tcp transport module.
[    6.524348] RPC: Registered tcp NFSv4.1 backchannel transport module.
