Apr 21 11:42:46 localhost journal: Runtime journal is using 8.0M (max allowed 791.4M, trying to leave 1.1G free of 7.7G available â†’ current limit 791.4M).
Apr 21 11:42:46 localhost kernel: Initializing cgroup subsys cpuset
Apr 21 11:42:46 localhost kernel: Initializing cgroup subsys cpu
Apr 21 11:42:46 localhost kernel: Initializing cgroup subsys cpuacct
Apr 21 11:42:46 localhost kernel: Linux version 3.10.0-1062.el7.x86_64 (mockbuild@kbuilder.bsys.centos.org) (gcc version 4.8.5 20150623 (Red Hat 4.8.5-36) (GCC) ) #1 SMP Wed Aug 7 18:08:02 UTC 2019
Apr 21 11:42:46 localhost kernel: Command line: BOOT_IMAGE=/vmlinuz-3.10.0-1062.el7.x86_64 root=/dev/mapper/centos-root ro crashkernel=auto spectre_v2=retpoline rd.lvm.lv=centos/root rd.lvm.lv=centos/swap rhgb quiet LANG=en_US.UTF-8
Apr 21 11:42:46 localhost kernel: e820: BIOS-provided physical RAM map:
Apr 21 11:42:46 localhost kernel: BIOS-e820: [mem 0x0000000000000000-0x000000000005dfff] usable
Apr 21 11:42:46 localhost kernel: BIOS-e820: [mem 0x000000000005e000-0x000000000005efff] reserved
Apr 21 11:42:46 localhost kernel: BIOS-e820: [mem 0x000000000005f000-0x000000000009ffff] usable
Apr 21 11:42:46 localhost kernel: BIOS-e820: [mem 0x00000000000a0000-0x00000000000fffff] reserved
Apr 21 11:42:46 localhost kernel: BIOS-e820: [mem 0x0000000000100000-0x000000003fdb2fff] usable
Apr 21 11:42:46 localhost kernel: BIOS-e820: [mem 0x000000003fdb3000-0x000000003fdb3fff] ACPI NVS
Apr 21 11:42:46 localhost kernel: BIOS-e820: [mem 0x000000003fdb4000-0x0000000042b19fff] usable
Apr 21 11:42:46 localhost kernel: BIOS-e820: [mem 0x0000000042b1a000-0x0000000042b1afff] reserved
Apr 21 11:42:46 localhost kernel: BIOS-e820: [mem 0x0000000042b1b000-0x000000008d713fff] usable
Apr 21 11:42:46 localhost kernel: BIOS-e820: [mem 0x000000008d714000-0x000000008e1acfff] reserved
Apr 21 11:42:46 localhost kernel: BIOS-e820: [mem 0x000000008e1ad000-0x000000008e229fff] ACPI data
Apr 21 11:42:46 localhost kernel: BIOS-e820: [mem 0x000000008e22a000-0x000000008e6c3fff] ACPI NVS
Apr 21 11:42:46 localhost kernel: BIOS-e820: [mem 0x000000008e6c4000-0x000000008effefff] reserved
Apr 21 11:42:46 localhost kernel: BIOS-e820: [mem 0x000000008efff000-0x000000008effffff] usable
Apr 21 11:42:46 localhost kernel: BIOS-e820: [mem 0x000000008f000000-0x000000008fffffff] reserved
Apr 21 11:42:46 localhost kernel: BIOS-e820: [mem 0x00000000e0000000-0x00000000efffffff] reserved
Apr 21 11:42:46 localhost kernel: BIOS-e820: [mem 0x00000000fe000000-0x00000000fe010fff] reserved
Apr 21 11:42:46 localhost kernel: BIOS-e820: [mem 0x00000000fec00000-0x00000000fec00fff] reserved
Apr 21 11:42:46 localhost kernel: BIOS-e820: [mem 0x00000000fee00000-0x00000000fee00fff] reserved
Apr 21 11:42:46 localhost kernel: BIOS-e820: [mem 0x00000000ff000000-0x00000000ffffffff] reserved
Apr 21 11:42:46 localhost kernel: BIOS-e820: [mem 0x0000000100000000-0x000000046effffff] usable
Apr 21 11:42:46 localhost kernel: NX (Execute Disable) protection: active
Apr 21 11:42:46 localhost kernel: extended physical RAM map:
Apr 21 11:42:46 localhost kernel: reserve setup_data: [mem 0x0000000000000000-0x000000000005dfff] usable
Apr 21 11:42:46 localhost kernel: reserve setup_data: [mem 0x000000000005e000-0x000000000005efff] reserved
Apr 21 11:42:46 localhost kernel: reserve setup_data: [mem 0x000000000005f000-0x000000000009ffff] usable
Apr 21 11:42:46 localhost kernel: reserve setup_data: [mem 0x00000000000a0000-0x00000000000fffff] reserved
Apr 21 11:42:46 localhost kernel: reserve setup_data: [mem 0x0000000000100000-0x000000003fa26017] usable
Apr 21 11:42:46 localhost kernel: reserve setup_data: [mem 0x000000003fa26018-0x000000003fa54657] usable
Apr 21 11:42:46 localhost kernel: reserve setup_data: [mem 0x000000003fa54658-0x000000003fa55017] usable
Apr 21 11:42:46 localhost kernel: reserve setup_data: [mem 0x000000003fa55018-0x000000003fa83657] usable
Apr 21 11:42:46 localhost kernel: reserve setup_data: [mem 0x000000003fa83658-0x000000003fa84017] usable
Apr 21 11:42:46 localhost kernel: reserve setup_data: [mem 0x000000003fa84018-0x000000003fa8c057] usable
Apr 21 11:42:46 localhost kernel: reserve setup_data: [mem 0x000000003fa8c058-0x000000003fdb2fff] usable
Apr 21 11:42:46 localhost kernel: reserve setup_data: [mem 0x000000003fdb3000-0x000000003fdb3fff] ACPI NVS
Apr 21 11:42:46 localhost kernel: reserve setup_data: [mem 0x000000003fdb4000-0x0000000042b19fff] usable
Apr 21 11:42:46 localhost kernel: reserve setup_data: [mem 0x0000000042b1a000-0x0000000042b1afff] reserved
Apr 21 11:42:46 localhost kernel: reserve setup_data: [mem 0x0000000042b1b000-0x000000008d713fff] usable
Apr 21 11:42:46 localhost kernel: reserve setup_data: [mem 0x000000008d714000-0x000000008e1acfff] reserved
Apr 21 11:42:46 localhost kernel: reserve setup_data: [mem 0x000000008e1ad000-0x000000008e229fff] ACPI data
Apr 21 11:42:46 localhost kernel: reserve setup_data: [mem 0x000000008e22a000-0x000000008e6c3fff] ACPI NVS
Apr 21 11:42:46 localhost kernel: reserve setup_data: [mem 0x000000008e6c4000-0x000000008effefff] reserved
Apr 21 11:42:46 localhost kernel: reserve setup_data: [mem 0x000000008efff000-0x000000008effffff] usable
Apr 21 11:42:46 localhost kernel: reserve setup_data: [mem 0x000000008f000000-0x000000008fffffff] reserved
Apr 21 11:42:46 localhost kernel: reserve setup_data: [mem 0x00000000e0000000-0x00000000efffffff] reserved
Apr 21 11:42:46 localhost kernel: reserve setup_data: [mem 0x00000000fe000000-0x00000000fe010fff] reserved
Apr 21 11:42:46 localhost kernel: reserve setup_data: [mem 0x00000000fec00000-0x00000000fec00fff] reserved
Apr 21 11:42:46 localhost kernel: reserve setup_data: [mem 0x00000000fee00000-0x00000000fee00fff] reserved
Apr 21 11:42:46 localhost kernel: reserve setup_data: [mem 0x00000000ff000000-0x00000000ffffffff] reserved
Apr 21 11:42:46 localhost kernel: reserve setup_data: [mem 0x0000000100000000-0x000000046effffff] usable
Apr 21 11:42:46 localhost kernel: efi: EFI v2.70 by American Megatrends
Apr 21 11:42:46 localhost kernel: efi:  ACPI 2.0=0x8e1c6000  ACPI=0x8e1c6000  SMBIOS=0x8eb1d000  SMBIOS 3.0=0x8eb1c000  MPS=0xfcb80  ESRT=0x85852e98 
Apr 21 11:42:46 localhost kernel: efi: mem00: type=3, attr=0xf, range=[0x0000000000000000-0x0000000000008000) (0MB)
Apr 21 11:42:46 localhost kernel: efi: mem01: type=2, attr=0xf, range=[0x0000000000008000-0x0000000000009000) (0MB)
Apr 21 11:42:46 localhost kernel: efi: mem02: type=7, attr=0xf, range=[0x0000000000009000-0x000000000005e000) (0MB)
Apr 21 11:42:46 localhost kernel: efi: mem03: type=0, attr=0xf, range=[0x000000000005e000-0x000000000005f000) (0MB)
Apr 21 11:42:46 localhost kernel: efi: mem04: type=3, attr=0xf, range=[0x000000000005f000-0x00000000000a0000) (0MB)
Apr 21 11:42:46 localhost kernel: efi: mem05: type=7, attr=0xf, range=[0x0000000000100000-0x0000000001000000) (15MB)
Apr 21 11:42:46 localhost kernel: efi: mem06: type=2, attr=0xf, range=[0x0000000001000000-0x0000000003160000) (33MB)
Apr 21 11:42:46 localhost kernel: efi: mem07: type=7, attr=0xf, range=[0x0000000003160000-0x0000000022fc9000) (510MB)
Apr 21 11:42:46 localhost kernel: efi: mem08: type=2, attr=0xf, range=[0x0000000022fc9000-0x0000000032f6f000) (255MB)
Apr 21 11:42:46 localhost kernel: efi: mem09: type=4, attr=0xf, range=[0x0000000032f6f000-0x0000000032faf000) (0MB)
Apr 21 11:42:46 localhost kernel: efi: mem10: type=7, attr=0xf, range=[0x0000000032faf000-0x000000003da8e000) (170MB)
Apr 21 11:42:46 localhost kernel: efi: mem11: type=2, attr=0xf, range=[0x000000003da8e000-0x000000003f956000) (30MB)
Apr 21 11:42:46 localhost kernel: efi: mem12: type=7, attr=0xf, range=[0x000000003f956000-0x000000003f95a000) (0MB)
Apr 21 11:42:46 localhost kernel: efi: mem13: type=2, attr=0xf, range=[0x000000003f95a000-0x000000003f95f000) (0MB)
Apr 21 11:42:46 localhost kernel: efi: mem14: type=7, attr=0xf, range=[0x000000003f95f000-0x000000003fa26000) (0MB)
Apr 21 11:42:46 localhost kernel: efi: mem15: type=2, attr=0xf, range=[0x000000003fa26000-0x000000003fa8f000) (0MB)
Apr 21 11:42:46 localhost kernel: efi: mem16: type=1, attr=0xf, range=[0x000000003fa8f000-0x000000003fb99000) (1MB)
Apr 21 11:42:46 localhost kernel: efi: mem17: type=2, attr=0xf, range=[0x000000003fb99000-0x000000003fca4000) (1MB)
Apr 21 11:42:46 localhost kernel: efi: mem18: type=1, attr=0xf, range=[0x000000003fca4000-0x000000003fdb3000) (1MB)
Apr 21 11:42:46 localhost kernel: efi: mem19: type=10, attr=0xf, range=[0x000000003fdb3000-0x000000003fdb4000) (0MB)
Apr 21 11:42:46 localhost kernel: efi: mem20: type=4, attr=0xf, range=[0x000000003fdb4000-0x00000000400b6000) (3MB)
Apr 21 11:42:46 localhost kernel: efi: mem21: type=3, attr=0xf, range=[0x00000000400b6000-0x00000000400e2000) (0MB)
Apr 21 11:42:46 localhost kernel: efi: mem22: type=4, attr=0xf, range=[0x00000000400e2000-0x000000004011f000) (0MB)
Apr 21 11:42:46 localhost kernel: efi: mem23: type=3, attr=0xf, range=[0x000000004011f000-0x0000000040145000) (0MB)
Apr 21 11:42:46 localhost kernel: efi: mem24: type=4, attr=0xf, range=[0x0000000040145000-0x000000004246d000) (35MB)
Apr 21 11:42:46 localhost kernel: efi: mem25: type=3, attr=0xf, range=[0x000000004246d000-0x000000004247d000) (0MB)
Apr 21 11:42:46 localhost kernel: efi: mem26: type=4, attr=0xf, range=[0x000000004247d000-0x000000004295f000) (4MB)
Apr 21 11:42:46 localhost kernel: efi: mem27: type=3, attr=0xf, range=[0x000000004295f000-0x0000000042963000) (0MB)
Apr 21 11:42:46 localhost kernel: efi: mem28: type=4, attr=0xf, range=[0x0000000042963000-0x0000000042aa2000) (1MB)
Apr 21 11:42:46 localhost kernel: efi: mem29: type=3, attr=0xf, range=[0x0000000042aa2000-0x0000000042aad000) (0MB)
Apr 21 11:42:46 localhost kernel: efi: mem30: type=4, attr=0xf, range=[0x0000000042aad000-0x0000000042ac9000) (0MB)
Apr 21 11:42:46 localhost kernel: efi: mem31: type=3, attr=0xf, range=[0x0000000042ac9000-0x0000000042acd000) (0MB)
Apr 21 11:42:46 localhost kernel: efi: mem32: type=4, attr=0xf, range=[0x0000000042acd000-0x0000000042ad9000) (0MB)
Apr 21 11:42:46 localhost kernel: efi: mem33: type=3, attr=0xf, range=[0x0000000042ad9000-0x0000000042af1000) (0MB)
Apr 21 11:42:46 localhost kernel: efi: mem34: type=4, attr=0xf, range=[0x0000000042af1000-0x0000000042b1a000) (0MB)
Apr 21 11:42:46 localhost kernel: efi: mem35: type=6, attr=0x800000000000000f, range=[0x0000000042b1a000-0x0000000042b1b000) (0MB)
Apr 21 11:42:46 localhost kernel: efi: mem36: type=4, attr=0xf, range=[0x0000000042b1b000-0x0000000042b1c000) (0MB)
Apr 21 11:42:46 localhost kernel: efi: mem37: type=3, attr=0xf, range=[0x0000000042b1c000-0x0000000042b73000) (0MB)
Apr 21 11:42:46 localhost kernel: efi: mem38: type=4, attr=0xf, range=[0x0000000042b73000-0x0000000042b94000) (0MB)
Apr 21 11:42:46 localhost kernel: efi: mem39: type=3, attr=0xf, range=[0x0000000042b94000-0x0000000042b9c000) (0MB)
Apr 21 11:42:46 localhost kernel: efi: mem40: type=4, attr=0xf, range=[0x0000000042b9c000-0x0000000042bb5000) (0MB)
Apr 21 11:42:46 localhost kernel: efi: mem41: type=3, attr=0xf, range=[0x0000000042bb5000-0x0000000042be8000) (0MB)
Apr 21 11:42:46 localhost kernel: efi: mem42: type=4, attr=0xf, range=[0x0000000042be8000-0x0000000042c02000) (0MB)
Apr 21 11:42:46 localhost kernel: efi: mem43: type=3, attr=0xf, range=[0x0000000042c02000-0x0000000042c3a000) (0MB)
Apr 21 11:42:46 localhost kernel: efi: mem44: type=4, attr=0xf, range=[0x0000000042c3a000-0x0000000042f3a000) (3MB)
Apr 21 11:42:46 localhost kernel: efi: mem45: type=3, attr=0xf, range=[0x0000000042f3a000-0x0000000042f5f000) (0MB)
Apr 21 11:42:46 localhost kernel: efi: mem46: type=2, attr=0xf, range=[0x0000000042f5f000-0x0000000042f6e000) (0MB)
Apr 21 11:42:46 localhost kernel: efi: mem47: type=4, attr=0xf, range=[0x0000000042f6e000-0x000000008c24b000) (1170MB)
Apr 21 11:42:46 localhost kernel: efi: mem48: type=7, attr=0xf, range=[0x000000008c24b000-0x000000008c7fa000) (5MB)
Apr 21 11:42:46 localhost kernel: efi: mem49: type=3, attr=0xf, range=[0x000000008c7fa000-0x000000008d714000) (15MB)
Apr 21 11:42:46 localhost kernel: efi: mem50: type=0, attr=0xf, range=[0x000000008d714000-0x000000008e1ad000) (10MB)
Apr 21 11:42:46 localhost kernel: efi: mem51: type=9, attr=0xf, range=[0x000000008e1ad000-0x000000008e22a000) (0MB)
Apr 21 11:42:46 localhost kernel: efi: mem52: type=10, attr=0xf, range=[0x000000008e22a000-0x000000008e6c4000) (4MB)
Apr 21 11:42:46 localhost kernel: efi: mem53: type=6, attr=0x800000000000000f, range=[0x000000008e6c4000-0x000000008ef2b000) (8MB)
Apr 21 11:42:46 localhost kernel: efi: mem54: type=5, attr=0x800000000000000f, range=[0x000000008ef2b000-0x000000008efff000) (0MB)
Apr 21 11:42:46 localhost kernel: efi: mem55: type=4, attr=0xf, range=[0x000000008efff000-0x000000008f000000) (0MB)
Apr 21 11:42:46 localhost kernel: efi: mem56: type=7, attr=0xf, range=[0x0000000100000000-0x000000046f000000) (14064MB)
Apr 21 11:42:46 localhost kernel: efi: mem57: type=0, attr=0x0, range=[0x00000000000a0000-0x0000000000100000) (0MB)
Apr 21 11:42:46 localhost kernel: efi: mem58: type=0, attr=0x0, range=[0x000000008f000000-0x0000000090000000) (16MB)
Apr 21 11:42:46 localhost kernel: efi: mem59: type=11, attr=0x800000000000100d, range=[0x00000000e0000000-0x00000000f0000000) (256MB)
Apr 21 11:42:46 localhost kernel: efi: mem60: type=11, attr=0x8000000000000001, range=[0x00000000fe000000-0x00000000fe011000) (0MB)
Apr 21 11:42:46 localhost kernel: efi: mem61: type=11, attr=0x8000000000000001, range=[0x00000000fec00000-0x00000000fec01000) (0MB)
Apr 21 11:42:46 localhost kernel: efi: mem62: type=11, attr=0x8000000000000001, range=[0x00000000fee00000-0x00000000fee01000) (0MB)
Apr 21 11:42:46 localhost kernel: efi: mem63: type=11, attr=0x800000000000100d, range=[0x00000000ff000000-0x0000000100000000) (16MB)
Apr 21 11:42:46 localhost kernel: esrt: Reserving ESRT space from 0x0000000085852e98 to 0x0000000085852ed0.
Apr 21 11:42:46 localhost kernel: SMBIOS 3.2.0 present.
Apr 21 11:42:46 localhost kernel: DMI: Lenovo ThinkSystem SR250 -[7Y51CTO1WW]-/-[7Y51CTO1WW]-, BIOS -[ISE120C-2.30]- 10/20/2020
Apr 21 11:42:46 localhost kernel: e820: last_pfn = 0x46f000 max_arch_pfn = 0x400000000
Apr 21 11:42:46 localhost kernel: PAT configuration [0-7]: WB  WC  UC- UC  WB  WP  UC- UC  
Apr 21 11:42:46 localhost kernel: e820: last_pfn = 0x8f000 max_arch_pfn = 0x400000000
Apr 21 11:42:46 localhost kernel: found SMP MP-table at [mem 0x000fce60-0x000fce6f] mapped at [ffffffffff240e60]
Apr 21 11:42:46 localhost kernel: Using GB pages for direct mapping
Apr 21 11:42:46 localhost kernel: RAMDISK: [mem 0x3da8e000-0x3f8fbfff]
Apr 21 11:42:46 localhost kernel: Early table checksum verification disabled
Apr 21 11:42:46 localhost kernel: ACPI: RSDP 000000008e1c6000 00024 (v02 LENOVO)
Apr 21 11:42:46 localhost kernel: ACPI: XSDT 000000008e1c60d0 0011C (v01 LENOVO THINKSYS 00000100 AMI  00010013)
Apr 21 11:42:46 localhost kernel: ACPI: FACP 000000008e201ce0 00114 (v06 LENOVO THINKSYS 00000100 AMI  00010013)
Apr 21 11:42:46 localhost kernel: ACPI: DSDT 000000008e1c6278 3BA68 (v02 LENOVO THINKSYS 00000100 INTL 20160527)
Apr 21 11:42:46 localhost kernel: ACPI: FACS 000000008e6c3f80 00040
Apr 21 11:42:46 localhost kernel: ACPI: APIC 000000008e201df8 00084 (v04 LENOVO THINKSYS 00000100 AMI  00010013)
Apr 21 11:42:46 localhost kernel: ACPI: FPDT 000000008e201e80 00044 (v01 LENOVO THINKSYS 00000100 AMI  00010013)
Apr 21 11:42:46 localhost kernel: ACPI: FIDT 000000008e201ec8 0009C (v01 LENOVO THINKSYS 00000100 AMI  00010013)
Apr 21 11:42:46 localhost kernel: ACPI: MCFG 000000008e201f68 0003C (v01 LENOVO THINKSYS 00000100 MSFT 00000097)
Apr 21 11:42:46 localhost kernel: ACPI: SSDT 000000008e201fa8 01B1C (v02 CpuRef  CpuSsdt 00003000 INTL 20160527)
Apr 21 11:42:46 localhost kernel: ACPI: OEM9 000000008e203ac8 00030 (v01    LNV LNVGYERR 00000003      00000000)
Apr 21 11:42:46 localhost kernel: ACPI: SSDT 000000008e203af8 031C6 (v02 SaSsdt  SaSsdt  00003000 INTL 20160527)
Apr 21 11:42:46 localhost kernel: ACPI: SSDT 000000008e206cc0 0232B (v02 PegSsd  PegSsdt 00001000 INTL 20160527)
Apr 21 11:42:46 localhost kernel: ACPI: HPET 000000008e208ff0 00038 (v01 LENOVO THINKSYS 00000100      01000013)
Apr 21 11:42:46 localhost kernel: ACPI: SSDT 000000008e209028 00FAE (v02 LENOVO Ther_Rvp 00001000 INTL 20160527)
Apr 21 11:42:46 localhost kernel: ACPI: SSDT 000000008e209fd8 008F4 (v02  INTEL xh_mossb 00000000 INTL 20160527)
Apr 21 11:42:46 localhost kernel: ACPI: UEFI 000000008e20a8d0 00042 (v01 LENOVO THINKSYS 00000100      01000013)
Apr 21 11:42:46 localhost kernel: ACPI: SSDT 000000008e20a918 003B5 (v02 LENOVO THINKSYS 00001000 INTL 20160527)
Apr 21 11:42:46 localhost kernel: ACPI: TPM2 000000008e20acd0 00034 (v04 LENOVO THINKSYS 00000100      01000013)
Apr 21 11:42:46 localhost kernel: ACPI: LPIT 000000008e20ad08 00094 (v01 LENOVO THINKSYS 00000100      01000013)
Apr 21 11:42:46 localhost kernel: ACPI: SSDT 000000008e20ada0 027DE (v02 LENOVO PtidDevc 00001000 INTL 20160527)
Apr 21 11:42:46 localhost kernel: ACPI: SSDT 000000008e20d580 014E2 (v02 LENOVO TbtTypeC 00000000 INTL 20160527)
Apr 21 11:42:46 localhost kernel: ACPI: DBGP 000000008e20ea68 00034 (v01 LENOVO THINKSYS 00000100      01000013)
Apr 21 11:42:46 localhost kernel: ACPI: DBG2 000000008e20eaa0 00054 (v00 LENOVO THINKSYS 00000100      01000013)
Apr 21 11:42:46 localhost kernel: ACPI: SSDT 000000008e20eaf8 01B67 (v02 LENOVO UsbCTabl 00001000 INTL 20160527)
Apr 21 11:42:46 localhost kernel: ACPI: SLIC 000000008e210660 00176 (v01 LENOVO THINKSYS 00000100 AMI  00010013)
Apr 21 11:42:46 localhost kernel: ACPI: DMAR 000000008e2107d8 00070 (v01 INTEL  EDK2     00000002      01000013)
Apr 21 11:42:46 localhost kernel: ACPI: SSDT 000000008e210848 00144 (v02 Intel  ADebTabl 00001000 INTL 20160527)
Apr 21 11:42:46 localhost kernel: ACPI: SSDT 000000008e210990 00D8F (v02  INTEL SpsNm    00000002 INTL 20160527)
Apr 21 11:42:46 localhost kernel: ACPI: SSDT 000000008e211720 0021F (v02 LENOVO CDNTABLE 00001000 INTL 20160527)
Apr 21 11:42:46 localhost kernel: ACPI: WSMT 000000008e211940 00028 (v01 LENOVO THINKSYS 00000100 AMI  00010013)
Apr 21 11:42:46 localhost kernel: ACPI: EINJ 000000008e211968 00130 (v01    AMI AMI.EINJ 00000000 AMI. 00000000)
Apr 21 11:42:46 localhost kernel: ACPI: ERST 000000008e211a98 00230 (v01  AMIER AMI.ERST 00000000 AMI. 00000000)
Apr 21 11:42:46 localhost kernel: ACPI: BERT 000000008e211cc8 00030 (v01    AMI AMI.BERT 00000000 AMI. 00000000)
Apr 21 11:42:46 localhost kernel: ACPI: HEST 000000008e211cf8 000A8 (v01    AMI AMI.HEST 00000000 AMI. 00000000)
Apr 21 11:42:46 localhost kernel: No NUMA configuration found
Apr 21 11:42:46 localhost kernel: Faking a node at [mem 0x0000000000000000-0x000000046effffff]
Apr 21 11:42:46 localhost kernel: NODE_DATA(0) allocated [mem 0x46efd9000-0x46effffff]
Apr 21 11:42:46 localhost kernel: Reserving 161MB of memory at 640MB for crashkernel (System RAM: 16326MB)
Apr 21 11:42:46 localhost kernel: Zone ranges:
Apr 21 11:42:46 localhost kernel:  DMA      [mem 0x00001000-0x00ffffff]
Apr 21 11:42:46 localhost kernel:  DMA32    [mem 0x01000000-0xffffffff]
Apr 21 11:42:46 localhost kernel:  Normal   [mem 0x100000000-0x46effffff]
Apr 21 11:42:46 localhost kernel: Movable zone start for each node
Apr 21 11:42:46 localhost kernel: Early memory node ranges
Apr 21 11:42:46 localhost kernel:  node   0: [mem 0x00001000-0x0005dfff]
Apr 21 11:42:46 localhost kernel:  node   0: [mem 0x0005f000-0x0009ffff]
Apr 21 11:42:46 localhost kernel:  node   0: [mem 0x00100000-0x3fdb2fff]
Apr 21 11:42:46 localhost kernel:  node   0: [mem 0x3fdb4000-0x42b19fff]
Apr 21 11:42:46 localhost kernel:  node   0: [mem 0x42b1b000-0x8d713fff]
Apr 21 11:42:46 localhost kernel:  node   0: [mem 0x8efff000-0x8effffff]
Apr 21 11:42:46 localhost kernel:  node   0: [mem 0x100000000-0x46effffff]
Apr 21 11:42:46 localhost kernel: Initmem setup node 0 [mem 0x00001000-0x46effffff]
Apr 21 11:42:46 localhost kernel: ACPI: PM-Timer IO Port: 0x1808
Apr 21 11:42:46 localhost kernel: ACPI: LAPIC (acpi_id[0x01] lapic_id[0x00] enabled)
Apr 21 11:42:46 localhost kernel: ACPI: LAPIC (acpi_id[0x02] lapic_id[0x02] enabled)
Apr 21 11:42:46 localhost kernel: ACPI: LAPIC (acpi_id[0x03] lapic_id[0x04] enabled)
Apr 21 11:42:46 localhost kernel: ACPI: LAPIC (acpi_id[0x04] lapic_id[0x06] enabled)
Apr 21 11:42:46 localhost kernel: ACPI: LAPIC_NMI (acpi_id[0x01] high edge lint[0x1])
Apr 21 11:42:46 localhost kernel: ACPI: LAPIC_NMI (acpi_id[0x02] high edge lint[0x1])
Apr 21 11:42:46 localhost kernel: ACPI: LAPIC_NMI (acpi_id[0x03] high edge lint[0x1])
Apr 21 11:42:46 localhost kernel: ACPI: LAPIC_NMI (acpi_id[0x04] high edge lint[0x1])
Apr 21 11:42:46 localhost kernel: ACPI: IOAPIC (id[0x02] address[0xfec00000] gsi_base[0])
Apr 21 11:42:46 localhost kernel: IOAPIC[0]: apic_id 2, version 32, address 0xfec00000, GSI 0-119
Apr 21 11:42:46 localhost kernel: ACPI: INT_SRC_OVR (bus 0 bus_irq 0 global_irq 2 dfl dfl)
Apr 21 11:42:46 localhost kernel: ACPI: INT_SRC_OVR (bus 0 bus_irq 9 global_irq 9 high level)
Apr 21 11:42:46 localhost kernel: Using ACPI (MADT) for SMP configuration information
Apr 21 11:42:46 localhost kernel: ACPI: HPET id: 0x8086a201 base: 0xfed00000
Apr 21 11:42:46 localhost kernel: smpboot: Allowing 4 CPUs, 0 hotplug CPUs
Apr 21 11:42:46 localhost kernel: PM: Registered nosave memory: [mem 0x0005e000-0x0005efff]
Apr 21 11:42:46 localhost kernel: PM: Registered nosave memory: [mem 0x000a0000-0x000fffff]
Apr 21 11:42:46 localhost kernel: PM: Registered nosave memory: [mem 0x3fa26000-0x3fa26fff]
Apr 21 11:42:46 localhost kernel: PM: Registered nosave memory: [mem 0x3fa54000-0x3fa54fff]
Apr 21 11:42:46 localhost kernel: PM: Registered nosave memory: [mem 0x3fa55000-0x3fa55fff]
Apr 21 11:42:46 localhost kernel: PM: Registered nosave memory: [mem 0x3fa83000-0x3fa83fff]
Apr 21 11:42:46 localhost kernel: PM: Registered nosave memory: [mem 0x3fa84000-0x3fa84fff]
Apr 21 11:42:46 localhost kernel: PM: Registered nosave memory: [mem 0x3fa8c000-0x3fa8cfff]
Apr 21 11:42:46 localhost kernel: PM: Registered nosave memory: [mem 0x3fdb3000-0x3fdb3fff]
Apr 21 11:42:46 localhost kernel: PM: Registered nosave memory: [mem 0x42b1a000-0x42b1afff]
Apr 21 11:42:46 localhost kernel: PM: Registered nosave memory: [mem 0x8d714000-0x8e1acfff]
Apr 21 11:42:46 localhost kernel: PM: Registered nosave memory: [mem 0x8e1ad000-0x8e229fff]
Apr 21 11:42:46 localhost kernel: PM: Registered nosave memory: [mem 0x8e22a000-0x8e6c3fff]
Apr 21 11:42:46 localhost kernel: PM: Registered nosave memory: [mem 0x8e6c4000-0x8effefff]
Apr 21 11:42:46 localhost kernel: PM: Registered nosave memory: [mem 0x8f000000-0x8fffffff]
Apr 21 11:42:46 localhost kernel: PM: Registered nosave memory: [mem 0x90000000-0xdfffffff]
Apr 21 11:42:46 localhost kernel: PM: Registered nosave memory: [mem 0xe0000000-0xefffffff]
Apr 21 11:42:46 localhost kernel: PM: Registered nosave memory: [mem 0xf0000000-0xfdffffff]
Apr 21 11:42:46 localhost kernel: PM: Registered nosave memory: [mem 0xfe000000-0xfe010fff]
Apr 21 11:42:46 localhost kernel: PM: Registered nosave memory: [mem 0xfe011000-0xfebfffff]
Apr 21 11:42:46 localhost kernel: PM: Registered nosave memory: [mem 0xfec00000-0xfec00fff]
Apr 21 11:42:46 localhost kernel: PM: Registered nosave memory: [mem 0xfec01000-0xfedfffff]
Apr 21 11:42:46 localhost kernel: PM: Registered nosave memory: [mem 0xfee00000-0xfee00fff]
Apr 21 11:42:46 localhost kernel: PM: Registered nosave memory: [mem 0xfee01000-0xfeffffff]
Apr 21 11:42:46 localhost kernel: PM: Registered nosave memory: [mem 0xff000000-0xffffffff]
Apr 21 11:42:46 localhost kernel: e820: [mem 0x90000000-0xdfffffff] available for PCI devices
Apr 21 11:42:46 localhost kernel: Booting paravirtualized kernel on bare hardware
Apr 21 11:42:46 localhost kernel: setup_percpu: NR_CPUS:5120 nr_cpumask_bits:4 nr_cpu_ids:4 nr_node_ids:1
Apr 21 11:42:46 localhost kernel: PERCPU: Embedded 38 pages/cpu @ffff8ce16ec00000 s118784 r8192 d28672 u524288
Apr 21 11:42:46 localhost kernel: Built 1 zonelists in Zone order, mobility grouping on.  Total pages: 4114300
Apr 21 11:42:46 localhost kernel: Policy zone: Normal
Apr 21 11:42:46 localhost kernel: Kernel command line: BOOT_IMAGE=/vmlinuz-3.10.0-1062.el7.x86_64 root=/dev/mapper/centos-root ro crashkernel=auto spectre_v2=retpoline rd.lvm.lv=centos/root rd.lvm.lv=centos/swap rhgb quiet LANG=en_US.UTF-8
Apr 21 11:42:46 localhost kernel: PID hash table entries: 4096 (order: 3, 32768 bytes)
Apr 21 11:42:46 localhost kernel: x86/fpu: xstate_offset[2]: 0240, xstate_sizes[2]: 0100
Apr 21 11:42:46 localhost kernel: x86/fpu: xstate_offset[3]: 03c0, xstate_sizes[3]: 0040
Apr 21 11:42:46 localhost kernel: x86/fpu: xstate_offset[4]: 0400, xstate_sizes[4]: 0040
Apr 21 11:42:46 localhost kernel: xsave: enabled xstate_bv 0x1f, cntxt size 0x440 using standard form
Apr 21 11:42:46 localhost kernel: Memory: 4066532k/18595840k available (7756k kernel code, 1877308k absent, 611272k reserved, 5971k data, 1984k init)
Apr 21 11:42:46 localhost kernel: SLUB: HWalign=64, Order=0-3, MinObjects=0, CPUs=4, Nodes=1
Apr 21 11:42:46 localhost kernel: x86/pti: Unmapping kernel while in userspace
Apr 21 11:42:46 localhost kernel: Hierarchical RCU implementation.
Apr 21 11:42:46 localhost kernel: #011RCU restricting CPUs from NR_CPUS=5120 to nr_cpu_ids=4.
Apr 21 11:42:46 localhost kernel: NR_IRQS:327936 nr_irqs:1024 0
Apr 21 11:42:46 localhost kernel: Console: colour dummy device 80x25
Apr 21 11:42:46 localhost kernel: console [tty0] enabled
Apr 21 11:42:46 localhost kernel: allocated 67108864 bytes of page_cgroup
Apr 21 11:42:46 localhost kernel: please try 'cgroup_disable=memory' option if you don't want memory cgroups
Apr 21 11:42:46 localhost kernel: tsc: Detected 3400.000 MHz processor
Apr 21 11:42:46 localhost kernel: tsc: Detected 3408.000 MHz TSC
Apr 21 11:42:46 localhost kernel: Calibrating delay loop (skipped), value calculated using timer frequency.. 
Apr 21 11:42:46 localhost kernel: 6816.00 BogoMIPS (lpj=3408000)
Apr 21 11:42:46 localhost kernel: pid_max: default: 32768 minimum: 301
Apr 21 11:42:46 localhost kernel: Security Framework initialized
Apr 21 11:42:46 localhost kernel: SELinux:  Initializing.
Apr 21 11:42:46 localhost kernel: Yama: becoming mindful.
Apr 21 11:42:46 localhost kernel: Dentry cache hash table entries: 2097152 (order: 12, 16777216 bytes)
Apr 21 11:42:46 localhost kernel: Inode-cache hash table entries: 1048576 (order: 11, 8388608 bytes)
Apr 21 11:42:46 localhost kernel: Mount-cache hash table entries: 32768 (order: 6, 262144 bytes)
Apr 21 11:42:46 localhost kernel: Mountpoint-cache hash table entries: 32768 (order: 6, 262144 bytes)
Apr 21 11:42:46 localhost kernel: Initializing cgroup subsys memory
Apr 21 11:42:46 localhost kernel: Initializing cgroup subsys devices
Apr 21 11:42:46 localhost kernel: Initializing cgroup subsys freezer
Apr 21 11:42:46 localhost kernel: Initializing cgroup subsys net_cls
Apr 21 11:42:46 localhost kernel: Initializing cgroup subsys blkio
Apr 21 11:42:46 localhost kernel: Initializing cgroup subsys perf_event
Apr 21 11:42:46 localhost kernel: Initializing cgroup subsys hugetlb
Apr 21 11:42:46 localhost kernel: Initializing cgroup subsys pids
Apr 21 11:42:46 localhost kernel: Initializing cgroup subsys net_prio
Apr 21 11:42:46 localhost kernel: ENERGY_PERF_BIAS: Set to 'normal', was 'performance'
Apr 21 11:42:46 localhost kernel: ENERGY_PERF_BIAS: View and update with x86_energy_perf_policy(8)
Apr 21 11:42:46 localhost kernel: CPU0: Thermal monitoring enabled (TM1)
Apr 21 11:42:46 localhost kernel: Last level iTLB entries: 4KB 0, 2MB 0, 4MB 0
Apr 21 11:42:46 localhost kernel: Last level dTLB entries: 4KB 64, 2MB 0, 4MB 0
Apr 21 11:42:46 localhost kernel: tlb_flushall_shift: 6
Apr 21 11:42:46 localhost kernel: Speculative Store Bypass: Mitigation: Speculative Store Bypass disabled via prctl and seccomp
Apr 21 11:42:46 localhost kernel: FEATURE SPEC_CTRL Present
Apr 21 11:42:46 localhost kernel: FEATURE IBPB_SUPPORT Present
Apr 21 11:42:46 localhost kernel: Spectre V2 : retpoline selected on command line.
Apr 21 11:42:46 localhost kernel: Spectre V2 : Enabling Indirect Branch Prediction Barrier
Apr 21 11:42:46 localhost kernel: Spectre V2 : Mitigation: Full retpoline
Apr 21 11:42:46 localhost kernel: MDS: Mitigation: Clear CPU buffers
Apr 21 11:42:46 localhost kernel: Freeing SMP alternatives: 28k freed
Apr 21 11:42:46 localhost kernel: ACPI: Core revision 20130517
Apr 21 11:42:46 localhost kernel: ACPI: All ACPI Tables successfully acquired
Apr 21 11:42:46 localhost kernel: ftrace: allocating 29538 entries in 116 pages
Apr 21 11:42:46 localhost kernel: DMAR: Host address width 39
Apr 21 11:42:46 localhost kernel: DMAR: DRHD base: 0x000000fed91000 flags: 0x1
Apr 21 11:42:46 localhost kernel: DMAR: dmar0: reg_base_addr fed91000 ver 1:0 cap d2008c40660462 ecap f050da
Apr 21 11:42:46 localhost kernel: DMAR: RMRR base: 0x0000008e8ab000 end: 0x0000008eaf4fff
Apr 21 11:42:46 localhost kernel: DMAR-IR: IOAPIC id 2 under DRHD base  0xfed91000 IOMMU 0
Apr 21 11:42:46 localhost kernel: DMAR-IR: HPET id 0 under DRHD base 0xfed91000
Apr 21 11:42:46 localhost kernel: DMAR-IR: Queued invalidation will be enabled to support x2apic and Intr-remapping.
Apr 21 11:42:46 localhost kernel: DMAR-IR: Enabled IRQ remapping in x2apic mode
Apr 21 11:42:46 localhost kernel: Enabling x2apic
Apr 21 11:42:46 localhost kernel: Enabled x2apic
Apr 21 11:42:46 localhost kernel: Switched APIC routing to cluster x2apic.
Apr 21 11:42:46 localhost kernel: ..TIMER: vector=0x30 apic1=0 pin1=2 apic2=-1 pin2=-1
Apr 21 11:42:46 localhost kernel: smpboot: CPU0: Intel(R) Xeon(R) E-2224 CPU @ 3.40GHz (fam: 06, model: 9e, stepping: 0a)
Apr 21 11:42:46 localhost kernel: Performance Events: PEBS fmt3+, Skylake events, 32-deep LBR, full-width counters, Intel PMU driver.
Apr 21 11:42:46 localhost kernel: ... version:                4
Apr 21 11:42:46 localhost kernel: ... bit width:              48
Apr 21 11:42:46 localhost kernel: ... generic registers:      8
Apr 21 11:42:46 localhost kernel: ... value mask:             0000ffffffffffff
Apr 21 11:42:46 localhost kernel: ... max period:             00007fffffffffff
Apr 21 11:42:46 localhost kernel: ... fixed-purpose events:   3
Apr 21 11:42:46 localhost kernel: ... event mask:             00000007000000ff
Apr 21 11:42:46 localhost kernel: NMI watchdog: enabled on all CPUs, permanently consumes one hw-PMU counter.
Apr 21 11:42:46 localhost kernel: smpboot: Booting Node   0, Processors  #1 #2 #3 OK
Apr 21 11:42:46 localhost kernel: Brought up 4 CPUs
Apr 21 11:42:46 localhost kernel: smpboot: Max logical packages: 1
Apr 21 11:42:46 localhost kernel: smpboot: Total of 4 processors activated (27264.00 BogoMIPS)
Apr 21 11:42:46 localhost kernel: node 0 initialised, 3010182 pages in 71ms
Apr 21 11:42:46 localhost kernel: devtmpfs: initialized
Apr 21 11:42:46 localhost kernel: x86/mm: Memory block size: 128MB
Apr 21 11:42:46 localhost kernel: EVM: security.selinux
Apr 21 11:42:46 localhost kernel: EVM: security.ima
Apr 21 11:42:46 localhost kernel: EVM: security.capability
Apr 21 11:42:46 localhost kernel: PM: Registering ACPI NVS region [mem 0x3fdb3000-0x3fdb3fff] (4096 bytes)
Apr 21 11:42:46 localhost kernel: PM: Registering ACPI NVS region [mem 0x8e22a000-0x8e6c3fff] (4825088 bytes)
Apr 21 11:42:46 localhost kernel: atomic64 test passed for x86-64 platform with CX8 and with SSE
Apr 21 11:42:46 localhost kernel: pinctrl core: initialized pinctrl subsystem
Apr 21 11:42:46 localhost kernel: RTC time:  9:42:45, date: 04/21/21
Apr 21 11:42:46 localhost kernel: NET: Registered protocol family 16
Apr 21 11:42:46 localhost kernel: ACPI FADT declares the system doesn't support PCIe ASPM, so disable it
Apr 21 11:42:46 localhost kernel: ACPI: bus type PCI registered
Apr 21 11:42:46 localhost kernel: acpiphp: ACPI Hot Plug PCI Controller Driver version: 0.5
Apr 21 11:42:46 localhost kernel: PCI: MMCONFIG for domain 0000 [bus 00-ff] at [mem 0xe0000000-0xefffffff] (base 0xe0000000)
Apr 21 11:42:46 localhost kernel: PCI: MMCONFIG at [mem 0xe0000000-0xefffffff] reserved in E820
Apr 21 11:42:46 localhost kernel: PCI: Using configuration type 1 for base access
Apr 21 11:42:46 localhost kernel: ACPI: Added _OSI(Module Device)
Apr 21 11:42:46 localhost kernel: ACPI: Added _OSI(Processor Device)
Apr 21 11:42:46 localhost kernel: ACPI: Added _OSI(3.0 _SCP Extensions)
Apr 21 11:42:46 localhost kernel: ACPI: Added _OSI(Processor Aggregator Device)
Apr 21 11:42:46 localhost kernel: ACPI: Added _OSI(Linux-Dell-Video)
Apr 21 11:42:46 localhost kernel: ACPI: Executed 50 blocks of module-level executable AML code
Apr 21 11:42:46 localhost kernel: ACPI: \_SB_.PR00: _OSC native thermal LVT Acked
Apr 21 11:42:46 localhost kernel: ACPI: Interpreter enabled
Apr 21 11:42:46 localhost kernel: ACPI: (supports S0 S5)
Apr 21 11:42:46 localhost kernel: ACPI: Using IOAPIC for interrupt routing
Apr 21 11:42:46 localhost kernel: HEST: Table parsing has been initialized.
Apr 21 11:42:46 localhost kernel: PCI: Using host bridge windows from ACPI; if necessary, use "pci=nocrs" and report a bug
Apr 21 11:42:46 localhost kernel: ACPI: Enabled 9 GPEs in block 00 to 7F
Apr 21 11:42:46 localhost kernel: ACPI: Power Resource [USBC] (on)
Apr 21 11:42:46 localhost kernel: ACPI: Power Resource [V0PR] (on)
Apr 21 11:42:46 localhost kernel: ACPI: Power Resource [V1PR] (on)
Apr 21 11:42:46 localhost kernel: ACPI: Power Resource [V2PR] (on)
Apr 21 11:42:46 localhost kernel: ACPI: Power Resource [WRST] (on)
Apr 21 11:42:46 localhost kernel: ACPI: [Firmware Bug]: BIOS _OSI(Linux) query ignored
Apr 21 11:42:46 localhost kernel: ACPI: Power Resource [FN00] (off)
Apr 21 11:42:46 localhost kernel: ACPI: Power Resource [FN01] (off)
Apr 21 11:42:46 localhost kernel: ACPI: Power Resource [FN02] (off)
Apr 21 11:42:46 localhost kernel: ACPI: Power Resource [FN03] (off)
Apr 21 11:42:46 localhost kernel: ACPI: Power Resource [FN04] (off)
Apr 21 11:42:46 localhost kernel: ACPI: Power Resource [PIN] (off)
Apr 21 11:42:46 localhost kernel: ACPI: PCI Root Bridge [PCI0] (domain 0000 [bus 00-fe])
Apr 21 11:42:46 localhost kernel: acpi PNP0A08:00: _OSC: OS supports [ExtendedConfig ASPM ClockPM Segments MSI]
Apr 21 11:42:46 localhost kernel: acpi PNP0A08:00: _OSC: platform does not support [AER]
Apr 21 11:42:46 localhost kernel: acpi PNP0A08:00: _OSC: OS now controls [PCIeHotplug SHPCHotplug PME PCIeCapability]
Apr 21 11:42:46 localhost kernel: acpi PNP0A08:00: FADT indicates ASPM is unsupported, using BIOS configuration
Apr 21 11:42:46 localhost kernel: PCI host bridge to bus 0000:00
Apr 21 11:42:46 localhost kernel: pci_bus 0000:00: root bus resource [io  0x0000-0x0cf7 window]
Apr 21 11:42:46 localhost kernel: pci_bus 0000:00: root bus resource [io  0x0d00-0xffff window]
Apr 21 11:42:46 localhost kernel: pci_bus 0000:00: root bus resource [mem 0x000a0000-0x000bffff window]
Apr 21 11:42:46 localhost kernel: pci_bus 0000:00: root bus resource [mem 0x90000000-0xdfffffff window]
Apr 21 11:42:46 localhost kernel: pci_bus 0000:00: root bus resource [mem 0x4000000000-0x7fffffffff window]
Apr 21 11:42:46 localhost kernel: pci_bus 0000:00: root bus resource [mem 0xfc800000-0xfe7fffff window]
Apr 21 11:42:46 localhost kernel: pci_bus 0000:00: root bus resource [bus 00-fe]
Apr 21 11:42:46 localhost kernel: pci 0000:00:01.0: System wakeup disabled by ACPI
Apr 21 11:42:46 localhost kernel: pci 0000:00:01.1: System wakeup disabled by ACPI
Apr 21 11:42:46 localhost kernel: pci 0000:00:14.0: System wakeup disabled by ACPI
Apr 21 11:42:46 localhost kernel: pci 0000:00:1c.0: System wakeup disabled by ACPI
Apr 21 11:42:46 localhost kernel: pci 0000:00:1c.1: System wakeup disabled by ACPI
Apr 21 11:42:46 localhost kernel: pci 0000:00:01.0: PCI bridge to [bus 04]
Apr 21 11:42:46 localhost kernel: pci 0000:00:01.1: PCI bridge to [bus 05]
Apr 21 11:42:46 localhost kernel: pci 0000:00:1c.0: PCI bridge to [bus 01-02]
Apr 21 11:42:46 localhost kernel: pci 0000:01:00.0: PCI bridge to [bus 02]
Apr 21 11:42:46 localhost kernel: pci 0000:03:00.0: 4.000 Gb/s available PCIe bandwidth, limited by 5 GT/s x1 link at 0000:00:1c.1 (capable of 15.752 Gb/s with 8 GT/s x2 link)
Apr 21 11:42:46 localhost kernel: pci 0000:03:00.0: System wakeup disabled by ACPI
Apr 21 11:42:46 localhost kernel: pci 0000:00:1c.1: PCI bridge to [bus 03]
Apr 21 11:42:46 localhost kernel: ACPI: PCI Interrupt Link [LNKA] (IRQs 3 4 5 6 10 11 12 14 15) *0
Apr 21 11:42:46 localhost kernel: ACPI: PCI Interrupt Link [LNKB] (IRQs 3 4 5 6 10 11 12 14 15) *1
Apr 21 11:42:46 localhost kernel: ACPI: PCI Interrupt Link [LNKC] (IRQs 3 4 5 6 10 11 12 14 15) *0
Apr 21 11:42:46 localhost kernel: ACPI: PCI Interrupt Link [LNKD] (IRQs 3 4 5 6 10 11 12 14 15) *0
Apr 21 11:42:46 localhost kernel: ACPI: PCI Interrupt Link [LNKE] (IRQs 3 4 5 6 10 11 12 14 15) *0
Apr 21 11:42:46 localhost kernel: ACPI: PCI Interrupt Link [LNKF] (IRQs 3 4 5 6 10 11 12 14 15) *0
Apr 21 11:42:46 localhost kernel: ACPI: PCI Interrupt Link [LNKG] (IRQs 3 4 5 6 10 11 12 14 15) *0
Apr 21 11:42:46 localhost kernel: ACPI: PCI Interrupt Link [LNKH] (IRQs 3 4 5 6 10 11 12 14 15) *0
Apr 21 11:42:46 localhost kernel: vgaarb: device added: PCI:0000:02:00.0,decodes=io+mem,owns=none,locks=none
Apr 21 11:42:46 localhost kernel: vgaarb: loaded
Apr 21 11:42:46 localhost kernel: vgaarb: bridge control possible 0000:02:00.0
Apr 21 11:42:46 localhost kernel: SCSI subsystem initialized
Apr 21 11:42:46 localhost kernel: ACPI: bus type USB registered
Apr 21 11:42:46 localhost kernel: usbcore: registered new interface driver usbfs
Apr 21 11:42:46 localhost kernel: usbcore: registered new interface driver hub
Apr 21 11:42:46 localhost kernel: usbcore: registered new device driver usb
Apr 21 11:42:46 localhost kernel: EDAC MC: Ver: 3.0.0
Apr 21 11:42:46 localhost kernel: Registered efivars operations
Apr 21 11:42:46 localhost kernel: PCI: Using ACPI for IRQ routing
Apr 21 11:42:46 localhost kernel: NetLabel: Initializing
Apr 21 11:42:46 localhost kernel: NetLabel:  domain hash size = 128
Apr 21 11:42:46 localhost kernel: NetLabel:  protocols = UNLABELED CIPSOv4
Apr 21 11:42:46 localhost kernel: NetLabel:  unlabeled traffic allowed by default
Apr 21 11:42:46 localhost kernel: hpet0: at MMIO 0xfed00000, IRQs 2, 8, 0, 0, 0, 0, 0, 0
Apr 21 11:42:46 localhost kernel: hpet0: 8 comparators, 64-bit 24.000000 MHz counter
Apr 21 11:42:46 localhost kernel: amd_nb: Cannot enumerate AMD northbridges
Apr 21 11:42:46 localhost kernel: Switched to clocksource hpet
Apr 21 11:42:46 localhost kernel: pnp: PnP ACPI init
Apr 21 11:42:46 localhost kernel: ACPI: bus type PNP registered
Apr 21 11:42:46 localhost kernel: system 00:00: [mem 0x40000000-0x403fffff] could not be reserved
Apr 21 11:42:46 localhost kernel: system 00:03: [io  0x0680-0x069f] has been reserved
Apr 21 11:42:46 localhost kernel: system 00:03: [io  0x164e-0x164f] has been reserved
Apr 21 11:42:46 localhost kernel: system 00:04: [io  0x1854-0x1857] has been reserved
Apr 21 11:42:46 localhost kernel: system 00:05: [io  0x0cc0] has been reserved
Apr 21 11:42:46 localhost kernel: system 00:05: [io  0x0cc1] has been reserved
Apr 21 11:42:46 localhost kernel: system 00:06: [io  0x0c00-0x0c0f] has been reserved
Apr 21 11:42:46 localhost kernel: system 00:07: [mem 0xfed10000-0xfed17fff] has been reserved
Apr 21 11:42:46 localhost kernel: system 00:07: [mem 0xfed18000-0xfed18fff] has been reserved
Apr 21 11:42:46 localhost kernel: system 00:07: [mem 0xfed19000-0xfed19fff] has been reserved
Apr 21 11:42:46 localhost kernel: system 00:07: [mem 0xe0000000-0xefffffff] has been reserved
Apr 21 11:42:46 localhost kernel: system 00:07: [mem 0xfed20000-0xfed3ffff] has been reserved
Apr 21 11:42:46 localhost kernel: system 00:07: [mem 0xfed90000-0xfed93fff] could not be reserved
Apr 21 11:42:46 localhost kernel: system 00:07: [mem 0xfed45000-0xfed8ffff] has been reserved
Apr 21 11:42:46 localhost kernel: system 00:07: [mem 0xfee00000-0xfeefffff] could not be reserved
Apr 21 11:42:46 localhost kernel: system 00:08: [io  0x1800-0x18fe] could not be reserved
Apr 21 11:42:46 localhost kernel: system 00:08: [mem 0xfd000000-0xfd69ffff] has been reserved
Apr 21 11:42:46 localhost kernel: system 00:08: [mem 0xfd6c0000-0xfd6cffff] has been reserved
Apr 21 11:42:46 localhost kernel: system 00:08: [mem 0xfd6f0000-0xfdffffff] has been reserved
Apr 21 11:42:46 localhost kernel: system 00:08: [mem 0xfe000000-0xfe01ffff] could not be reserved
Apr 21 11:42:46 localhost kernel: system 00:08: [mem 0xfe200000-0xfe7fffff] has been reserved
Apr 21 11:42:46 localhost kernel: system 00:08: [mem 0xff000000-0xffffffff] has been reserved
Apr 21 11:42:46 localhost kernel: system 00:09: [io  0x2000-0x20fe] has been reserved
Apr 21 11:42:46 localhost kernel: pnp: PnP ACPI: found 11 devices
Apr 21 11:42:46 localhost kernel: ACPI: bus type PNP unregistered
Apr 21 11:42:46 localhost kernel: pci 0000:00:15.0: BAR 0: assigned [mem 0x4000113000-0x4000113fff 64bit]
Apr 21 11:42:46 localhost kernel: pci 0000:00:15.1: BAR 0: assigned [mem 0x4000117000-0x4000117fff 64bit]
Apr 21 11:42:46 localhost kernel: pci 0000:00:1e.0: BAR 0: assigned [mem 0x4000118000-0x4000118fff 64bit]
Apr 21 11:42:46 localhost kernel: pci 0000:00:01.0: PCI bridge to [bus 04]
Apr 21 11:42:46 localhost kernel: pci 0000:00:01.1: PCI bridge to [bus 05]
Apr 21 11:42:46 localhost kernel: pci 0000:01:00.0: PCI bridge to [bus 02]
Apr 21 11:42:46 localhost kernel: pci 0000:01:00.0:   bridge window [mem 0x90000000-0x91afffff]
Apr 21 11:42:46 localhost kernel: pci 0000:00:1c.0: PCI bridge to [bus 01-02]
Apr 21 11:42:46 localhost kernel: pci 0000:00:1c.0:   bridge window [mem 0x90000000-0x91bfffff]
Apr 21 11:42:46 localhost kernel: pci 0000:00:1c.1: PCI bridge to [bus 03]
Apr 21 11:42:46 localhost kernel: pci 0000:00:1c.1:   bridge window [mem 0x91c00000-0x91cfffff]
Apr 21 11:42:46 localhost kernel: pci 0000:00:1c.1:   bridge window [mem 0x4000000000-0x40000fffff 64bit pref]
Apr 21 11:42:46 localhost kernel: NET: Registered protocol family 2
Apr 21 11:42:46 localhost kernel: TCP established hash table entries: 131072 (order: 8, 1048576 bytes)
Apr 21 11:42:46 localhost kernel: TCP bind hash table entries: 65536 (order: 8, 1048576 bytes)
Apr 21 11:42:46 localhost kernel: TCP: Hash tables configured (established 131072 bind 65536)
Apr 21 11:42:46 localhost kernel: TCP: reno registered
Apr 21 11:42:46 localhost kernel: UDP hash table entries: 8192 (order: 6, 262144 bytes)
Apr 21 11:42:46 localhost kernel: UDP-Lite hash table entries: 8192 (order: 6, 262144 bytes)
Apr 21 11:42:46 localhost kernel: NET: Registered protocol family 1
Apr 21 11:42:46 localhost kernel: Unpacking initramfs...
Apr 21 11:42:46 localhost kernel: Freeing initrd memory: 31160k freed
Apr 21 11:42:46 localhost kernel: PCI-DMA: Using software bounce buffering for IO (SWIOTLB)
Apr 21 11:42:46 localhost kernel: software IO TLB [mem 0x887fa000-0x8c7fa000] (64MB) mapped at [ffff8cdd887fa000-ffff8cdd8c7f9fff]
Apr 21 11:42:46 localhost kernel: RAPL PMU: API unit is 2^-32 Joules, 5 fixed counters, 655360 ms ovfl timer
Apr 21 11:42:46 localhost kernel: RAPL PMU: hw unit of domain pp0-core 2^-14 Joules
Apr 21 11:42:46 localhost kernel: RAPL PMU: hw unit of domain package 2^-14 Joules
Apr 21 11:42:46 localhost kernel: RAPL PMU: hw unit of domain dram 2^-14 Joules
Apr 21 11:42:46 localhost kernel: RAPL PMU: hw unit of domain pp1-gpu 2^-14 Joules
Apr 21 11:42:46 localhost kernel: RAPL PMU: hw unit of domain psys 2^-14 Joules
Apr 21 11:42:46 localhost kernel: platform rtc_cmos: registered platform RTC device (no PNP device found)
Apr 21 11:42:46 localhost kernel: sha1_ssse3: Using AVX2 optimized SHA-1 implementation
Apr 21 11:42:46 localhost kernel: sha256_ssse3: Using AVX2 optimized SHA-256 implementation
Apr 21 11:42:46 localhost kernel: futex hash table entries: 1024 (order: 4, 65536 bytes)
Apr 21 11:42:46 localhost kernel: Initialise system trusted keyring
Apr 21 11:42:46 localhost kernel: audit: initializing netlink socket (disabled)
Apr 21 11:42:46 localhost kernel: type=2000 audit(1618998165.721:1): initialized
Apr 21 11:42:46 localhost kernel: HugeTLB registered 1 GB page size, pre-allocated 0 pages
Apr 21 11:42:46 localhost kernel: HugeTLB registered 2 MB page size, pre-allocated 0 pages
Apr 21 11:42:46 localhost kernel: zpool: loaded
Apr 21 11:42:46 localhost kernel: zbud: loaded
Apr 21 11:42:46 localhost kernel: VFS: Disk quotas dquot_6.5.2
Apr 21 11:42:46 localhost kernel: Dquot-cache hash table entries: 512 (order 0, 4096 bytes)
Apr 21 11:42:46 localhost kernel: msgmni has been set to 31650
Apr 21 11:42:46 localhost kernel: Key type big_key registered
Apr 21 11:42:46 localhost kernel: NET: Registered protocol family 38
Apr 21 11:42:46 localhost kernel: Key type asymmetric registered
Apr 21 11:42:46 localhost kernel: Asymmetric key parser 'x509' registered
Apr 21 11:42:46 localhost kernel: Block layer SCSI generic (bsg) driver version 0.4 loaded (major 248)
Apr 21 11:42:46 localhost kernel: io scheduler noop registered
Apr 21 11:42:46 localhost kernel: io scheduler deadline registered (default)
Apr 21 11:42:46 localhost kernel: io scheduler cfq registered
Apr 21 11:42:46 localhost kernel: io scheduler mq-deadline registered
Apr 21 11:42:46 localhost kernel: io scheduler kyber registered
Apr 21 11:42:46 localhost kernel: pcieport 0000:00:01.0: Signaling PME through PCIe PME interrupt
Apr 21 11:42:46 localhost kernel: pcieport 0000:00:01.1: Signaling PME through PCIe PME interrupt
Apr 21 11:42:46 localhost kernel: pcieport 0000:00:1c.0: Signaling PME through PCIe PME interrupt
Apr 21 11:42:46 localhost kernel: pci 0000:01:00.0: Signaling PME through PCIe PME interrupt
Apr 21 11:42:46 localhost kernel: pci 0000:02:00.0: Signaling PME through PCIe PME interrupt
Apr 21 11:42:46 localhost kernel: pcieport 0000:00:1c.1: Signaling PME through PCIe PME interrupt
Apr 21 11:42:46 localhost kernel: pci 0000:03:00.0: Signaling PME through PCIe PME interrupt
Apr 21 11:42:46 localhost kernel: pci 0000:03:00.1: Signaling PME through PCIe PME interrupt
Apr 21 11:42:46 localhost kernel: pci_hotplug: PCI Hot Plug PCI Core version: 0.5
Apr 21 11:42:46 localhost kernel: pciehp: PCI Express Hot Plug Controller Driver version: 0.4
Apr 21 11:42:46 localhost kernel: shpchp: Standard Hot Plug PCI Controller Driver version: 0.4
Apr 21 11:42:46 localhost kernel: efifb: probing for efifb
Apr 21 11:42:46 localhost kernel: efifb: framebuffer at 0x90000000, mapped to 0xffffa13241c00000, using 3072k, total 3072k
Apr 21 11:42:46 localhost kernel: efifb: mode is 1024x768x32, linelength=4096, pages=1
Apr 21 11:42:46 localhost kernel: efifb: scrolling: redraw
Apr 21 11:42:46 localhost kernel: efifb: Truecolor: size=8:8:8:8, shift=24:16:8:0
Apr 21 11:42:46 localhost kernel: Console: switching to colour frame buffer device 128x48
Apr 21 11:42:46 localhost kernel: fb0: EFI VGA frame buffer device
Apr 21 11:42:46 localhost kernel: input: Power Button as /devices/LNXSYSTM:00/LNXPWRBN:00/input/input0
Apr 21 11:42:46 localhost kernel: ACPI: Power Button [PWRF]
Apr 21 11:42:46 localhost kernel: thermal LNXTHERM:00: registered as thermal_zone0
Apr 21 11:42:46 localhost kernel: ACPI: Thermal Zone [TZ00] (28 C)
Apr 21 11:42:46 localhost kernel: ERST: Error Record Serialization Table (ERST) support is initialized.
Apr 21 11:42:46 localhost kernel: pstore: Registered erst as persistent store backend
Apr 21 11:42:46 localhost kernel: GHES: APEI firmware first mode is enabled by APEI bit and WHEA _OSC.
Apr 21 11:42:46 localhost kernel: Serial: 8250/16550 driver, 4 ports, IRQ sharing enabled
Apr 21 11:42:46 localhost kernel: 00:01: ttyS0 at I/O 0x3f8 (irq = 4) is a 16550A
Apr 21 11:42:46 localhost kernel: 00:02: ttyS1 at I/O 0x2f8 (irq = 3) is a 16550A
Apr 21 11:42:46 localhost kernel: Non-volatile memory driver v1.3
Apr 21 11:42:46 localhost kernel: Linux agpgart interface v0.103
Apr 21 11:42:46 localhost kernel: tpm_tis NTN1004:00: 2.0 TPM (device-id 0xFE, rev-id 4)
Apr 21 11:42:46 localhost kernel: crash memory driver: version 1.1
Apr 21 11:42:46 localhost kernel: intel-lpss 0000:00:15.0: enabling device (0000 -> 0002)
Apr 21 11:42:46 localhost kernel: intel-lpss 0000:00:15.1: enabling device (0000 -> 0002)
Apr 21 11:42:46 localhost kernel: intel-lpss 0000:00:1e.0: enabling device (0000 -> 0002)
Apr 21 11:42:46 localhost kernel: dw-apb-uart.2: ttyS2 at MMIO 0x4000118000 (irq = 20) is a 16550A
Apr 21 11:42:46 localhost kernel: rdac: device handler registered
Apr 21 11:42:46 localhost kernel: hp_sw: device handler registered
Apr 21 11:42:46 localhost kernel: emc: device handler registered
Apr 21 11:42:46 localhost kernel: alua: device handler registered
Apr 21 11:42:46 localhost kernel: libphy: Fixed MDIO Bus: probed
Apr 21 11:42:46 localhost kernel: ehci_hcd: USB 2.0 'Enhanced' Host Controller (EHCI) Driver
Apr 21 11:42:46 localhost kernel: ehci-pci: EHCI PCI platform driver
Apr 21 11:42:46 localhost kernel: ohci_hcd: USB 1.1 'Open' Host Controller (OHCI) Driver
Apr 21 11:42:46 localhost kernel: ohci-pci: OHCI PCI platform driver
Apr 21 11:42:46 localhost kernel: uhci_hcd: USB Universal Host Controller Interface driver
Apr 21 11:42:46 localhost kernel: xhci_hcd 0000:00:14.0: xHCI Host Controller
Apr 21 11:42:46 localhost kernel: xhci_hcd 0000:00:14.0: new USB bus registered, assigned bus number 1
Apr 21 11:42:46 localhost kernel: xhci_hcd 0000:00:14.0: hcc params 0x200077c1 hci version 0x110 quirks 0x0000000000009810
Apr 21 11:42:46 localhost kernel: usb usb1: New USB device found, idVendor=1d6b, idProduct=0002, bcdDevice= 3.10
Apr 21 11:42:46 localhost kernel: usb usb1: New USB device strings: Mfr=3, Product=2, SerialNumber=1
Apr 21 11:42:46 localhost kernel: usb usb1: Product: xHCI Host Controller
Apr 21 11:42:46 localhost kernel: usb usb1: Manufacturer: Linux 3.10.0-1062.el7.x86_64 xhci-hcd
Apr 21 11:42:46 localhost kernel: usb usb1: SerialNumber: 0000:00:14.0
Apr 21 11:42:46 localhost kernel: hub 1-0:1.0: USB hub found
Apr 21 11:42:46 localhost kernel: hub 1-0:1.0: 16 ports detected
Apr 21 11:42:46 localhost kernel: xhci_hcd 0000:00:14.0: xHCI Host Controller
Apr 21 11:42:46 localhost kernel: xhci_hcd 0000:00:14.0: new USB bus registered, assigned bus number 2
Apr 21 11:42:46 localhost kernel: xhci_hcd 0000:00:14.0: Host supports USB 3.1 Enhanced SuperSpeed
Apr 21 11:42:46 localhost kernel: usb usb2: New USB device found, idVendor=1d6b, idProduct=0003, bcdDevice= 3.10
Apr 21 11:42:46 localhost kernel: usb usb2: New USB device strings: Mfr=3, Product=2, SerialNumber=1
Apr 21 11:42:46 localhost kernel: usb usb2: Product: xHCI Host Controller
Apr 21 11:42:46 localhost kernel: usb usb2: Manufacturer: Linux 3.10.0-1062.el7.x86_64 xhci-hcd
Apr 21 11:42:46 localhost kernel: usb usb2: SerialNumber: 0000:00:14.0
Apr 21 11:42:46 localhost kernel: hub 2-0:1.0: USB hub found
Apr 21 11:42:46 localhost kernel: hub 2-0:1.0: 10 ports detected
Apr 21 11:42:46 localhost kernel: usb: port power management may be unreliable
Apr 21 11:42:46 localhost kernel: usbcore: registered new interface driver usbserial_generic
Apr 21 11:42:46 localhost kernel: usbserial: USB Serial support registered for generic
Apr 21 11:42:46 localhost kernel: i8042: PNP: No PS/2 controller found. Probing ports directly.
Apr 21 11:42:46 localhost kernel: i8042: Can't read CTR while initializing i8042
Apr 21 11:42:46 localhost kernel: i8042: probe of i8042 failed with error -5
Apr 21 11:42:46 localhost kernel: mousedev: PS/2 mouse device common for all mice
Apr 21 11:42:46 localhost kernel: rtc_cmos rtc_cmos: RTC can wake from S4
Apr 21 11:42:46 localhost kernel: rtc_cmos rtc_cmos: rtc core: registered rtc_cmos as rtc0
Apr 21 11:42:46 localhost kernel: rtc_cmos rtc_cmos: alarms up to one month, y3k, 114 bytes nvram, hpet irqs
Apr 21 11:42:46 localhost kernel: intel_pstate: Intel P-state driver initializing
Apr 21 11:42:46 localhost kernel: intel_pstate: HWP enabled
Apr 21 11:42:46 localhost kernel: cpuidle: using governor menu
Apr 21 11:42:46 localhost kernel: EFI Variables Facility v0.08 2004-May-17
Apr 21 11:42:46 localhost kernel: hidraw: raw HID events driver (C) Jiri Kosina
Apr 21 11:42:46 localhost kernel: usbcore: registered new interface driver usbhid
Apr 21 11:42:46 localhost kernel: usbhid: USB HID core driver
Apr 21 11:42:46 localhost kernel: drop_monitor: Initializing network drop monitor service
Apr 21 11:42:46 localhost kernel: TCP: cubic registered
Apr 21 11:42:46 localhost kernel: Initializing XFRM netlink socket
Apr 21 11:42:46 localhost kernel: NET: Registered protocol family 10
Apr 21 11:42:46 localhost kernel: NET: Registered protocol family 17
Apr 21 11:42:46 localhost kernel: mpls_gso: MPLS GSO support
Apr 21 11:42:46 localhost kernel: mce: Using 10 MCE banks
Apr 21 11:42:46 localhost kernel: microcode: sig=0x906ea, pf=0x2, revision=0xde
Apr 21 11:42:46 localhost kernel: microcode: Microcode Update Driver: v2.01 <tigran@aivazian.fsnet.co.uk>, Peter Oruba
Apr 21 11:42:46 localhost kernel: Loading compiled-in X.509 certificates
Apr 21 11:42:46 localhost kernel: Loaded X.509 cert 'CentOS Linux kpatch signing key: ea0413152cde1d98ebdca3fe6f0230904c9ef717'
Apr 21 11:42:46 localhost kernel: Loaded X.509 cert 'CentOS Linux Driver update signing key: 7f421ee0ab69461574bb358861dbe77762a4201b'
Apr 21 11:42:46 localhost kernel: Loaded X.509 cert 'CentOS Linux kernel signing key: 51084e41880302be5cb074ac0da3fe10233b7f1c'
Apr 21 11:42:46 localhost kernel: registered taskstats version 1
Apr 21 11:42:46 localhost kernel: Key type trusted registered
Apr 21 11:42:46 localhost kernel: Key type encrypted registered
Apr 21 11:42:46 localhost kernel:  Magic number: 1:204:728
Apr 21 11:42:46 localhost kernel: rtc_cmos rtc_cmos: setting system clock to 2021-04-21 09:42:46 UTC (1618998166)
Apr 21 11:42:46 localhost kernel: Freeing unused kernel memory: 1984k freed
Apr 21 11:42:46 localhost kernel: Write protecting the kernel read-only data: 12288k
Apr 21 11:42:46 localhost kernel: Freeing unused kernel memory: 424k freed
Apr 21 11:42:46 localhost kernel: Freeing unused kernel memory: 556k freed
Apr 21 11:42:46 localhost kernel: random: systemd: uninitialized urandom read (16 bytes read)
Apr 21 11:42:46 localhost kernel: random: systemd: uninitialized urandom read (16 bytes read)
Apr 21 11:42:46 localhost kernel: random: systemd: uninitialized urandom read (16 bytes read)
Apr 21 11:42:46 localhost systemd[1]: systemd 219 running in system mode. (+PAM +AUDIT +SELINUX +IMA -APPARMOR +SMACK +SYSVINIT +UTMP +LIBCRYPTSETUP +GCRYPT +GNUTLS +ACL +XZ +LZ4 -SECCOMP +BLKID +ELFUTILS +KMOD +IDN)
Apr 21 11:42:46 localhost systemd[1]: Detected architecture x86-64.
Apr 21 11:42:46 localhost systemd[1]: Running in initial RAM disk.
Apr 21 11:42:46 localhost systemd[1]: Set hostname to <localhost.localdomain>.
Apr 21 11:42:46 localhost kernel: tsc: Refined TSC clocksource calibration: 3407.987 MHz
Apr 21 11:42:46 localhost kernel: Switched to clocksource tsc
Apr 21 11:42:46 localhost kernel: random: systemd: uninitialized urandom read (16 bytes read)
Apr 21 11:42:46 localhost kernel: random: systemd: uninitialized urandom read (16 bytes read)
Apr 21 11:42:46 localhost kernel: random: systemd: uninitialized urandom read (16 bytes read)
Apr 21 11:42:46 localhost kernel: random: systemd: uninitialized urandom read (16 bytes read)
Apr 21 11:42:46 localhost kernel: random: systemd: uninitialized urandom read (16 bytes read)
Apr 21 11:42:46 localhost kernel: random: systemd: uninitialized urandom read (16 bytes read)
Apr 21 11:42:46 localhost kernel: random: systemd: uninitialized urandom read (16 bytes read)
Apr 21 11:42:46 localhost systemd[1]: [/run/systemd/generator/dev-mapper-centos\x2droot.device.d/timeout.conf:3] Unknown lvalue 'JobRunningTimeoutSec' in section 'Unit'
Apr 21 11:42:46 localhost systemd[1]: Reached target Local File Systems.
Apr 21 11:42:46 localhost systemd[1]: Created slice Root Slice.
Apr 21 11:42:46 localhost systemd[1]: Listening on udev Kernel Socket.
Apr 21 11:42:46 localhost systemd[1]: Created slice System Slice.
Apr 21 11:42:46 localhost systemd[1]: Listening on Journal Socket.
Apr 21 11:42:46 localhost systemd[1]: Starting Journal Service...
Apr 21 11:42:46 localhost systemd[1]: Starting Apply Kernel Variables...
Apr 21 11:42:46 localhost systemd[1]: Starting dracut cmdline hook...
Apr 21 11:42:46 localhost systemd[1]: Starting Create list of required static device nodes for the current kernel...
Apr 21 11:42:46 localhost systemd[1]: Reached target Timers.
Apr 21 11:42:46 localhost systemd[1]: Reached target Slices.
Apr 21 11:42:46 localhost systemd[1]: Listening on udev Control Socket.
Apr 21 11:42:46 localhost systemd[1]: Reached target Sockets.
Apr 21 11:42:46 localhost systemd[1]: Reached target Swap.
Apr 21 11:42:46 localhost systemd[1]: Starting Setup Virtual Console...
Apr 21 11:42:46 localhost systemd[1]: Started Apply Kernel Variables.
Apr 21 11:42:46 localhost systemd[1]: Started Create list of required static device nodes for the current kernel.
Apr 21 11:42:46 localhost systemd[1]: Starting Create Static Device Nodes in /dev...
Apr 21 11:42:46 localhost systemd[1]: Started Create Static Device Nodes in /dev.
Apr 21 11:42:46 localhost journal: Journal started
Apr 21 11:42:46 localhost systemd[1]: Started Journal Service.
Apr 21 11:42:46 localhost systemd: Started Setup Virtual Console.
Apr 21 11:42:46 localhost kernel: usb 2-6: new SuperSpeed Gen 1 USB device number 2 using xhci_hcd
Apr 21 11:42:46 localhost kernel: usb 2-6: New USB device found, idVendor=0930, idProduct=6545, bcdDevice= 1.10
Apr 21 11:42:46 localhost kernel: usb 2-6: New USB device strings: Mfr=1, Product=2, SerialNumber=3
Apr 21 11:42:46 localhost kernel: usb 2-6: Product: DataTraveler 3.0
Apr 21 11:42:46 localhost kernel: usb 2-6: Manufacturer: Kingston
Apr 21 11:42:46 localhost kernel: usb 2-6: SerialNumber: B06EBF0AB44EE340B0001A09
Apr 21 11:42:46 localhost systemd: Started dracut cmdline hook.
Apr 21 11:42:46 localhost systemd: Starting dracut pre-udev hook...
Apr 21 11:42:46 localhost kernel: device-mapper: uevent: version 1.0.3
Apr 21 11:42:46 localhost kernel: device-mapper: ioctl: 4.37.1-ioctl (2018-04-03) initialised: dm-devel@redhat.com
Apr 21 11:42:46 localhost systemd: Started dracut pre-udev hook.
Apr 21 11:42:46 localhost systemd: Starting udev Kernel Device Manager...
Apr 21 11:42:46 localhost systemd-udevd: starting version 219
Apr 21 11:42:46 localhost systemd: Started udev Kernel Device Manager.
Apr 21 11:42:46 localhost systemd: Starting udev Coldplug all Devices...
Apr 21 11:42:46 localhost systemd: Mounting Configuration File System...
Apr 21 11:42:46 localhost systemd: Mounted Configuration File System.
Apr 21 11:42:46 localhost systemd: Started udev Coldplug all Devices.
Apr 21 11:42:46 localhost systemd: Reached target System Initialization.
Apr 21 11:42:46 localhost systemd: Starting Show Plymouth Boot Screen...
Apr 21 11:42:46 localhost systemd: Starting dracut initqueue hook...
Apr 21 11:42:46 localhost kernel: usb-storage 2-6:1.0: USB Mass Storage device detected
Apr 21 11:42:46 localhost kernel: scsi host0: usb-storage 2-6:1.0
Apr 21 11:42:46 localhost kernel: usbcore: registered new interface driver usb-storage
Apr 21 11:42:46 localhost kernel: usbcore: registered new interface driver uas
Apr 21 11:42:46 localhost kernel: pps_core: LinuxPPS API ver. 1 registered
Apr 21 11:42:46 localhost kernel: pps_core: Software ver. 5.3.6 - Copyright 2005-2007 Rodolfo Giometti <giometti@linux.it>
Apr 21 11:42:46 localhost kernel: PTP clock support registered
Apr 21 11:42:46 localhost systemd: Started Show Plymouth Boot Screen.
Apr 21 11:42:46 localhost systemd: Reached target Paths.
Apr 21 11:42:46 localhost systemd: Started Forward Password Requests to Plymouth Directory Watch.
Apr 21 11:42:46 localhost systemd: Reached target Basic System.
Apr 21 11:42:46 localhost kernel: tg3.c:v3.137 (May 11, 2014)
Apr 21 11:42:46 localhost kernel: tg3 0000:03:00.0 eth0: Tigon3 [partno(N/A) rev 5720000] (PCI Express) MAC address 7c:8a:e1:d2:18:28
Apr 21 11:42:46 localhost kernel: tg3 0000:03:00.0 eth0: attached PHY is 5720C (10/100/1000Base-T Ethernet) (WireSpeed[1], EEE[1])
Apr 21 11:42:46 localhost kernel: tg3 0000:03:00.0 eth0: RXcsums[1] LinkChgREG[0] MIirq[0] ASF[1] TSOcap[1]
Apr 21 11:42:46 localhost kernel: tg3 0000:03:00.0 eth0: dma_rwctrl[00000001] dma_mask[64-bit]
Apr 21 11:42:46 localhost kernel: usb 1-1: new high-speed USB device number 2 using xhci_hcd
Apr 21 11:42:46 localhost kernel: ahci 0000:00:17.0: AHCI 0001.0301 32 slots 8 ports 6 Gbps 0xff impl SATA mode
Apr 21 11:42:46 localhost kernel: ahci 0000:00:17.0: flags: 64bit ncq sntf pm clo only pio slum part ems deso sadm sds apst 
Apr 21 11:42:46 localhost kernel: tg3 0000:03:00.1 eth1: Tigon3 [partno(N/A) rev 5720000] (PCI Express) MAC address 7c:8a:e1:d2:18:29
Apr 21 11:42:46 localhost kernel: tg3 0000:03:00.1 eth1: attached PHY is 5720C (10/100/1000Base-T Ethernet) (WireSpeed[1], EEE[1])
Apr 21 11:42:46 localhost kernel: tg3 0000:03:00.1 eth1: RXcsums[1] LinkChgREG[0] MIirq[0] ASF[1] TSOcap[1]
Apr 21 11:42:46 localhost kernel: tg3 0000:03:00.1 eth1: dma_rwctrl[00000001] dma_mask[64-bit]
Apr 21 11:42:46 localhost kernel: fb: conflicting fb hw usage mgag200drmfb vs EFI VGA - removing generic driver
Apr 21 11:42:46 localhost kernel: Console: switching to colour dummy device 80x25
Apr 21 11:42:46 localhost kernel: scsi host1: ahci
Apr 21 11:42:46 localhost kernel: scsi host2: ahci
Apr 21 11:42:46 localhost kernel: [TTM] Zone  kernel: Available graphics memory: 8103996 kiB
Apr 21 11:42:46 localhost kernel: [TTM] Zone   dma32: Available graphics memory: 2097152 kiB
Apr 21 11:42:46 localhost kernel: [TTM] Initializing pool allocator
Apr 21 11:42:46 localhost kernel: [TTM] Initializing DMA pool allocator
Apr 21 11:42:46 localhost kernel: scsi host3: ahci
Apr 21 11:42:46 localhost kernel: scsi host4: ahci
Apr 21 11:42:46 localhost kernel: scsi host5: ahci
Apr 21 11:42:46 localhost kernel: scsi host6: ahci
Apr 21 11:42:46 localhost kernel: scsi host7: ahci
Apr 21 11:42:46 localhost kernel: scsi host8: ahci
Apr 21 11:42:46 localhost kernel: ata1: SATA max UDMA/133 abar m2048@0x91d02000 port 0x91d02100 irq 126
Apr 21 11:42:46 localhost kernel: ata2: SATA max UDMA/133 abar m2048@0x91d02000 port 0x91d02180 irq 126
Apr 21 11:42:46 localhost kernel: ata3: SATA max UDMA/133 abar m2048@0x91d02000 port 0x91d02200 irq 126
Apr 21 11:42:46 localhost kernel: ata4: SATA max UDMA/133 abar m2048@0x91d02000 port 0x91d02280 irq 126
Apr 21 11:42:46 localhost kernel: ata5: SATA max UDMA/133 abar m2048@0x91d02000 port 0x91d02300 irq 126
Apr 21 11:42:46 localhost kernel: ata6: SATA max UDMA/133 abar m2048@0x91d02000 port 0x91d02380 irq 126
Apr 21 11:42:46 localhost kernel: ata7: SATA max UDMA/133 abar m2048@0x91d02000 port 0x91d02400 irq 126
Apr 21 11:42:46 localhost kernel: ata8: SATA max UDMA/133 abar m2048@0x91d02000 port 0x91d02480 irq 126
Apr 21 11:42:47 localhost kernel: fbcon: mgadrmfb (fb0) is primary device
Apr 21 11:42:47 localhost kernel: Console: switching to colour frame buffer device 210x65
Apr 21 11:42:47 localhost kernel: usb 1-1: New USB device found, idVendor=2a4b, idProduct=0400, bcdDevice= 1.00
Apr 21 11:42:47 localhost kernel: usb 1-1: New USB device strings: Mfr=1, Product=2, SerialNumber=3
Apr 21 11:42:47 localhost kernel: usb 1-1: Product: Emulex Pilot4 HighSpeed HUB
Apr 21 11:42:47 localhost kernel: usb 1-1: Manufacturer: Emulex Communications
Apr 21 11:42:47 localhost kernel: usb 1-1: SerialNumber: 0xBABEFACE
Apr 21 11:42:47 localhost kernel: hub 1-1:1.0: USB hub found
Apr 21 11:42:47 localhost kernel: hub 1-1:1.0: 7 ports detected
Apr 21 11:42:47 localhost kernel: usb 1-7: new low-speed USB device number 3 using xhci_hcd
Apr 21 11:42:47 localhost kernel: ata1: SATA link down (SStatus 0 SControl 300)
Apr 21 11:42:47 localhost kernel: ata2: SATA link down (SStatus 0 SControl 300)
Apr 21 11:42:47 localhost kernel: ata6: SATA link down (SStatus 0 SControl 300)
Apr 21 11:42:47 localhost kernel: ata5: SATA link down (SStatus 0 SControl 300)
Apr 21 11:42:47 localhost kernel: ata7: SATA link down (SStatus 0 SControl 300)
Apr 21 11:42:47 localhost kernel: ata4: SATA link down (SStatus 0 SControl 300)
Apr 21 11:42:47 localhost kernel: ata8: SATA link up 6.0 Gbps (SStatus 133 SControl 300)
Apr 21 11:42:47 localhost kernel: ata8.00: ATA-11: MTFDDAV240TDS-1AW1ZA 02JG528D7A44690LEN,     MP32, max UDMA/133
Apr 21 11:42:47 localhost kernel: ata8.00: 468862128 sectors, multi 16: LBA48 NCQ (depth 31/32), AA
Apr 21 11:42:47 localhost kernel: ata3: SATA link down (SStatus 0 SControl 300)
Apr 21 11:42:47 localhost kernel: ata8.00: configured for UDMA/133
Apr 21 11:42:47 localhost kernel: scsi 8:0:0:0: Direct-Access     ATA      MTFDDAV240TDS-1A MP32 PQ: 0 ANSI: 5
Apr 21 11:42:47 localhost kernel: usb 1-7: New USB device found, idVendor=17ef, idProduct=6099, bcdDevice= 1.14
Apr 21 11:42:47 localhost kernel: usb 1-7: New USB device strings: Mfr=1, Product=2, SerialNumber=0
Apr 21 11:42:47 localhost kernel: usb 1-7: Product: Lenovo Traditional USB Keyboard
Apr 21 11:42:47 localhost kernel: usb 1-7: Manufacturer: LiteOn
Apr 21 11:42:47 localhost kernel: sd 8:0:0:0: [sda] 468862128 512-byte logical blocks: (240 GB/223 GiB)
Apr 21 11:42:47 localhost kernel: sd 8:0:0:0: [sda] 4096-byte physical blocks
Apr 21 11:42:47 localhost kernel: sd 8:0:0:0: [sda] Write Protect is off
Apr 21 11:42:47 localhost kernel: sd 8:0:0:0: [sda] Write cache: enabled, read cache: enabled, doesn't support DPO or FUA
Apr 21 11:42:47 localhost kernel: input: LiteOn Lenovo Traditional USB Keyboard as /devices/pci0000:00/0000:00:14.0/usb1/1-7/1-7:1.0/input/input1
Apr 21 11:42:47 localhost kernel: sda: sda1 sda2 sda3
Apr 21 11:42:47 localhost kernel: sd 8:0:0:0: [sda] Attached SCSI disk
Apr 21 11:42:47 localhost kernel: mgag200 0000:02:00.0: fb0: mgadrmfb frame buffer device
Apr 21 11:42:47 localhost kernel: [drm] Initialized mgag200 1.0.0 20110418 for 0000:02:00.0 on minor 0
Apr 21 11:42:47 localhost kernel: hid-generic 0003:17EF:6099.0001: input,hidraw0: USB HID v1.11 Keyboard [LiteOn Lenovo Traditional USB Keyboard] on usb-0000:00:14.0-7/input0
Apr 21 11:42:47 localhost kernel: input: LiteOn Lenovo Traditional USB Keyboard as /devices/pci0000:00/0000:00:14.0/usb1/1-7/1-7:1.1/input/input2
Apr 21 11:42:47 localhost kernel: hid-generic 0003:17EF:6099.0002: input,hidraw1: USB HID v1.11 Device [LiteOn Lenovo Traditional USB Keyboard] on usb-0000:00:14.0-7/input1
Apr 21 11:42:47 localhost kernel: usb 1-8: new low-speed USB device number 4 using xhci_hcd
Apr 21 11:42:47 localhost kernel: usb 1-8: New USB device found, idVendor=17ef, idProduct=608d, bcdDevice= 1.00
Apr 21 11:42:47 localhost kernel: usb 1-8: New USB device strings: Mfr=1, Product=2, SerialNumber=0
Apr 21 11:42:47 localhost kernel: usb 1-8: Product: Lenovo USB Optical Mouse
Apr 21 11:42:47 localhost kernel: usb 1-8: Manufacturer: PixArt
Apr 21 11:42:47 localhost kernel: input: PixArt Lenovo USB Optical Mouse as /devices/pci0000:00/0000:00:14.0/usb1/1-8/1-8:1.0/input/input3
Apr 21 11:42:47 localhost kernel: hid-generic 0003:17EF:608D.0003: input,hidraw2: USB HID v1.11 Mouse [PixArt Lenovo USB Optical Mouse] on usb-0000:00:14.0-8/input0
Apr 21 11:42:47 localhost systemd: Found device /dev/mapper/centos-root.
Apr 21 11:42:47 localhost systemd: Starting File System Check on /dev/mapper/centos-root...
Apr 21 11:42:47 localhost kernel: random: fast init done
Apr 21 11:42:47 localhost kernel: scsi 0:0:0:0: Direct-Access     Kingston DataTraveler 3.0 PMAP PQ: 0 ANSI: 6
Apr 21 11:42:47 localhost kernel: sd 0:0:0:0: [sdb] 60506112 512-byte logical blocks: (30.9 GB/28.8 GiB)
Apr 21 11:42:47 localhost kernel: sd 0:0:0:0: [sdb] Write Protect is off
Apr 21 11:42:47 localhost kernel: sd 0:0:0:0: [sdb] Write cache: disabled, read cache: enabled, doesn't support DPO or FUA
Apr 21 11:42:47 localhost kernel: sdb: sdb1 sdb2
Apr 21 11:42:47 localhost kernel: sd 0:0:0:0: [sdb] Attached SCSI removable disk
Apr 21 11:42:47 localhost systemd-fsck: /sbin/fsck.xfs: XFS file system.
Apr 21 11:42:47 localhost systemd: Started File System Check on /dev/mapper/centos-root.
Apr 21 11:42:48 localhost systemd: Started dracut initqueue hook.
Apr 21 11:42:48 localhost systemd: Mounting /sysroot...
Apr 21 11:42:48 localhost systemd: Reached target Remote File Systems (Pre).
Apr 21 11:42:48 localhost systemd: Reached target Remote File Systems.
Apr 21 11:42:48 localhost kernel: SGI XFS with ACLs, security attributes, no debug enabled
Apr 21 11:42:48 localhost kernel: XFS (dm-0): Mounting V5 Filesystem
Apr 21 11:42:48 localhost kernel: XFS (dm-0): Ending clean mount
Apr 21 11:42:48 localhost systemd: Mounted /sysroot.
Apr 21 11:42:48 localhost systemd: Reached target Initrd Root File System.
Apr 21 11:42:48 localhost systemd: Starting Reload Configuration from the Real Root...
Apr 21 11:42:48 localhost systemd: Reloading.
Apr 21 11:42:48 localhost systemd: [/run/systemd/generator/dev-mapper-centos\x2droot.device.d/timeout.conf:3] Unknown lvalue 'JobRunningTimeoutSec' in section 'Unit'
Apr 21 11:42:48 localhost systemd: Started Reload Configuration from the Real Root.
Apr 21 11:42:48 localhost systemd: Reached target Initrd File Systems.
Apr 21 11:42:48 localhost systemd: Reached target Initrd Default Target.
Apr 21 11:42:48 localhost systemd: Starting dracut pre-pivot and cleanup hook...
Apr 21 11:42:48 localhost systemd: Started dracut pre-pivot and cleanup hook.
Apr 21 11:42:48 localhost systemd: Starting Cleaning Up and Shutting Down Daemons...
Apr 21 11:42:48 localhost systemd: Starting Plymouth switch root service...
Apr 21 11:42:48 localhost systemd: Stopped target Timers.
Apr 21 11:42:48 localhost systemd: Stopped Cleaning Up and Shutting Down Daemons.
Apr 21 11:42:48 localhost systemd: Stopped dracut pre-pivot and cleanup hook.
Apr 21 11:42:48 localhost systemd: Stopped target Initrd Default Target.
Apr 21 11:42:48 localhost systemd: Stopped target Basic System.
Apr 21 11:42:48 localhost systemd: Stopped target System Initialization.
Apr 21 11:42:48 localhost systemd: Stopping udev Kernel Device Manager...
Apr 21 11:42:48 localhost systemd: Stopped target Swap.
Apr 21 11:42:48 localhost systemd: Stopped Apply Kernel Variables.
Apr 21 11:42:48 localhost systemd: Stopped target Local File Systems.
Apr 21 11:42:48 localhost systemd: Stopped target Slices.
Apr 21 11:42:48 localhost systemd: Stopped target Paths.
Apr 21 11:42:48 localhost systemd: Stopped target Sockets.
Apr 21 11:42:48 localhost systemd: Stopped target Remote File Systems.
Apr 21 11:42:48 localhost systemd: Stopped target Remote File Systems (Pre).
Apr 21 11:42:48 localhost systemd: Stopped dracut initqueue hook.
Apr 21 11:42:48 localhost systemd: Stopped udev Coldplug all Devices.
Apr 21 11:42:48 localhost systemd: Stopped udev Kernel Device Manager.
Apr 21 11:42:48 localhost systemd: Stopped Create Static Device Nodes in /dev.
Apr 21 11:42:48 localhost systemd: Stopped Create list of required static device nodes for the current kernel.
Apr 21 11:42:48 localhost systemd: Stopped dracut pre-udev hook.
Apr 21 11:42:48 localhost systemd: Stopped dracut cmdline hook.
Apr 21 11:42:48 localhost systemd: Closed udev Kernel Socket.
Apr 21 11:42:48 localhost systemd: Closed udev Control Socket.
Apr 21 11:42:48 localhost systemd: Starting Cleanup udevd DB...
Apr 21 11:42:48 localhost systemd: Started Plymouth switch root service.
Apr 21 11:42:48 localhost systemd: Started Cleanup udevd DB.
Apr 21 11:42:48 localhost systemd: Reached target Switch Root.
Apr 21 11:42:48 localhost systemd: Starting Switch Root...
Apr 21 11:42:48 localhost systemd: Switching root.
Apr 21 11:42:48 localhost journal: Journal stopped
Apr 21 11:42:48 localhost journal: Runtime journal is using 8.0M (max allowed 791.4M, trying to leave 1.1G free of 7.7G available â†’ current limit 791.4M).
Apr 21 11:42:48 localhost systemd-journald[111]: Received SIGTERM from PID 1 (systemd).
Apr 21 11:42:48 localhost kernel: type=1404 audit(1618998168.490:2): enforcing=1 old_enforcing=0 auid=4294967295 ses=4294967295
Apr 21 11:42:48 localhost kernel: type=1403 audit(1618998168.613:3): policy loaded auid=4294967295 ses=4294967295
Apr 21 11:42:48 localhost systemd[1]: Successfully loaded SELinux policy in 126.896ms.
Apr 21 11:42:48 localhost kernel: ip_tables: (C) 2000-2006 Netfilter Core Team
Apr 21 11:42:48 localhost systemd[1]: Inserted module 'ip_tables'
Apr 21 11:42:48 localhost systemd[1]: Relabelled /dev, /run and /sys/fs/cgroup in 11.493ms.
Apr 21 11:42:48 localhost journal: Journal started
Apr 21 11:42:48 localhost systemd: systemd 219 running in system mode. (+PAM +AUDIT +SELINUX +IMA -APPARMOR +SMACK +SYSVINIT +UTMP +LIBCRYPTSETUP +GCRYPT +GNUTLS +ACL +XZ +LZ4 -SECCOMP +BLKID +ELFUTILS +KMOD +IDN)
Apr 21 11:42:48 localhost systemd: Detected architecture x86-64.
Apr 21 11:42:48 localhost systemd: Set hostname to <localhost.localdomain>.
Apr 21 11:42:48 localhost systemd: Started Create list of required static device nodes for the current kernel.
Apr 21 11:42:48 localhost systemd: Mounted Debug File System.
Apr 21 11:42:48 localhost systemd: Started Read and set NIS domainname from /etc/sysconfig/network.
Apr 21 11:42:48 localhost systemd: Starting Remount Root and Kernel File Systems...
Apr 21 11:42:48 localhost systemd: Starting Create Static Device Nodes in /dev...
Apr 21 11:42:48 localhost systemd: Starting Apply Kernel Variables...
Apr 21 11:42:48 localhost systemd: Started Remount Root and Kernel File Systems.
Apr 21 11:42:48 localhost systemd: Starting Rebuild Hardware Database...
Apr 21 11:42:48 localhost systemd: Starting Configure read-only root support...
Apr 21 11:42:48 localhost systemd: Starting Flush Journal to Persistent Storage...
Apr 21 11:42:48 localhost systemd: Started Apply Kernel Variables.
Apr 21 11:42:48 localhost systemd: Started Flush Journal to Persistent Storage.
Apr 21 11:42:48 localhost systemd: Started Configure read-only root support.
Apr 21 11:42:48 localhost systemd: Starting Load/Save Random Seed...
Apr 21 11:42:48 localhost systemd: Started Create Static Device Nodes in /dev.
Apr 21 11:42:48 localhost systemd: Starting udev Kernel Device Manager...
Apr 21 11:42:48 localhost systemd: Started Load/Save Random Seed.
Apr 21 11:42:48 localhost systemd: Started LVM2 metadata daemon.
Apr 21 11:42:48 localhost systemd-udevd: starting version 219
Apr 21 11:42:48 localhost systemd: Started udev Kernel Device Manager.
Apr 21 11:42:49 localhost systemd: Started Rebuild Hardware Database.
Apr 21 11:42:49 localhost systemd: Starting udev Coldplug all Devices...
Apr 21 11:42:49 localhost systemd: Started udev Coldplug all Devices.
Apr 21 11:42:49 localhost systemd: Starting udev Wait for Complete Device Initialization...
Apr 21 11:42:49 localhost kernel: IPMI message handler: version 39.2
Apr 21 11:42:49 localhost kernel: ipmi device interface
Apr 21 11:42:49 localhost kernel: ipmi_si: IPMI System Interface driver
Apr 21 11:42:49 localhost kernel: ipmi_si dmi-ipmi-si.0: probing via SMBIOS
Apr 21 11:42:49 localhost kernel: ipmi_platform: ipmi_si: SMBIOS: io 0xcc0 regsize 1 spacing 1 irq 0
Apr 21 11:42:49 localhost kernel: ipmi_si: Adding SMBIOS-specified kcs state machine
Apr 21 11:42:49 localhost kernel: ipmi_si: Trying SMBIOS-specified kcs state machine at i/o address 0xcc0, slave address 0x20, irq 0
Apr 21 11:42:49 localhost kernel: acpi PNP0C14:01: duplicate WMI GUID 05901221-D566-11D1-B2F0-00A0C9062910 (first instance was on PNP0C14:00)
Apr 21 11:42:49 localhost kernel: i801_smbus 0000:00:1f.4: SMBus using PCI interrupt
Apr 21 11:42:49 localhost mtp-probe: checking bus 2, device 2: "/sys/devices/pci0000:00/0000:00:14.0/usb2/2-6"
Apr 21 11:42:49 localhost mtp-probe: checking bus 1, device 3: "/sys/devices/pci0000:00/0000:00:14.0/usb1/1-7"
Apr 21 11:42:49 localhost mtp-probe: bus: 1, device: 3 was not an MTP device
Apr 21 11:42:49 localhost mtp-probe: bus: 2, device: 2 was not an MTP device
Apr 21 11:42:49 localhost mtp-probe: checking bus 1, device 4: "/sys/devices/pci0000:00/0000:00:14.0/usb1/1-8"
Apr 21 11:42:49 localhost kernel: sd 8:0:0:0: Attached scsi generic sg0 type 0
Apr 21 11:42:49 localhost kernel: sd 0:0:0:0: Attached scsi generic sg1 type 0
Apr 21 11:42:49 localhost mtp-probe: bus: 1, device: 4 was not an MTP device
Apr 21 11:42:49 localhost kernel: random: crng init done
Apr 21 11:42:49 localhost kernel: input: PC Speaker as /devices/platform/pcspkr/input/input4
Apr 21 11:42:49 localhost kernel: ipmi_si dmi-ipmi-si.0: Found new BMC (man_id: 0x004a66, prod_id: 0x04c0, dev_id: 0x20)
Apr 21 11:42:49 localhost kernel: cryptd: max_cpu_qlen set to 1000
Apr 21 11:42:49 localhost kernel: AVX2 version of gcm_enc/dec engaged.
Apr 21 11:42:49 localhost kernel: AES CTR mode by8 optimization enabled
Apr 21 11:42:49 localhost kernel: alg: No test for __gcm-aes-aesni (__driver-gcm-aes-aesni)
Apr 21 11:42:49 localhost kernel: alg: No test for __generic-gcm-aes-aesni (__driver-generic-gcm-aes-aesni)
Apr 21 11:42:49 localhost systemd: Found device MTFDDAV240TDS-1AW1ZA_02JG528D7A44690LEN EFI\x20System\x20Partition.
Apr 21 11:42:49 localhost kernel: ipmi_si dmi-ipmi-si.0: IPMI kcs interface initialized
Apr 21 11:42:49 localhost systemd: Found device MTFDDAV240TDS-1AW1ZA_02JG528D7A44690LEN 2.
Apr 21 11:42:49 localhost kernel: ipmi_ssif: IPMI SSIF Interface driver
Apr 21 11:42:49 localhost systemd: Created slice system-lvm2\x2dpvscan.slice.
Apr 21 11:42:49 localhost systemd: Starting LVM2 PV scan on device 8:3...
Apr 21 11:42:49 localhost lvm: WARNING: lvmetad is being updated, retrying (setup) for 10 more seconds.
Apr 21 11:42:49 localhost kernel: intel_rapl: Found RAPL domain package
Apr 21 11:42:49 localhost kernel: intel_rapl: Found RAPL domain core
Apr 21 11:42:49 localhost kernel: intel_rapl: Found RAPL domain dram
Apr 21 11:42:49 localhost kernel: idma64 idma64.0: Found Intel integrated DMA 64-bit
Apr 21 11:42:49 localhost systemd: Found device /dev/mapper/centos-swap.
Apr 21 11:42:49 localhost systemd: Activating swap /dev/mapper/centos-swap...
Apr 21 11:42:49 localhost kernel: Adding 8191996k swap on /dev/mapper/centos-swap.  Priority:-2 extents:1 across:8191996k SSFS
Apr 21 11:42:49 localhost systemd: Activated swap /dev/mapper/centos-swap.
Apr 21 11:42:49 localhost kernel: iTCO_vendor_support: vendor-support=0
Apr 21 11:42:49 localhost kernel: iTCO_wdt: Intel TCO WatchDog Timer Driver v1.11
Apr 21 11:42:49 localhost kernel: iTCO_wdt iTCO_wdt: can't request region for resource [mem 0x00c5fffc-0x00c5ffff]
Apr 21 11:42:49 localhost kernel: iTCO_wdt: probe of iTCO_wdt failed with error -16
Apr 21 11:42:49 localhost systemd: Reached target Swap.
Apr 21 11:42:49 localhost lvm: 2 logical volume(s) in volume group "centos" monitored
Apr 21 11:42:49 localhost systemd: Started Monitoring of LVM2 mirrors, snapshots etc. using dmeventd or progress polling.
Apr 21 11:42:49 localhost systemd: Reached target Local File Systems (Pre).
Apr 21 11:42:49 localhost systemd: Mounting /boot...
Apr 21 11:42:49 localhost kernel: XFS (sda2): Mounting V5 Filesystem
Apr 21 11:42:49 localhost systemd: Mounted /boot.
Apr 21 11:42:49 localhost kernel: XFS (sda2): Ending clean mount
Apr 21 11:42:49 localhost systemd: Mounting /boot/efi...
Apr 21 11:42:49 localhost systemd: Mounted /boot/efi.
Apr 21 11:42:49 localhost kernel: idma64 idma64.1: Found Intel integrated DMA 64-bit
Apr 21 11:42:49 localhost kernel: idma64 idma64.2: Found Intel integrated DMA 64-bit
Apr 21 11:42:50 localhost kernel: power_meter ACPI000D:00: Found ACPI power meter.
Apr 21 11:42:50 localhost systemd: Started udev Wait for Complete Device Initialization.
Apr 21 11:42:50 localhost systemd: Starting Activation of DM RAID sets...
Apr 21 11:42:50 localhost systemd: Started Activation of DM RAID sets.
Apr 21 11:42:50 localhost systemd: Reached target Local Encrypted Volumes.
Apr 21 11:42:50 localhost lvm: 3 logical volume(s) in volume group "centos" now active
Apr 21 11:42:50 localhost systemd: Found device /dev/mapper/centos-home.
Apr 21 11:42:50 localhost systemd: Mounting /home...
Apr 21 11:42:50 localhost kernel: XFS (dm-2): Mounting V5 Filesystem
Apr 21 11:42:50 localhost systemd: Started LVM2 PV scan on device 8:3.
Apr 21 11:42:50 localhost kernel: XFS (dm-2): Ending clean mount
Apr 21 11:42:50 localhost systemd: Mounted /home.
Apr 21 11:42:50 localhost systemd: Reached target Local File Systems.
Apr 21 11:42:50 localhost systemd: Starting Tell Plymouth To Write Out Runtime Data...
Apr 21 11:42:50 localhost systemd: Starting Preprocess NFS configuration...
Apr 21 11:42:50 localhost systemd: Starting Migrate local SELinux policy changes from the old store structure to the new structure...
Apr 21 11:42:50 localhost systemd: Starting Rebuild Journal Catalog...
Apr 21 11:42:50 localhost systemd: Starting Import network configuration from initramfs...
Apr 21 11:42:50 localhost systemd: Started Preprocess NFS configuration.
Apr 21 11:42:50 localhost systemd: Started Rebuild Journal Catalog.
Apr 21 11:42:50 localhost systemd: Starting Update is Completed...
Apr 21 11:42:50 localhost systemd: Started Tell Plymouth To Write Out Runtime Data.
Apr 21 11:42:50 localhost systemd: Started Migrate local SELinux policy changes from the old store structure to the new structure.
Apr 21 11:42:50 localhost systemd: Started Update is Completed.
Apr 21 11:42:50 localhost systemd: Started Import network configuration from initramfs.
Apr 21 11:42:50 localhost systemd: Starting Create Volatile Files and Directories...
Apr 21 11:42:50 localhost systemd: Started Create Volatile Files and Directories.
Apr 21 11:42:50 localhost systemd: Mounting RPC Pipe File System...
Apr 21 11:42:50 localhost systemd: Starting Security Auditing Service...
Apr 21 11:42:50 localhost auditd[1429]: Started dispatcher: /sbin/audispd pid: 1431
Apr 21 11:42:50 localhost kernel: type=1305 audit(1618998170.922:4): audit_pid=1429 old=0 auid=4294967295 ses=4294967295 subj=system_u:system_r:auditd_t:s0 res=1
Apr 21 11:42:50 localhost audispd: audispd initialized with q_depth=250 and 1 active plugins
Apr 21 11:42:50 localhost kernel: RPC: Registered named UNIX socket transport module.
Apr 21 11:42:50 localhost kernel: RPC: Registered udp transport module.
Apr 21 11:42:50 localhost kernel: RPC: Registered tcp transport module.
Apr 21 11:42:50 localhost kernel: RPC: Registered tcp NFSv4.1 backchannel transport module.
Apr 21 11:42:50 localhost systemd: Mounted RPC Pipe File System.
Apr 21 11:42:50 localhost systemd: Reached target rpc_pipefs.target.
Apr 21 11:42:51 localhost auditd[1429]: Init complete, auditd 2.8.5 listening for events (startup state enable)
Apr 21 11:42:51 localhost augenrules: No rules
Apr 21 11:42:51 localhost augenrules: enabled 1
Apr 21 11:42:51 localhost augenrules: failure 1
Apr 21 11:42:51 localhost augenrules: pid 1429
Apr 21 11:42:51 localhost augenrules: rate_limit 0
Apr 21 11:42:51 localhost augenrules: backlog_limit 8192
Apr 21 11:42:51 localhost augenrules: lost 0
Apr 21 11:42:51 localhost augenrules: backlog 0
Apr 21 11:42:51 localhost augenrules: enabled 1
Apr 21 11:42:51 localhost augenrules: failure 1
Apr 21 11:42:51 localhost augenrules: pid 1429
Apr 21 11:42:51 localhost augenrules: rate_limit 0
Apr 21 11:42:51 localhost augenrules: backlog_limit 8192
Apr 21 11:42:51 localhost augenrules: lost 0
Apr 21 11:42:51 localhost augenrules: backlog 0
Apr 21 11:42:51 localhost systemd: Started Security Auditing Service.
Apr 21 11:42:51 localhost systemd: Starting Update UTMP about System Boot/Shutdown...
Apr 21 11:42:51 localhost systemd: Started Update UTMP about System Boot/Shutdown.
Apr 21 11:42:51 localhost systemd: Reached target System Initialization.
Apr 21 11:42:51 localhost systemd: Listening on RPCbind Server Activation Socket.
Apr 21 11:42:51 localhost systemd: Starting RPC bind service...
Apr 21 11:42:51 localhost systemd: Started daily update of the root trust anchor for DNSSEC.
Apr 21 11:42:51 localhost systemd: Listening on Avahi mDNS/DNS-SD Stack Activation Socket.
Apr 21 11:42:51 localhost kernel: power_meter ACPI000D:00: Found ACPI power meter.
Apr 21 11:42:51 localhost kernel: power_meter ACPI000D:00: Ignoring unsafe software power cap!
Apr 21 11:42:51 localhost systemd: Listening on D-Bus System Message Bus Socket.
Apr 21 11:42:51 localhost systemd: Started CUPS Printer Service Spool.
Apr 21 11:42:51 localhost systemd: Reached target Paths.
Apr 21 11:42:51 localhost systemd: Started Daily Cleanup of Temporary Directories.
Apr 21 11:42:51 localhost systemd: Reached target Timers.
Apr 21 11:42:51 localhost systemd: Listening on Open-iSCSI iscsid Socket.
Apr 21 11:42:51 localhost systemd: Listening on CUPS Printing Service Sockets.
Apr 21 11:42:51 localhost systemd: Listening on Virtual machine lock manager socket.
Apr 21 11:42:51 localhost systemd: Listening on Open-iSCSI iscsiuio Socket.
Apr 21 11:42:51 localhost systemd: Listening on Virtual machine log manager socket.
Apr 21 11:42:51 localhost systemd: Reached target Sockets.
Apr 21 11:42:51 localhost systemd: Reached target Basic System.
Apr 21 11:42:51 localhost systemd: Starting GSSAPI Proxy Daemon...
Apr 21 11:42:51 localhost systemd: Starting Dump dmesg to /var/log/dmesg...
Apr 21 11:42:51 localhost systemd: Starting Resets System Activity Logs...
Apr 21 11:42:51 localhost systemd: Starting Load CPU microcode update...
Apr 21 11:42:51 localhost systemd: Starting Login Service...
Apr 21 11:42:51 localhost systemd: Starting Modem Manager...
Apr 21 11:42:51 localhost systemd: Starting RealtimeKit Scheduling Policy Service...
Apr 21 11:42:51 localhost systemd: Starting Accounts Service...
Apr 21 11:42:51 localhost systemd: Started irqbalance daemon.
Apr 21 11:42:51 localhost systemd: Starting Disk Manager...
Apr 21 11:42:51 localhost systemd: Starting Kernel Samepage Merging...
Apr 21 11:42:51 localhost systemd: Started libstoragemgmt plug-in server daemon.
Apr 21 11:42:51 localhost systemd: Starting Self Monitoring and Reporting Technology (SMART) Daemon...
Apr 21 11:42:51 localhost systemd: Starting Avahi mDNS/DNS-SD Stack...
Apr 21 11:42:51 localhost systemd: Starting OpenSSH Server Key Generation...
Apr 21 11:42:51 localhost systemd: Started D-Bus System Message Bus.
Apr 21 11:42:51 localhost avahi-daemon[1479]: Found user 'avahi' (UID 70) and group 'avahi' (GID 70).
Apr 21 11:42:51 localhost avahi-daemon[1479]: Successfully dropped root privileges.
Apr 21 11:42:51 localhost avahi-daemon[1479]: avahi-daemon 0.6.31 starting up.
Apr 21 11:42:51 localhost avahi-daemon[1479]: WARNING: No NSS support for mDNS detected, consider installing nss-mdns!
Apr 21 11:42:51 localhost journal: udisks daemon version 2.7.3 starting
Apr 21 11:42:51 localhost smartd[1477]: smartd 7.0 2018-12-30 r4883 [x86_64-linux-3.10.0-1062.el7.x86_64] (local build)
Apr 21 11:42:51 localhost smartd[1477]: Copyright (C) 2002-18, Bruce Allen, Christian Franke, www.smartmontools.org
Apr 21 11:42:51 localhost smartd[1477]: Opened configuration file /etc/smartmontools/smartd.conf
Apr 21 11:42:51 localhost smartd[1477]: Configuration file /etc/smartmontools/smartd.conf was parsed, found DEVICESCAN, scanning devices
Apr 21 11:42:51 localhost ModemManager[1468]: <info>  ModemManager (version 1.6.10-3.el7_6) starting in system bus...
Apr 21 11:42:51 localhost smartd[1477]: Device: /dev/sda, type changed from 'scsi' to 'sat'
Apr 21 11:42:51 localhost smartd[1477]: Device: /dev/sda [SAT], opened
Apr 21 11:42:51 localhost smartd[1477]: Device: /dev/sda [SAT], MTFDDAV240TDS-1AW1ZA 02JG528D7A44690LEN, S/N:2BD5ECD3, WWN:5-00a075-12bd5ecd3, FW:MP32, 240 GB
Apr 21 11:42:51 localhost smartd[1477]: Device: /dev/sda [SAT], not found in smartd database.
Apr 21 11:42:51 localhost smartd[1477]: Device: /dev/sda [SAT], is SMART capable. Adding to "monitor" list.
Apr 21 11:42:51 localhost avahi-daemon[1479]: Successfully called chroot().
Apr 21 11:42:51 localhost avahi-daemon[1479]: Successfully dropped remaining capabilities.
Apr 21 11:42:51 localhost smartd[1477]: Monitoring 1 ATA/SATA, 0 SCSI/SAS and 0 NVMe devices
Apr 21 11:42:51 localhost avahi-daemon[1479]: No service file found in /etc/avahi/services.
Apr 21 11:42:51 localhost systemd: Started Avahi mDNS/DNS-SD Stack.
Apr 21 11:42:51 localhost systemd: Started RealtimeKit Scheduling Policy Service.
Apr 21 11:42:51 localhost systemd: Starting Virtual Machine and Container Registration Service...
Apr 21 11:42:51 localhost systemd: Started Hardware RNG Entropy Gatherer Daemon.
Apr 21 11:42:51 localhost systemd: Started ABRT Automated Bug Reporting Tool.
Apr 21 11:42:51 localhost systemd: Started ABRT kernel log watcher.
Apr 21 11:42:51 localhost avahi-daemon[1479]: System host name is set to 'localhost'. This is not a suitable mDNS host name, looking for alternatives.
Apr 21 11:42:51 localhost systemd: Starting Install ABRT coredump hook...
Apr 21 11:42:51 localhost systemd: Starting Authorization Manager...
Apr 21 11:42:51 localhost systemd: Starting Initial Setup configuration program...
Apr 21 11:42:51 localhost systemd: Starting VDO volume services...
Apr 21 11:42:51 localhost avahi-daemon[1479]: Network interface enumeration completed.
Apr 21 11:42:51 localhost systemd: Started Self Monitoring and Reporting Technology (SMART) Daemon.
Apr 21 11:42:51 localhost avahi-daemon[1479]: Registering HINFO record with values 'X86_64'/'LINUX'.
Apr 21 11:42:51 localhost avahi-daemon[1479]: Server startup complete. Host name is linux.local. Local service cookie is 3667941.
Apr 21 11:42:51 localhost systemd: Started RPC bind service.
Apr 21 11:42:51 localhost systemd: Started GSSAPI Proxy Daemon.
Apr 21 11:42:51 localhost systemd: Started Dump dmesg to /var/log/dmesg.
Apr 21 11:42:51 localhost systemd: Started Load CPU microcode update.
Apr 21 11:42:51 localhost systemd: Started Kernel Samepage Merging.
Apr 21 11:42:51 localhost systemd: Received SIGRTMIN+21 from PID 1536 (n/a).
Apr 21 11:42:51 localhost systemd: Starting Kernel Samepage Merging (KSM) Tuning Daemon...
Apr 21 11:42:51 localhost systemd: Reached target NFS client services.
Apr 21 11:42:51 localhost systemd: Started Login Service.
Apr 21 11:42:51 localhost systemd-logind: New seat seat0.
Apr 21 11:42:51 localhost rngd: Initalizing available sources
Apr 21 11:42:51 localhost dbus[1482]: [system] Activating via systemd: service name='org.freedesktop.PolicyKit1' unit='polkit.service'
Apr 21 11:42:51 localhost systemd-logind: Watching system buttons on /dev/input/event0 (Power Button)
Apr 21 11:42:51 localhost systemd: Received SIGRTMIN+21 from PID 293 (plymouthd).
Apr 21 11:42:51 localhost rngd: Initalizing entropy source Hardware RNG Device
Apr 21 11:42:51 localhost rngd: Enabling RDSEED rng support
Apr 21 11:42:51 localhost rngd: Initalizing entropy source Intel RDRAND Instruction RNG
Apr 21 11:42:51 localhost systemd: Started Kernel Samepage Merging (KSM) Tuning Daemon.
Apr 21 11:42:51 localhost systemd: Started Virtual Machine and Container Registration Service.
Apr 21 11:42:51 localhost polkitd[1535]: Started polkitd version 0.112
Apr 21 11:42:51 localhost systemd: Started Resets System Activity Logs.
Apr 21 11:42:51 localhost systemd: Started Modem Manager.
Apr 21 11:42:51 localhost initial-setup: Starting Initial Setup GUI
Apr 21 11:42:51 localhost abrtd: Init complete, entering main loop
Apr 21 11:42:51 localhost sshd-keygen: Generating SSH2 RSA host key: [  OK  ]
Apr 21 11:42:51 localhost dbus[1482]: [system] Successfully activated service 'org.freedesktop.PolicyKit1'
Apr 21 11:42:51 localhost systemd: Started Authorization Manager.
Apr 21 11:42:51 localhost systemd: Starting firewalld - dynamic firewall daemon...
Apr 21 11:42:51 localhost accounts-daemon[1470]: started daemon version 0.6.50
Apr 21 11:42:51 localhost systemd: Started Accounts Service.
Apr 21 11:42:51 localhost systemd: Started Install ABRT coredump hook.
Apr 21 11:42:51 localhost sshd-keygen: Generating SSH2 ECDSA host key: [  OK  ]
Apr 21 11:42:51 localhost systemd: Started Disk Manager.
Apr 21 11:42:51 localhost journal: Acquired the name org.freedesktop.UDisks2 on the system message bus
Apr 21 11:42:51 localhost sshd-keygen: Generating SSH2 ED25519 host key: [  OK  ]
Apr 21 11:42:51 localhost systemd: Started OpenSSH Server Key Generation.
Apr 21 11:42:51 localhost systemd: Started VDO volume services.
Apr 21 11:42:51 localhost systemd: Started firewalld - dynamic firewall daemon.
Apr 21 11:42:51 localhost systemd: Reached target Network (Pre).
Apr 21 11:42:51 localhost systemd: Starting Network Manager...
Apr 21 11:42:51 localhost kernel: ip6_tables: (C) 2000-2006 Netfilter Core Team
Apr 21 11:42:51 localhost NetworkManager[1603]: <info>  [1618998171.7226] NetworkManager (version 1.18.0-5.el7) is starting... (for the first time)
Apr 21 11:42:51 localhost NetworkManager[1603]: <info>  [1618998171.7231] Read config: /etc/NetworkManager/NetworkManager.conf (lib: 10-slaves-order.conf)
Apr 21 11:42:51 localhost NetworkManager[1603]: <info>  [1618998171.7360] bus-manager: acquired D-Bus service "org.freedesktop.NetworkManager"
Apr 21 11:42:51 localhost systemd: Started Network Manager.
Apr 21 11:42:51 localhost systemd: Starting Network Manager Wait Online...
Apr 21 11:42:51 localhost NetworkManager[1603]: <info>  [1618998171.7407] manager[0x55c9be5820c0]: monitoring kernel firmware directory '/lib/firmware'.
Apr 21 11:42:51 localhost dbus[1482]: [system] Activating via systemd: service name='org.freedesktop.hostname1' unit='dbus-org.freedesktop.hostname1.service'
Apr 21 11:42:51 localhost systemd: Starting Hostname Service...
Apr 21 11:42:51 localhost kernel: Ebtables v2.0 registered
Apr 21 11:42:51 localhost kernel: Netfilter messages via NETLINK v0.30.
Apr 21 11:42:51 localhost kernel: ip_set: protocol 7
Apr 21 11:42:51 localhost dbus[1482]: [system] Successfully activated service 'org.freedesktop.hostname1'
Apr 21 11:42:51 localhost systemd: Started Hostname Service.
Apr 21 11:42:51 localhost NetworkManager[1603]: <info>  [1618998171.7756] hostname: hostname: using hostnamed
Apr 21 11:42:51 localhost NetworkManager[1603]: <info>  [1618998171.7758] hostname: hostname changed from (none) to "localhost.localdomain"
Apr 21 11:42:51 localhost NetworkManager[1603]: <info>  [1618998171.7783] dns-mgr[0x55c9be56e220]: init: dns=default,systemd-resolved rc-manager=file
Apr 21 11:42:51 localhost dbus[1482]: [system] Activating via systemd: service name='org.freedesktop.nm_dispatcher' unit='dbus-org.freedesktop.nm-dispatcher.service'
Apr 21 11:42:51 localhost systemd: Starting Network Manager Script Dispatcher Service...
Apr 21 11:42:51 localhost dbus[1482]: [system] Successfully activated service 'org.freedesktop.nm_dispatcher'
Apr 21 11:42:51 localhost systemd: Started Network Manager Script Dispatcher Service.
Apr 21 11:42:51 localhost NetworkManager[1603]: <info>  [1618998171.7959] settings: Loaded settings plugin: SettingsPluginIfcfg ("/usr/lib64/NetworkManager/1.18.0-5.el7/libnm-settings-plugin-ifcfg-rh.so")
Apr 21 11:42:51 localhost NetworkManager[1603]: <info>  [1618998171.7969] settings: Loaded settings plugin: NMSIbftPlugin ("/usr/lib64/NetworkManager/1.18.0-5.el7/libnm-settings-plugin-ibft.so")
Apr 21 11:42:51 localhost NetworkManager[1603]: <info>  [1618998171.7973] settings: Loaded settings plugin: NMSKeyfilePlugin (internal)
Apr 21 11:42:51 localhost NetworkManager[1603]: <info>  [1618998171.8065] ifcfg-rh: new connection /etc/sysconfig/network-scripts/ifcfg-eno3 (5d69cd7f-d59f-4f83-b08f-ad05828a580b,"eno3")
Apr 21 11:42:51 localhost NetworkManager[1603]: <info>  [1618998171.8071] ifcfg-rh: new connection /etc/sysconfig/network-scripts/ifcfg-eno4 (0e19a6cd-14fc-463a-9327-928b2892a0f4,"eno4")
Apr 21 11:42:51 localhost NetworkManager[1603]: <info>  [1618998171.8179] manager: rfkill: Wi-Fi enabled by radio killswitch; enabled by state file
Apr 21 11:42:51 localhost NetworkManager[1603]: <info>  [1618998171.8182] manager: rfkill: WWAN enabled by radio killswitch; enabled by state file
Apr 21 11:42:51 localhost NetworkManager[1603]: <info>  [1618998171.8182] manager: Networking is enabled by state file
Apr 21 11:42:51 localhost NetworkManager[1603]: <info>  [1618998171.8191] dhcp-init: Using DHCP client 'dhclient'
Apr 21 11:42:51 localhost nm-dispatcher: req:1 'hostname': new request (4 scripts)
Apr 21 11:42:51 localhost nm-dispatcher: req:1 'hostname': start running ordered scripts...
Apr 21 11:42:51 localhost NetworkManager[1603]: <info>  [1618998171.8245] Loaded device plugin: NMAtmManager (/usr/lib64/NetworkManager/1.18.0-5.el7/libnm-device-plugin-adsl.so)
Apr 21 11:42:51 localhost NetworkManager[1603]: <info>  [1618998171.8277] Loaded device plugin: NMTeamFactory (/usr/lib64/NetworkManager/1.18.0-5.el7/libnm-device-plugin-team.so)
Apr 21 11:42:51 localhost NetworkManager[1603]: <info>  [1618998171.8295] Loaded device plugin: NMWifiFactory (/usr/lib64/NetworkManager/1.18.0-5.el7/libnm-device-plugin-wifi.so)
Apr 21 11:42:51 localhost NetworkManager[1603]: <info>  [1618998171.8358] device (lo): carrier: link connected
Apr 21 11:42:51 localhost NetworkManager[1603]: <info>  [1618998171.8366] manager: (lo): new Generic device (/org/freedesktop/NetworkManager/Devices/1)
Apr 21 11:42:51 localhost NetworkManager[1603]: <info>  [1618998171.8382] manager: (eno3): new Ethernet device (/org/freedesktop/NetworkManager/Devices/2)
Apr 21 11:42:51 localhost NetworkManager[1603]: <info>  [1618998171.8426] device (eno3): state change: unmanaged -> unavailable (reason 'managed', sys-iface-state: 'external')
Apr 21 11:42:51 localhost kernel: IPv6: ADDRCONF(NETDEV_UP): eno3: link is not ready
Apr 21 11:42:51 localhost kernel: IPv6: ADDRCONF(NETDEV_UP): eno3: link is not ready
Apr 21 11:42:51 localhost kernel: nf_conntrack version 0.5.0 (65536 buckets, 262144 max)
Apr 21 11:42:51 localhost nm-dispatcher: req:2 'connectivity-change': new request (4 scripts)
Apr 21 11:42:51 localhost nm-dispatcher: req:2 'connectivity-change': start running ordered scripts...
Apr 21 11:42:51 localhost NetworkManager[1603]: <info>  [1618998171.9657] manager: (eno4): new Ethernet device (/org/freedesktop/NetworkManager/Devices/3)
Apr 21 11:42:51 localhost NetworkManager[1603]: <info>  [1618998171.9662] device (eno4): state change: unmanaged -> unavailable (reason 'managed', sys-iface-state: 'external')
Apr 21 11:42:51 localhost kernel: IPv6: ADDRCONF(NETDEV_UP): eno4: link is not ready
Apr 21 11:42:52 localhost kernel: IPv6: ADDRCONF(NETDEV_UP): eno4: link is not ready
Apr 21 11:42:52 localhost rngd: Enabling JITTER rng support
Apr 21 11:42:52 localhost rngd: Initalizing entropy source JITTER Entropy generator
Apr 21 11:42:53 localhost initial-setup: Running Metacity with custom overrides
Apr 21 11:42:53 localhost initial-setup: Running (/usr/libexec/initial-setup/initial-setup-graphical)
Apr 21 11:42:53 localhost kernel: tg3 0000:03:00.1 eno4: Link is up at 100 Mbps, full duplex
Apr 21 11:42:53 localhost kernel: tg3 0000:03:00.1 eno4: Flow control is off for TX and off for RX
Apr 21 11:42:53 localhost kernel: tg3 0000:03:00.1 eno4: EEE is disabled
Apr 21 11:42:53 localhost kernel: IPv6: ADDRCONF(NETDEV_CHANGE): eno4: link becomes ready
Apr 21 11:42:53 localhost NetworkManager[1603]: <info>  [1618998173.6806] device (eno4): carrier: link connected
Apr 21 11:42:53 localhost NetworkManager[1603]: <info>  [1618998173.6812] device (eno4): state change: unavailable -> disconnected (reason 'carrier-changed', sys-iface-state: 'managed')
Apr 21 11:42:53 localhost ModemManager[1468]: <info>  Couldn't check support for device at '/sys/devices/pci0000:00/0000:00:1c.1/0000:03:00.0': not supported by any plugin
Apr 21 11:42:53 localhost ModemManager[1468]: <info>  Couldn't check support for device at '/sys/devices/pci0000:00/0000:00:1c.1/0000:03:00.1': not supported by any plugin
Apr 21 11:42:54 localhost initial-setup: Initial Setup 0.3.9.44
Apr 21 11:42:54 localhost initial-setup: found 3 addon modules:
Apr 21 11:42:54 localhost initial-setup: parsing input kickstart /root/anaconda-ks.cfg
Apr 21 11:42:54 localhost initial-setup: kickstart parsing done
